[0.011s] Invoking command in '/home/samuel/Learning_ROS/final_project_ros2_ws/build/turtlesim_project_interfaces': CMAKE_PREFIX_PATH=${CMAKE_PREFIX_PATH}:/home/samuel/Learning_ROS/final_project_ros2_ws/install/turtle_sim_catch_them_all:/home/samuel/Learning_ROS/ros_ws1/install/my_py_pkg:/opt/ros/humble /usr/bin/cmake /home/samuel/Learning_ROS/final_project_ros2_ws/src/turtlesim_project_interfaces -DCMAKE_INSTALL_PREFIX=/home/samuel/Learning_ROS/final_project_ros2_ws/install/turtlesim_project_interfaces
[0.023s] -- Found ament_cmake: 1.3.10 (/opt/ros/humble/share/ament_cmake/cmake)
[0.129s] -- Found rosidl_default_generators: 1.2.0 (/opt/ros/humble/share/rosidl_default_generators/cmake)
[0.132s] -- Using all available rosidl_typesupport_c: rosidl_typesupport_fastrtps_c;rosidl_typesupport_introspection_c
[0.137s] -- Found rosidl_adapter: 3.1.5 (/opt/ros/humble/share/rosidl_adapter/cmake)
[0.177s] -- Using all available rosidl_typesupport_cpp: rosidl_typesupport_fastrtps_cpp;rosidl_typesupport_introspection_cpp
[0.409s] -- Found ament_cmake_ros: 0.10.0 (/opt/ros/humble/share/ament_cmake_ros/cmake)
[0.595s] -- Using all available rosidl_typesupport_c: rosidl_typesupport_fastrtps_c;rosidl_typesupport_introspection_c
[0.817s] -- Using all available rosidl_typesupport_cpp: rosidl_typesupport_fastrtps_cpp;rosidl_typesupport_introspection_cpp
[0.842s] -- Found PythonInterp: /usr/bin/python3 (found suitable version "3.10.12", minimum required is "3.6") 
[0.845s] -- Found python_cmake_module: 0.10.0 (/opt/ros/humble/share/python_cmake_module/cmake)
[0.877s] -- Found PythonLibs: /usr/lib/x86_64-linux-gnu/libpython3.10.so (found suitable version "3.10.12", minimum required is "3.5") 
[0.877s] -- Using PYTHON_EXECUTABLE: /usr/bin/python3
[0.877s] -- Using PYTHON_INCLUDE_DIRS: /usr/include/python3.10
[0.877s] -- Using PYTHON_LIBRARIES: /usr/lib/x86_64-linux-gnu/libpython3.10.so
[0.898s] -- Found PythonExtra: .so  
[0.948s] -- Configuring done
[0.975s] -- Generating done
[0.978s] -- Build files have been written to: /home/samuel/Learning_ROS/final_project_ros2_ws/build/turtlesim_project_interfaces
[0.983s] Invoked command in '/home/samuel/Learning_ROS/final_project_ros2_ws/build/turtlesim_project_interfaces' returned '0': CMAKE_PREFIX_PATH=${CMAKE_PREFIX_PATH}:/home/samuel/Learning_ROS/final_project_ros2_ws/install/turtle_sim_catch_them_all:/home/samuel/Learning_ROS/ros_ws1/install/my_py_pkg:/opt/ros/humble /usr/bin/cmake /home/samuel/Learning_ROS/final_project_ros2_ws/src/turtlesim_project_interfaces -DCMAKE_INSTALL_PREFIX=/home/samuel/Learning_ROS/final_project_ros2_ws/install/turtlesim_project_interfaces
[0.986s] Invoking command in '/home/samuel/Learning_ROS/final_project_ros2_ws/build/turtlesim_project_interfaces': CMAKE_PREFIX_PATH=${CMAKE_PREFIX_PATH}:/home/samuel/Learning_ROS/final_project_ros2_ws/install/turtle_sim_catch_them_all:/home/samuel/Learning_ROS/ros_ws1/install/my_py_pkg:/opt/ros/humble /usr/bin/cmake --build /home/samuel/Learning_ROS/final_project_ros2_ws/build/turtlesim_project_interfaces -- -j12 -l12
[1.023s] [  2%] [34m[1mGenerating C code for ROS interfaces[0m
[1.031s] [  5%] [34m[1mGenerating C++ code for ROS interfaces[0m
[1.038s] [  5%] Built target ament_cmake_python_copy_turtlesim_project_interfaces
[1.243s] running egg_info
[1.243s] creating turtlesim_project_interfaces.egg-info
[1.244s] writing turtlesim_project_interfaces.egg-info/PKG-INFO
[1.245s] writing dependency_links to turtlesim_project_interfaces.egg-info/dependency_links.txt
[1.245s] writing top-level names to turtlesim_project_interfaces.egg-info/top_level.txt
[1.245s] writing manifest file 'turtlesim_project_interfaces.egg-info/SOURCES.txt'
[1.247s] reading manifest file 'turtlesim_project_interfaces.egg-info/SOURCES.txt'
[1.247s] [  5%] Built target turtlesim_project_interfaces__cpp
[1.247s] writing manifest file 'turtlesim_project_interfaces.egg-info/SOURCES.txt'
[1.258s] [ 10%] [34m[1mGenerating C++ type support for eProsima Fast-RTPS[0m
[1.258s] [ 10%] [34m[1mGenerating C++ introspection for ROS interfaces[0m
[1.258s] [ 12%] [34m[1mGenerating C++ type support dispatch for ROS interfaces[0m
[1.267s] [ 17%] [32mBuilding C object CMakeFiles/turtlesim_project_interfaces__rosidl_generator_c.dir/rosidl_generator_c/turtlesim_project_interfaces/msg/detail/turtle_array__functions.c.o[0m
[1.268s] [ 17%] [32mBuilding C object CMakeFiles/turtlesim_project_interfaces__rosidl_generator_c.dir/rosidl_generator_c/turtlesim_project_interfaces/msg/detail/turtle__functions.c.o[0m
[1.270s] [ 17%] Built target ament_cmake_python_build_turtlesim_project_interfaces_egg
[1.324s] [ 20%] [32m[1mLinking C shared library libturtlesim_project_interfaces__rosidl_generator_c.so[0m
[1.356s] [ 20%] Built target turtlesim_project_interfaces__rosidl_generator_c
[1.365s] [ 25%] [34m[1mGenerating C type support dispatch for ROS interfaces[0m
[1.365s] [ 25%] [34m[1mGenerating C type support for eProsima Fast-RTPS[0m
[1.367s] [ 28%] [34m[1mGenerating C introspection for ROS interfaces[0m
[1.452s] [ 30%] [32mBuilding CXX object CMakeFiles/turtlesim_project_interfaces__rosidl_typesupport_cpp.dir/rosidl_typesupport_cpp/turtlesim_project_interfaces/msg/turtle__type_support.cpp.o[0m
[1.453s] [ 33%] [32mBuilding CXX object CMakeFiles/turtlesim_project_interfaces__rosidl_typesupport_cpp.dir/rosidl_typesupport_cpp/turtlesim_project_interfaces/msg/turtle_array__type_support.cpp.o[0m
[1.466s] [ 35%] [32mBuilding CXX object CMakeFiles/turtlesim_project_interfaces__rosidl_typesupport_introspection_cpp.dir/rosidl_typesupport_introspection_cpp/turtlesim_project_interfaces/msg/detail/turtle_array__type_support.cpp.o[0m
[1.466s] [ 38%] [32mBuilding CXX object CMakeFiles/turtlesim_project_interfaces__rosidl_typesupport_introspection_cpp.dir/rosidl_typesupport_introspection_cpp/turtlesim_project_interfaces/msg/detail/turtle__type_support.cpp.o[0m
[1.483s] [ 41%] [32mBuilding CXX object CMakeFiles/turtlesim_project_interfaces__rosidl_typesupport_fastrtps_cpp.dir/rosidl_typesupport_fastrtps_cpp/turtlesim_project_interfaces/msg/detail/dds_fastrtps/turtle_array__type_support.cpp.o[0m
[1.483s] [ 43%] [32mBuilding CXX object CMakeFiles/turtlesim_project_interfaces__rosidl_typesupport_fastrtps_cpp.dir/rosidl_typesupport_fastrtps_cpp/turtlesim_project_interfaces/msg/detail/dds_fastrtps/turtle__type_support.cpp.o[0m
[1.597s] [ 46%] [32mBuilding CXX object CMakeFiles/turtlesim_project_interfaces__rosidl_typesupport_c.dir/rosidl_typesupport_c/turtlesim_project_interfaces/msg/turtle__type_support.cpp.o[0m
[1.597s] [ 48%] [32mBuilding CXX object CMakeFiles/turtlesim_project_interfaces__rosidl_typesupport_c.dir/rosidl_typesupport_c/turtlesim_project_interfaces/msg/turtle_array__type_support.cpp.o[0m
[1.639s] [ 53%] [32mBuilding C object CMakeFiles/turtlesim_project_interfaces__rosidl_typesupport_introspection_c.dir/rosidl_typesupport_introspection_c/turtlesim_project_interfaces/msg/detail/turtle__type_support.c.o[0m
[1.639s] [ 53%] [32mBuilding C object CMakeFiles/turtlesim_project_interfaces__rosidl_typesupport_introspection_c.dir/rosidl_typesupport_introspection_c/turtlesim_project_interfaces/msg/detail/turtle_array__type_support.c.o[0m
[1.639s] [ 56%] [32m[1mLinking CXX shared library libturtlesim_project_interfaces__rosidl_typesupport_c.so[0m
[1.652s] [ 61%] [32mBuilding CXX object CMakeFiles/turtlesim_project_interfaces__rosidl_typesupport_fastrtps_c.dir/rosidl_typesupport_fastrtps_c/turtlesim_project_interfaces/msg/detail/turtle__type_support_c.cpp.o[0m
[1.653s] [ 61%] [32mBuilding CXX object CMakeFiles/turtlesim_project_interfaces__rosidl_typesupport_fastrtps_c.dir/rosidl_typesupport_fastrtps_c/turtlesim_project_interfaces/msg/detail/turtle_array__type_support_c.cpp.o[0m
[1.681s] [ 64%] [32m[1mLinking C shared library libturtlesim_project_interfaces__rosidl_typesupport_introspection_c.so[0m
[1.692s] [ 64%] Built target turtlesim_project_interfaces__rosidl_typesupport_c
[1.720s] [ 64%] Built target turtlesim_project_interfaces__rosidl_typesupport_introspection_c
[1.727s] [ 66%] [32m[1mLinking CXX shared library libturtlesim_project_interfaces__rosidl_typesupport_cpp.so[0m
[1.767s] [ 66%] Built target turtlesim_project_interfaces__rosidl_typesupport_cpp
[1.824s] [ 69%] [32m[1mLinking CXX shared library libturtlesim_project_interfaces__rosidl_typesupport_introspection_cpp.so[0m
[1.857s] [ 71%] [32m[1mLinking CXX shared library libturtlesim_project_interfaces__rosidl_typesupport_fastrtps_cpp.so[0m
[1.878s] [ 71%] Built target turtlesim_project_interfaces__rosidl_typesupport_introspection_cpp
[1.921s] [ 71%] Built target turtlesim_project_interfaces__rosidl_typesupport_fastrtps_cpp
[1.943s] [ 74%] [32m[1mLinking CXX shared library libturtlesim_project_interfaces__rosidl_typesupport_fastrtps_c.so[0m
[2.004s] [ 74%] Built target turtlesim_project_interfaces__rosidl_typesupport_fastrtps_c
[2.021s] [ 74%] Built target turtlesim_project_interfaces
[2.040s] [ 76%] [34m[1mGenerating Python code for ROS interfaces[0m
[2.324s] [ 76%] Built target turtlesim_project_interfaces__py
[2.342s] [ 79%] [32mBuilding C object CMakeFiles/turtlesim_project_interfaces__rosidl_generator_py.dir/rosidl_generator_py/turtlesim_project_interfaces/msg/_turtle_s.c.o[0m
[2.342s] [ 82%] [32mBuilding C object CMakeFiles/turtlesim_project_interfaces__rosidl_generator_py.dir/rosidl_generator_py/turtlesim_project_interfaces/msg/_turtle_array_s.c.o[0m
[2.452s] [ 84%] [32m[1mLinking C shared library rosidl_generator_py/turtlesim_project_interfaces/libturtlesim_project_interfaces__rosidl_generator_py.so[0m
[2.489s] [ 84%] Built target turtlesim_project_interfaces__rosidl_generator_py
[2.507s] [ 87%] [32mBuilding C object CMakeFiles/turtlesim_project_interfaces__rosidl_typesupport_fastrtps_c__pyext.dir/rosidl_generator_py/turtlesim_project_interfaces/_turtlesim_project_interfaces_s.ep.rosidl_typesupport_fastrtps_c.c.o[0m
[2.508s] [ 89%] [32mBuilding C object CMakeFiles/turtlesim_project_interfaces__rosidl_typesupport_c__pyext.dir/rosidl_generator_py/turtlesim_project_interfaces/_turtlesim_project_interfaces_s.ep.rosidl_typesupport_c.c.o[0m
[2.508s] [ 92%] [32mBuilding C object CMakeFiles/turtlesim_project_interfaces__rosidl_typesupport_introspection_c__pyext.dir/rosidl_generator_py/turtlesim_project_interfaces/_turtlesim_project_interfaces_s.ep.rosidl_typesupport_introspection_c.c.o[0m
[2.587s] [ 97%] [32m[1mLinking C shared library rosidl_generator_py/turtlesim_project_interfaces/turtlesim_project_interfaces_s__rosidl_typesupport_introspection_c.cpython-310-x86_64-linux-gnu.so[0m
[2.587s] [ 97%] [32m[1mLinking C shared library rosidl_generator_py/turtlesim_project_interfaces/turtlesim_project_interfaces_s__rosidl_typesupport_c.cpython-310-x86_64-linux-gnu.so[0m
[2.591s] [100%] [32m[1mLinking C shared library rosidl_generator_py/turtlesim_project_interfaces/turtlesim_project_interfaces_s__rosidl_typesupport_fastrtps_c.cpython-310-x86_64-linux-gnu.so[0m
[2.617s] [100%] Built target turtlesim_project_interfaces__rosidl_typesupport_c__pyext
[2.617s] [100%] Built target turtlesim_project_interfaces__rosidl_typesupport_introspection_c__pyext
[2.621s] [100%] Built target turtlesim_project_interfaces__rosidl_typesupport_fastrtps_c__pyext
[2.633s] Invoked command in '/home/samuel/Learning_ROS/final_project_ros2_ws/build/turtlesim_project_interfaces' returned '0': CMAKE_PREFIX_PATH=${CMAKE_PREFIX_PATH}:/home/samuel/Learning_ROS/final_project_ros2_ws/install/turtle_sim_catch_them_all:/home/samuel/Learning_ROS/ros_ws1/install/my_py_pkg:/opt/ros/humble /usr/bin/cmake --build /home/samuel/Learning_ROS/final_project_ros2_ws/build/turtlesim_project_interfaces -- -j12 -l12
[2.716s] Invoking command in '/home/samuel/Learning_ROS/final_project_ros2_ws/build/turtlesim_project_interfaces': CMAKE_PREFIX_PATH=${CMAKE_PREFIX_PATH}:/home/samuel/Learning_ROS/final_project_ros2_ws/install/turtle_sim_catch_them_all:/home/samuel/Learning_ROS/ros_ws1/install/my_py_pkg:/opt/ros/humble /usr/bin/cmake --install /home/samuel/Learning_ROS/final_project_ros2_ws/build/turtlesim_project_interfaces
[2.726s] -- Install configuration: ""
[2.726s] -- Installing: /home/samuel/Learning_ROS/final_project_ros2_ws/install/turtlesim_project_interfaces/share/ament_index/resource_index/rosidl_interfaces/turtlesim_project_interfaces
[2.726s] -- Installing: /home/samuel/Learning_ROS/final_project_ros2_ws/install/turtlesim_project_interfaces/include/turtlesim_project_interfaces/turtlesim_project_interfaces
[2.726s] -- Installing: /home/samuel/Learning_ROS/final_project_ros2_ws/install/turtlesim_project_interfaces/include/turtlesim_project_interfaces/turtlesim_project_interfaces/msg
[2.726s] -- Installing: /home/samuel/Learning_ROS/final_project_ros2_ws/install/turtlesim_project_interfaces/include/turtlesim_project_interfaces/turtlesim_project_interfaces/msg/rosidl_generator_c__visibility_control.h
[2.727s] -- Installing: /home/samuel/Learning_ROS/final_project_ros2_ws/install/turtlesim_project_interfaces/include/turtlesim_project_interfaces/turtlesim_project_interfaces/msg/detail
[2.727s] -- Installing: /home/samuel/Learning_ROS/final_project_ros2_ws/install/turtlesim_project_interfaces/include/turtlesim_project_interfaces/turtlesim_project_interfaces/msg/detail/turtle_array__functions.h
[2.727s] -- Installing: /home/samuel/Learning_ROS/final_project_ros2_ws/install/turtlesim_project_interfaces/include/turtlesim_project_interfaces/turtlesim_project_interfaces/msg/detail/turtle__functions.h
[2.727s] -- Installing: /home/samuel/Learning_ROS/final_project_ros2_ws/install/turtlesim_project_interfaces/include/turtlesim_project_interfaces/turtlesim_project_interfaces/msg/detail/turtle_array__struct.h
[2.727s] -- Installing: /home/samuel/Learning_ROS/final_project_ros2_ws/install/turtlesim_project_interfaces/include/turtlesim_project_interfaces/turtlesim_project_interfaces/msg/detail/turtle__type_support.h
[2.727s] -- Installing: /home/samuel/Learning_ROS/final_project_ros2_ws/install/turtlesim_project_interfaces/include/turtlesim_project_interfaces/turtlesim_project_interfaces/msg/detail/turtle__struct.h
[2.727s] -- Installing: /home/samuel/Learning_ROS/final_project_ros2_ws/install/turtlesim_project_interfaces/include/turtlesim_project_interfaces/turtlesim_project_interfaces/msg/detail/turtle_array__type_support.h
[2.727s] -- Installing: /home/samuel/Learning_ROS/final_project_ros2_ws/install/turtlesim_project_interfaces/include/turtlesim_project_interfaces/turtlesim_project_interfaces/msg/detail/turtle__functions.c
[2.728s] -- Installing: /home/samuel/Learning_ROS/final_project_ros2_ws/install/turtlesim_project_interfaces/include/turtlesim_project_interfaces/turtlesim_project_interfaces/msg/detail/turtle_array__functions.c
[2.728s] -- Installing: /home/samuel/Learning_ROS/final_project_ros2_ws/install/turtlesim_project_interfaces/include/turtlesim_project_interfaces/turtlesim_project_interfaces/msg/turtle.h
[2.728s] -- Installing: /home/samuel/Learning_ROS/final_project_ros2_ws/install/turtlesim_project_interfaces/include/turtlesim_project_interfaces/turtlesim_project_interfaces/msg/turtle_array.h
[2.728s] -- Installing: /home/samuel/Learning_ROS/final_project_ros2_ws/install/turtlesim_project_interfaces/share/turtlesim_project_interfaces/environment/library_path.sh
[2.728s] -- Installing: /home/samuel/Learning_ROS/final_project_ros2_ws/install/turtlesim_project_interfaces/share/turtlesim_project_interfaces/environment/library_path.dsv
[2.728s] -- Installing: /home/samuel/Learning_ROS/final_project_ros2_ws/install/turtlesim_project_interfaces/lib/libturtlesim_project_interfaces__rosidl_generator_c.so
[2.729s] -- Set runtime path of "/home/samuel/Learning_ROS/final_project_ros2_ws/install/turtlesim_project_interfaces/lib/libturtlesim_project_interfaces__rosidl_generator_c.so" to ""
[2.729s] -- Up-to-date: /home/samuel/Learning_ROS/final_project_ros2_ws/install/turtlesim_project_interfaces/include/turtlesim_project_interfaces/turtlesim_project_interfaces
[2.729s] -- Up-to-date: /home/samuel/Learning_ROS/final_project_ros2_ws/install/turtlesim_project_interfaces/include/turtlesim_project_interfaces/turtlesim_project_interfaces/msg
[2.729s] -- Up-to-date: /home/samuel/Learning_ROS/final_project_ros2_ws/install/turtlesim_project_interfaces/include/turtlesim_project_interfaces/turtlesim_project_interfaces/msg/detail
[2.729s] -- Installing: /home/samuel/Learning_ROS/final_project_ros2_ws/install/turtlesim_project_interfaces/include/turtlesim_project_interfaces/turtlesim_project_interfaces/msg/detail/turtle_array__rosidl_typesupport_fastrtps_c.h
[2.730s] -- Installing: /home/samuel/Learning_ROS/final_project_ros2_ws/install/turtlesim_project_interfaces/include/turtlesim_project_interfaces/turtlesim_project_interfaces/msg/detail/turtle__rosidl_typesupport_fastrtps_c.h
[2.730s] -- Installing: /home/samuel/Learning_ROS/final_project_ros2_ws/install/turtlesim_project_interfaces/include/turtlesim_project_interfaces/turtlesim_project_interfaces/msg/rosidl_typesupport_fastrtps_c__visibility_control.h
[2.730s] -- Installing: /home/samuel/Learning_ROS/final_project_ros2_ws/install/turtlesim_project_interfaces/lib/libturtlesim_project_interfaces__rosidl_typesupport_fastrtps_c.so
[2.730s] -- Set runtime path of "/home/samuel/Learning_ROS/final_project_ros2_ws/install/turtlesim_project_interfaces/lib/libturtlesim_project_interfaces__rosidl_typesupport_fastrtps_c.so" to ""
[2.730s] -- Up-to-date: /home/samuel/Learning_ROS/final_project_ros2_ws/install/turtlesim_project_interfaces/include/turtlesim_project_interfaces/turtlesim_project_interfaces
[2.730s] -- Up-to-date: /home/samuel/Learning_ROS/final_project_ros2_ws/install/turtlesim_project_interfaces/include/turtlesim_project_interfaces/turtlesim_project_interfaces/msg
[2.730s] -- Up-to-date: /home/samuel/Learning_ROS/final_project_ros2_ws/install/turtlesim_project_interfaces/include/turtlesim_project_interfaces/turtlesim_project_interfaces/msg/detail
[2.730s] -- Installing: /home/samuel/Learning_ROS/final_project_ros2_ws/install/turtlesim_project_interfaces/include/turtlesim_project_interfaces/turtlesim_project_interfaces/msg/detail/turtle__type_support.c
[2.731s] -- Installing: /home/samuel/Learning_ROS/final_project_ros2_ws/install/turtlesim_project_interfaces/include/turtlesim_project_interfaces/turtlesim_project_interfaces/msg/detail/turtle_array__type_support.c
[2.731s] -- Installing: /home/samuel/Learning_ROS/final_project_ros2_ws/install/turtlesim_project_interfaces/include/turtlesim_project_interfaces/turtlesim_project_interfaces/msg/detail/turtle__rosidl_typesupport_introspection_c.h
[2.731s] -- Installing: /home/samuel/Learning_ROS/final_project_ros2_ws/install/turtlesim_project_interfaces/include/turtlesim_project_interfaces/turtlesim_project_interfaces/msg/detail/turtle_array__rosidl_typesupport_introspection_c.h
[2.731s] -- Installing: /home/samuel/Learning_ROS/final_project_ros2_ws/install/turtlesim_project_interfaces/include/turtlesim_project_interfaces/turtlesim_project_interfaces/msg/rosidl_typesupport_introspection_c__visibility_control.h
[2.731s] -- Installing: /home/samuel/Learning_ROS/final_project_ros2_ws/install/turtlesim_project_interfaces/lib/libturtlesim_project_interfaces__rosidl_typesupport_introspection_c.so
[2.731s] -- Set runtime path of "/home/samuel/Learning_ROS/final_project_ros2_ws/install/turtlesim_project_interfaces/lib/libturtlesim_project_interfaces__rosidl_typesupport_introspection_c.so" to ""
[2.731s] -- Installing: /home/samuel/Learning_ROS/final_project_ros2_ws/install/turtlesim_project_interfaces/lib/libturtlesim_project_interfaces__rosidl_typesupport_c.so
[2.732s] -- Set runtime path of "/home/samuel/Learning_ROS/final_project_ros2_ws/install/turtlesim_project_interfaces/lib/libturtlesim_project_interfaces__rosidl_typesupport_c.so" to ""
[2.732s] -- Up-to-date: /home/samuel/Learning_ROS/final_project_ros2_ws/install/turtlesim_project_interfaces/include/turtlesim_project_interfaces/turtlesim_project_interfaces
[2.732s] -- Up-to-date: /home/samuel/Learning_ROS/final_project_ros2_ws/install/turtlesim_project_interfaces/include/turtlesim_project_interfaces/turtlesim_project_interfaces/msg
[2.732s] -- Up-to-date: /home/samuel/Learning_ROS/final_project_ros2_ws/install/turtlesim_project_interfaces/include/turtlesim_project_interfaces/turtlesim_project_interfaces/msg/detail
[2.732s] -- Installing: /home/samuel/Learning_ROS/final_project_ros2_ws/install/turtlesim_project_interfaces/include/turtlesim_project_interfaces/turtlesim_project_interfaces/msg/detail/turtle__struct.hpp
[2.732s] -- Installing: /home/samuel/Learning_ROS/final_project_ros2_ws/install/turtlesim_project_interfaces/include/turtlesim_project_interfaces/turtlesim_project_interfaces/msg/detail/turtle__builder.hpp
[2.732s] -- Installing: /home/samuel/Learning_ROS/final_project_ros2_ws/install/turtlesim_project_interfaces/include/turtlesim_project_interfaces/turtlesim_project_interfaces/msg/detail/turtle_array__traits.hpp
[2.732s] -- Installing: /home/samuel/Learning_ROS/final_project_ros2_ws/install/turtlesim_project_interfaces/include/turtlesim_project_interfaces/turtlesim_project_interfaces/msg/detail/turtle_array__struct.hpp
[2.732s] -- Installing: /home/samuel/Learning_ROS/final_project_ros2_ws/install/turtlesim_project_interfaces/include/turtlesim_project_interfaces/turtlesim_project_interfaces/msg/detail/turtle_array__builder.hpp
[2.732s] -- Installing: /home/samuel/Learning_ROS/final_project_ros2_ws/install/turtlesim_project_interfaces/include/turtlesim_project_interfaces/turtlesim_project_interfaces/msg/detail/turtle__traits.hpp
[2.732s] -- Installing: /home/samuel/Learning_ROS/final_project_ros2_ws/install/turtlesim_project_interfaces/include/turtlesim_project_interfaces/turtlesim_project_interfaces/msg/turtle.hpp
[2.733s] -- Installing: /home/samuel/Learning_ROS/final_project_ros2_ws/install/turtlesim_project_interfaces/include/turtlesim_project_interfaces/turtlesim_project_interfaces/msg/turtle_array.hpp
[2.733s] -- Up-to-date: /home/samuel/Learning_ROS/final_project_ros2_ws/install/turtlesim_project_interfaces/include/turtlesim_project_interfaces/turtlesim_project_interfaces
[2.733s] -- Up-to-date: /home/samuel/Learning_ROS/final_project_ros2_ws/install/turtlesim_project_interfaces/include/turtlesim_project_interfaces/turtlesim_project_interfaces/msg
[2.733s] -- Up-to-date: /home/samuel/Learning_ROS/final_project_ros2_ws/install/turtlesim_project_interfaces/include/turtlesim_project_interfaces/turtlesim_project_interfaces/msg/detail
[2.733s] -- Installing: /home/samuel/Learning_ROS/final_project_ros2_ws/install/turtlesim_project_interfaces/include/turtlesim_project_interfaces/turtlesim_project_interfaces/msg/detail/turtle__rosidl_typesupport_fastrtps_cpp.hpp
[2.733s] -- Installing: /home/samuel/Learning_ROS/final_project_ros2_ws/install/turtlesim_project_interfaces/include/turtlesim_project_interfaces/turtlesim_project_interfaces/msg/detail/dds_fastrtps
[2.733s] -- Installing: /home/samuel/Learning_ROS/final_project_ros2_ws/install/turtlesim_project_interfaces/include/turtlesim_project_interfaces/turtlesim_project_interfaces/msg/detail/turtle_array__rosidl_typesupport_fastrtps_cpp.hpp
[2.733s] -- Installing: /home/samuel/Learning_ROS/final_project_ros2_ws/install/turtlesim_project_interfaces/include/turtlesim_project_interfaces/turtlesim_project_interfaces/msg/rosidl_typesupport_fastrtps_cpp__visibility_control.h
[2.733s] -- Installing: /home/samuel/Learning_ROS/final_project_ros2_ws/install/turtlesim_project_interfaces/lib/libturtlesim_project_interfaces__rosidl_typesupport_fastrtps_cpp.so
[2.734s] -- Set runtime path of "/home/samuel/Learning_ROS/final_project_ros2_ws/install/turtlesim_project_interfaces/lib/libturtlesim_project_interfaces__rosidl_typesupport_fastrtps_cpp.so" to ""
[2.734s] -- Up-to-date: /home/samuel/Learning_ROS/final_project_ros2_ws/install/turtlesim_project_interfaces/include/turtlesim_project_interfaces/turtlesim_project_interfaces
[2.734s] -- Up-to-date: /home/samuel/Learning_ROS/final_project_ros2_ws/install/turtlesim_project_interfaces/include/turtlesim_project_interfaces/turtlesim_project_interfaces/msg
[2.734s] -- Up-to-date: /home/samuel/Learning_ROS/final_project_ros2_ws/install/turtlesim_project_interfaces/include/turtlesim_project_interfaces/turtlesim_project_interfaces/msg/detail
[2.734s] -- Installing: /home/samuel/Learning_ROS/final_project_ros2_ws/install/turtlesim_project_interfaces/include/turtlesim_project_interfaces/turtlesim_project_interfaces/msg/detail/turtle_array__rosidl_typesupport_introspection_cpp.hpp
[2.734s] -- Installing: /home/samuel/Learning_ROS/final_project_ros2_ws/install/turtlesim_project_interfaces/include/turtlesim_project_interfaces/turtlesim_project_interfaces/msg/detail/turtle_array__type_support.cpp
[2.734s] -- Installing: /home/samuel/Learning_ROS/final_project_ros2_ws/install/turtlesim_project_interfaces/include/turtlesim_project_interfaces/turtlesim_project_interfaces/msg/detail/turtle__rosidl_typesupport_introspection_cpp.hpp
[2.734s] -- Installing: /home/samuel/Learning_ROS/final_project_ros2_ws/install/turtlesim_project_interfaces/include/turtlesim_project_interfaces/turtlesim_project_interfaces/msg/detail/turtle__type_support.cpp
[2.734s] -- Installing: /home/samuel/Learning_ROS/final_project_ros2_ws/install/turtlesim_project_interfaces/lib/libturtlesim_project_interfaces__rosidl_typesupport_introspection_cpp.so
[2.735s] -- Set runtime path of "/home/samuel/Learning_ROS/final_project_ros2_ws/install/turtlesim_project_interfaces/lib/libturtlesim_project_interfaces__rosidl_typesupport_introspection_cpp.so" to ""
[2.735s] -- Installing: /home/samuel/Learning_ROS/final_project_ros2_ws/install/turtlesim_project_interfaces/lib/libturtlesim_project_interfaces__rosidl_typesupport_cpp.so
[2.735s] -- Set runtime path of "/home/samuel/Learning_ROS/final_project_ros2_ws/install/turtlesim_project_interfaces/lib/libturtlesim_project_interfaces__rosidl_typesupport_cpp.so" to ""
[2.735s] -- Installing: /home/samuel/Learning_ROS/final_project_ros2_ws/install/turtlesim_project_interfaces/share/turtlesim_project_interfaces/environment/pythonpath.sh
[2.735s] -- Installing: /home/samuel/Learning_ROS/final_project_ros2_ws/install/turtlesim_project_interfaces/share/turtlesim_project_interfaces/environment/pythonpath.dsv
[2.736s] -- Installing: /home/samuel/Learning_ROS/final_project_ros2_ws/install/turtlesim_project_interfaces/local/lib/python3.10/dist-packages/turtlesim_project_interfaces-0.0.0-py3.10.egg-info
[2.736s] -- Installing: /home/samuel/Learning_ROS/final_project_ros2_ws/install/turtlesim_project_interfaces/local/lib/python3.10/dist-packages/turtlesim_project_interfaces-0.0.0-py3.10.egg-info/dependency_links.txt
[2.736s] -- Installing: /home/samuel/Learning_ROS/final_project_ros2_ws/install/turtlesim_project_interfaces/local/lib/python3.10/dist-packages/turtlesim_project_interfaces-0.0.0-py3.10.egg-info/SOURCES.txt
[2.736s] -- Installing: /home/samuel/Learning_ROS/final_project_ros2_ws/install/turtlesim_project_interfaces/local/lib/python3.10/dist-packages/turtlesim_project_interfaces-0.0.0-py3.10.egg-info/top_level.txt
[2.736s] -- Installing: /home/samuel/Learning_ROS/final_project_ros2_ws/install/turtlesim_project_interfaces/local/lib/python3.10/dist-packages/turtlesim_project_interfaces-0.0.0-py3.10.egg-info/PKG-INFO
[2.736s] -- Installing: /home/samuel/Learning_ROS/final_project_ros2_ws/install/turtlesim_project_interfaces/local/lib/python3.10/dist-packages/turtlesim_project_interfaces
[2.736s] -- Installing: /home/samuel/Learning_ROS/final_project_ros2_ws/install/turtlesim_project_interfaces/local/lib/python3.10/dist-packages/turtlesim_project_interfaces/_turtlesim_project_interfaces_s.ep.rosidl_typesupport_introspection_c.c
[2.737s] -- Installing: /home/samuel/Learning_ROS/final_project_ros2_ws/install/turtlesim_project_interfaces/local/lib/python3.10/dist-packages/turtlesim_project_interfaces/_turtlesim_project_interfaces_s.ep.rosidl_typesupport_fastrtps_c.c
[2.737s] -- Installing: /home/samuel/Learning_ROS/final_project_ros2_ws/install/turtlesim_project_interfaces/local/lib/python3.10/dist-packages/turtlesim_project_interfaces/turtlesim_project_interfaces_s__rosidl_typesupport_introspection_c.cpython-310-x86_64-linux-gnu.so
[2.737s] -- Installing: /home/samuel/Learning_ROS/final_project_ros2_ws/install/turtlesim_project_interfaces/local/lib/python3.10/dist-packages/turtlesim_project_interfaces/_turtlesim_project_interfaces_s.ep.rosidl_typesupport_c.c
[2.737s] -- Installing: /home/samuel/Learning_ROS/final_project_ros2_ws/install/turtlesim_project_interfaces/local/lib/python3.10/dist-packages/turtlesim_project_interfaces/libturtlesim_project_interfaces__rosidl_generator_py.so
[2.737s] -- Installing: /home/samuel/Learning_ROS/final_project_ros2_ws/install/turtlesim_project_interfaces/local/lib/python3.10/dist-packages/turtlesim_project_interfaces/turtlesim_project_interfaces_s__rosidl_typesupport_c.cpython-310-x86_64-linux-gnu.so
[2.737s] -- Installing: /home/samuel/Learning_ROS/final_project_ros2_ws/install/turtlesim_project_interfaces/local/lib/python3.10/dist-packages/turtlesim_project_interfaces/__init__.py
[2.737s] -- Installing: /home/samuel/Learning_ROS/final_project_ros2_ws/install/turtlesim_project_interfaces/local/lib/python3.10/dist-packages/turtlesim_project_interfaces/msg
[2.738s] -- Installing: /home/samuel/Learning_ROS/final_project_ros2_ws/install/turtlesim_project_interfaces/local/lib/python3.10/dist-packages/turtlesim_project_interfaces/msg/_turtle_s.c
[2.738s] -- Installing: /home/samuel/Learning_ROS/final_project_ros2_ws/install/turtlesim_project_interfaces/local/lib/python3.10/dist-packages/turtlesim_project_interfaces/msg/_turtle_array.py
[2.738s] -- Installing: /home/samuel/Learning_ROS/final_project_ros2_ws/install/turtlesim_project_interfaces/local/lib/python3.10/dist-packages/turtlesim_project_interfaces/msg/__init__.py
[2.738s] -- Installing: /home/samuel/Learning_ROS/final_project_ros2_ws/install/turtlesim_project_interfaces/local/lib/python3.10/dist-packages/turtlesim_project_interfaces/msg/_turtle_array_s.c
[2.738s] -- Installing: /home/samuel/Learning_ROS/final_project_ros2_ws/install/turtlesim_project_interfaces/local/lib/python3.10/dist-packages/turtlesim_project_interfaces/msg/_turtle.py
[2.738s] -- Installing: /home/samuel/Learning_ROS/final_project_ros2_ws/install/turtlesim_project_interfaces/local/lib/python3.10/dist-packages/turtlesim_project_interfaces/turtlesim_project_interfaces_s__rosidl_typesupport_fastrtps_c.cpython-310-x86_64-linux-gnu.so
[2.766s] Listing '/home/samuel/Learning_ROS/final_project_ros2_ws/install/turtlesim_project_interfaces/local/lib/python3.10/dist-packages/turtlesim_project_interfaces'...
[2.766s] Compiling '/home/samuel/Learning_ROS/final_project_ros2_ws/install/turtlesim_project_interfaces/local/lib/python3.10/dist-packages/turtlesim_project_interfaces/__init__.py'...
[2.766s] Listing '/home/samuel/Learning_ROS/final_project_ros2_ws/install/turtlesim_project_interfaces/local/lib/python3.10/dist-packages/turtlesim_project_interfaces/msg'...
[2.766s] Compiling '/home/samuel/Learning_ROS/final_project_ros2_ws/install/turtlesim_project_interfaces/local/lib/python3.10/dist-packages/turtlesim_project_interfaces/msg/__init__.py'...
[2.766s] Compiling '/home/samuel/Learning_ROS/final_project_ros2_ws/install/turtlesim_project_interfaces/local/lib/python3.10/dist-packages/turtlesim_project_interfaces/msg/_turtle.py'...
[2.766s] Compiling '/home/samuel/Learning_ROS/final_project_ros2_ws/install/turtlesim_project_interfaces/local/lib/python3.10/dist-packages/turtlesim_project_interfaces/msg/_turtle_array.py'...
[2.769s] -- Installing: /home/samuel/Learning_ROS/final_project_ros2_ws/install/turtlesim_project_interfaces/local/lib/python3.10/dist-packages/turtlesim_project_interfaces/turtlesim_project_interfaces_s__rosidl_typesupport_fastrtps_c.cpython-310-x86_64-linux-gnu.so
[2.770s] -- Set runtime path of "/home/samuel/Learning_ROS/final_project_ros2_ws/install/turtlesim_project_interfaces/local/lib/python3.10/dist-packages/turtlesim_project_interfaces/turtlesim_project_interfaces_s__rosidl_typesupport_fastrtps_c.cpython-310-x86_64-linux-gnu.so" to ""
[2.770s] -- Installing: /home/samuel/Learning_ROS/final_project_ros2_ws/install/turtlesim_project_interfaces/local/lib/python3.10/dist-packages/turtlesim_project_interfaces/turtlesim_project_interfaces_s__rosidl_typesupport_introspection_c.cpython-310-x86_64-linux-gnu.so
[2.770s] -- Set runtime path of "/home/samuel/Learning_ROS/final_project_ros2_ws/install/turtlesim_project_interfaces/local/lib/python3.10/dist-packages/turtlesim_project_interfaces/turtlesim_project_interfaces_s__rosidl_typesupport_introspection_c.cpython-310-x86_64-linux-gnu.so" to ""
[2.770s] -- Installing: /home/samuel/Learning_ROS/final_project_ros2_ws/install/turtlesim_project_interfaces/local/lib/python3.10/dist-packages/turtlesim_project_interfaces/turtlesim_project_interfaces_s__rosidl_typesupport_c.cpython-310-x86_64-linux-gnu.so
[2.771s] -- Set runtime path of "/home/samuel/Learning_ROS/final_project_ros2_ws/install/turtlesim_project_interfaces/local/lib/python3.10/dist-packages/turtlesim_project_interfaces/turtlesim_project_interfaces_s__rosidl_typesupport_c.cpython-310-x86_64-linux-gnu.so" to ""
[2.771s] -- Installing: /home/samuel/Learning_ROS/final_project_ros2_ws/install/turtlesim_project_interfaces/lib/libturtlesim_project_interfaces__rosidl_generator_py.so
[2.771s] -- Set runtime path of "/home/samuel/Learning_ROS/final_project_ros2_ws/install/turtlesim_project_interfaces/lib/libturtlesim_project_interfaces__rosidl_generator_py.so" to ""
[2.771s] -- Installing: /home/samuel/Learning_ROS/final_project_ros2_ws/install/turtlesim_project_interfaces/share/turtlesim_project_interfaces/msg/Turtle.idl
[2.772s] -- Installing: /home/samuel/Learning_ROS/final_project_ros2_ws/install/turtlesim_project_interfaces/share/turtlesim_project_interfaces/msg/TurtleArray.idl
[2.772s] -- Installing: /home/samuel/Learning_ROS/final_project_ros2_ws/install/turtlesim_project_interfaces/share/turtlesim_project_interfaces/msg/Turtle.msg
[2.772s] -- Installing: /home/samuel/Learning_ROS/final_project_ros2_ws/install/turtlesim_project_interfaces/share/turtlesim_project_interfaces/msg/TurtleArray.msg
[2.772s] -- Installing: /home/samuel/Learning_ROS/final_project_ros2_ws/install/turtlesim_project_interfaces/share/ament_index/resource_index/package_run_dependencies/turtlesim_project_interfaces
[2.772s] -- Installing: /home/samuel/Learning_ROS/final_project_ros2_ws/install/turtlesim_project_interfaces/share/ament_index/resource_index/parent_prefix_path/turtlesim_project_interfaces
[2.772s] -- Installing: /home/samuel/Learning_ROS/final_project_ros2_ws/install/turtlesim_project_interfaces/share/turtlesim_project_interfaces/environment/ament_prefix_path.sh
[2.773s] -- Installing: /home/samuel/Learning_ROS/final_project_ros2_ws/install/turtlesim_project_interfaces/share/turtlesim_project_interfaces/environment/ament_prefix_path.dsv
[2.773s] -- Installing: /home/samuel/Learning_ROS/final_project_ros2_ws/install/turtlesim_project_interfaces/share/turtlesim_project_interfaces/environment/path.sh
[2.773s] -- Installing: /home/samuel/Learning_ROS/final_project_ros2_ws/install/turtlesim_project_interfaces/share/turtlesim_project_interfaces/environment/path.dsv
[2.773s] -- Installing: /home/samuel/Learning_ROS/final_project_ros2_ws/install/turtlesim_project_interfaces/share/turtlesim_project_interfaces/local_setup.bash
[2.773s] -- Installing: /home/samuel/Learning_ROS/final_project_ros2_ws/install/turtlesim_project_interfaces/share/turtlesim_project_interfaces/local_setup.sh
[2.773s] -- Installing: /home/samuel/Learning_ROS/final_project_ros2_ws/install/turtlesim_project_interfaces/share/turtlesim_project_interfaces/local_setup.zsh
[2.773s] -- Installing: /home/samuel/Learning_ROS/final_project_ros2_ws/install/turtlesim_project_interfaces/share/turtlesim_project_interfaces/local_setup.dsv
[2.774s] -- Installing: /home/samuel/Learning_ROS/final_project_ros2_ws/install/turtlesim_project_interfaces/share/turtlesim_project_interfaces/package.dsv
[2.774s] -- Installing: /home/samuel/Learning_ROS/final_project_ros2_ws/install/turtlesim_project_interfaces/share/ament_index/resource_index/packages/turtlesim_project_interfaces
[2.774s] -- Installing: /home/samuel/Learning_ROS/final_project_ros2_ws/install/turtlesim_project_interfaces/share/turtlesim_project_interfaces/cmake/export_turtlesim_project_interfaces__rosidl_generator_cExport.cmake
[2.774s] -- Installing: /home/samuel/Learning_ROS/final_project_ros2_ws/install/turtlesim_project_interfaces/share/turtlesim_project_interfaces/cmake/export_turtlesim_project_interfaces__rosidl_generator_cExport-noconfig.cmake
[2.774s] -- Installing: /home/samuel/Learning_ROS/final_project_ros2_ws/install/turtlesim_project_interfaces/share/turtlesim_project_interfaces/cmake/export_turtlesim_project_interfaces__rosidl_typesupport_fastrtps_cExport.cmake
[2.774s] -- Installing: /home/samuel/Learning_ROS/final_project_ros2_ws/install/turtlesim_project_interfaces/share/turtlesim_project_interfaces/cmake/export_turtlesim_project_interfaces__rosidl_typesupport_fastrtps_cExport-noconfig.cmake
[2.775s] -- Installing: /home/samuel/Learning_ROS/final_project_ros2_ws/install/turtlesim_project_interfaces/share/turtlesim_project_interfaces/cmake/turtlesim_project_interfaces__rosidl_typesupport_introspection_cExport.cmake
[2.775s] -- Installing: /home/samuel/Learning_ROS/final_project_ros2_ws/install/turtlesim_project_interfaces/share/turtlesim_project_interfaces/cmake/turtlesim_project_interfaces__rosidl_typesupport_introspection_cExport-noconfig.cmake
[2.775s] -- Installing: /home/samuel/Learning_ROS/final_project_ros2_ws/install/turtlesim_project_interfaces/share/turtlesim_project_interfaces/cmake/turtlesim_project_interfaces__rosidl_typesupport_cExport.cmake
[2.775s] -- Installing: /home/samuel/Learning_ROS/final_project_ros2_ws/install/turtlesim_project_interfaces/share/turtlesim_project_interfaces/cmake/turtlesim_project_interfaces__rosidl_typesupport_cExport-noconfig.cmake
[2.775s] -- Installing: /home/samuel/Learning_ROS/final_project_ros2_ws/install/turtlesim_project_interfaces/share/turtlesim_project_interfaces/cmake/export_turtlesim_project_interfaces__rosidl_generator_cppExport.cmake
[2.775s] -- Installing: /home/samuel/Learning_ROS/final_project_ros2_ws/install/turtlesim_project_interfaces/share/turtlesim_project_interfaces/cmake/export_turtlesim_project_interfaces__rosidl_typesupport_fastrtps_cppExport.cmake
[2.776s] -- Installing: /home/samuel/Learning_ROS/final_project_ros2_ws/install/turtlesim_project_interfaces/share/turtlesim_project_interfaces/cmake/export_turtlesim_project_interfaces__rosidl_typesupport_fastrtps_cppExport-noconfig.cmake
[2.776s] -- Installing: /home/samuel/Learning_ROS/final_project_ros2_ws/install/turtlesim_project_interfaces/share/turtlesim_project_interfaces/cmake/turtlesim_project_interfaces__rosidl_typesupport_introspection_cppExport.cmake
[2.776s] -- Installing: /home/samuel/Learning_ROS/final_project_ros2_ws/install/turtlesim_project_interfaces/share/turtlesim_project_interfaces/cmake/turtlesim_project_interfaces__rosidl_typesupport_introspection_cppExport-noconfig.cmake
[2.776s] -- Installing: /home/samuel/Learning_ROS/final_project_ros2_ws/install/turtlesim_project_interfaces/share/turtlesim_project_interfaces/cmake/turtlesim_project_interfaces__rosidl_typesupport_cppExport.cmake
[2.776s] -- Installing: /home/samuel/Learning_ROS/final_project_ros2_ws/install/turtlesim_project_interfaces/share/turtlesim_project_interfaces/cmake/turtlesim_project_interfaces__rosidl_typesupport_cppExport-noconfig.cmake
[2.776s] -- Installing: /home/samuel/Learning_ROS/final_project_ros2_ws/install/turtlesim_project_interfaces/share/turtlesim_project_interfaces/cmake/export_turtlesim_project_interfaces__rosidl_generator_pyExport.cmake
[2.777s] -- Installing: /home/samuel/Learning_ROS/final_project_ros2_ws/install/turtlesim_project_interfaces/share/turtlesim_project_interfaces/cmake/export_turtlesim_project_interfaces__rosidl_generator_pyExport-noconfig.cmake
[2.777s] -- Installing: /home/samuel/Learning_ROS/final_project_ros2_ws/install/turtlesim_project_interfaces/share/turtlesim_project_interfaces/cmake/rosidl_cmake-extras.cmake
[2.777s] -- Installing: /home/samuel/Learning_ROS/final_project_ros2_ws/install/turtlesim_project_interfaces/share/turtlesim_project_interfaces/cmake/ament_cmake_export_include_directories-extras.cmake
[2.777s] -- Installing: /home/samuel/Learning_ROS/final_project_ros2_ws/install/turtlesim_project_interfaces/share/turtlesim_project_interfaces/cmake/ament_cmake_export_libraries-extras.cmake
[2.777s] -- Installing: /home/samuel/Learning_ROS/final_project_ros2_ws/install/turtlesim_project_interfaces/share/turtlesim_project_interfaces/cmake/ament_cmake_export_targets-extras.cmake
[2.777s] -- Installing: /home/samuel/Learning_ROS/final_project_ros2_ws/install/turtlesim_project_interfaces/share/turtlesim_project_interfaces/cmake/rosidl_cmake_export_typesupport_targets-extras.cmake
[2.778s] -- Installing: /home/samuel/Learning_ROS/final_project_ros2_ws/install/turtlesim_project_interfaces/share/turtlesim_project_interfaces/cmake/ament_cmake_export_dependencies-extras.cmake
[2.778s] -- Installing: /home/samuel/Learning_ROS/final_project_ros2_ws/install/turtlesim_project_interfaces/share/turtlesim_project_interfaces/cmake/rosidl_cmake_export_typesupport_libraries-extras.cmake
[2.778s] -- Installing: /home/samuel/Learning_ROS/final_project_ros2_ws/install/turtlesim_project_interfaces/share/turtlesim_project_interfaces/cmake/turtlesim_project_interfacesConfig.cmake
[2.778s] -- Installing: /home/samuel/Learning_ROS/final_project_ros2_ws/install/turtlesim_project_interfaces/share/turtlesim_project_interfaces/cmake/turtlesim_project_interfacesConfig-version.cmake
[2.778s] -- Installing: /home/samuel/Learning_ROS/final_project_ros2_ws/install/turtlesim_project_interfaces/share/turtlesim_project_interfaces/package.xml
[2.781s] Invoked command in '/home/samuel/Learning_ROS/final_project_ros2_ws/build/turtlesim_project_interfaces' returned '0': CMAKE_PREFIX_PATH=${CMAKE_PREFIX_PATH}:/home/samuel/Learning_ROS/final_project_ros2_ws/install/turtle_sim_catch_them_all:/home/samuel/Learning_ROS/ros_ws1/install/my_py_pkg:/opt/ros/humble /usr/bin/cmake --install /home/samuel/Learning_ROS/final_project_ros2_ws/build/turtlesim_project_interfaces
