[0.528s] Invoking command in '/home/samuel/Learning_ROS/ros_ws1/build/my_py_pkg': PYTHONPATH=/home/samuel/Learning_ROS/ros_ws1/build/my_py_pkg/prefix_override:/usr/lib/python3/dist-packages/colcon_core/task/python/colcon_distutils_commands:/home/samuel/Learning_ROS/ros_ws1/install/my_py_pkg/lib/python3.10/site-packages:${PYTHONPATH} /usr/bin/python3 -W ignore:setup.py install is deprecated setup.py develop --editable --build-directory /home/samuel/Learning_ROS/ros_ws1/build/my_py_pkg/build --no-deps symlink_data
[0.731s] running develop
[0.852s] running egg_info
[0.852s] creating my_py_pkg.egg-info
[0.852s] writing my_py_pkg.egg-info/PKG-INFO
[0.852s] writing dependency_links to my_py_pkg.egg-info/dependency_links.txt
[0.852s] writing entry points to my_py_pkg.egg-info/entry_points.txt
[0.852s] writing requirements to my_py_pkg.egg-info/requires.txt
[0.853s] writing top-level names to my_py_pkg.egg-info/top_level.txt
[0.853s] writing manifest file 'my_py_pkg.egg-info/SOURCES.txt'
[0.854s] reading manifest file 'my_py_pkg.egg-info/SOURCES.txt'
[0.854s] writing manifest file 'my_py_pkg.egg-info/SOURCES.txt'
[0.855s] running build_ext
[0.855s] Creating /home/samuel/Learning_ROS/ros_ws1/install/my_py_pkg/lib/python3.10/site-packages/my-py-pkg.egg-link (link to .)
[0.856s] Installing add_two_ints_client script to /home/samuel/Learning_ROS/ros_ws1/install/my_py_pkg/lib/my_py_pkg
[0.856s] Installing add_two_ints_client_no_oop script to /home/samuel/Learning_ROS/ros_ws1/install/my_py_pkg/lib/my_py_pkg
[0.856s] Installing add_two_ints_server script to /home/samuel/Learning_ROS/ros_ws1/install/my_py_pkg/lib/my_py_pkg
[0.856s] Installing battery_node script to /home/samuel/Learning_ROS/ros_ws1/install/my_py_pkg/lib/my_py_pkg
[0.856s] Installing hw_status_publisher script to /home/samuel/Learning_ROS/ros_ws1/install/my_py_pkg/lib/my_py_pkg
[0.856s] Installing led_panel_node script to /home/samuel/Learning_ROS/ros_ws1/install/my_py_pkg/lib/my_py_pkg
[0.856s] Installing number_counter script to /home/samuel/Learning_ROS/ros_ws1/install/my_py_pkg/lib/my_py_pkg
[0.856s] Installing number_publisher script to /home/samuel/Learning_ROS/ros_ws1/install/my_py_pkg/lib/my_py_pkg
[0.857s] Installing py_node script to /home/samuel/Learning_ROS/ros_ws1/install/my_py_pkg/lib/my_py_pkg
[0.857s] Installing reset_counter_client_node script to /home/samuel/Learning_ROS/ros_ws1/install/my_py_pkg/lib/my_py_pkg
[0.857s] Installing robot_news_station script to /home/samuel/Learning_ROS/ros_ws1/install/my_py_pkg/lib/my_py_pkg
[0.857s] Installing smartphone script to /home/samuel/Learning_ROS/ros_ws1/install/my_py_pkg/lib/my_py_pkg
[0.857s] 
[0.857s] Installed /home/samuel/Learning_ROS/ros_ws1/build/my_py_pkg
[0.857s] running symlink_data
[0.857s] creating /home/samuel/Learning_ROS/ros_ws1/install/my_py_pkg/share/ament_index
[0.857s] creating /home/samuel/Learning_ROS/ros_ws1/install/my_py_pkg/share/ament_index/resource_index
[0.857s] creating /home/samuel/Learning_ROS/ros_ws1/install/my_py_pkg/share/ament_index/resource_index/packages
[0.858s] symbolically linking /home/samuel/Learning_ROS/ros_ws1/build/my_py_pkg/resource/my_py_pkg -> /home/samuel/Learning_ROS/ros_ws1/install/my_py_pkg/share/ament_index/resource_index/packages
[0.858s] symbolically linking /home/samuel/Learning_ROS/ros_ws1/build/my_py_pkg/package.xml -> /home/samuel/Learning_ROS/ros_ws1/install/my_py_pkg/share/my_py_pkg
[0.876s] Invoked command in '/home/samuel/Learning_ROS/ros_ws1/build/my_py_pkg' returned '0': PYTHONPATH=/home/samuel/Learning_ROS/ros_ws1/build/my_py_pkg/prefix_override:/usr/lib/python3/dist-packages/colcon_core/task/python/colcon_distutils_commands:/home/samuel/Learning_ROS/ros_ws1/install/my_py_pkg/lib/python3.10/site-packages:${PYTHONPATH} /usr/bin/python3 -W ignore:setup.py install is deprecated setup.py develop --editable --build-directory /home/samuel/Learning_ROS/ros_ws1/build/my_py_pkg/build --no-deps symlink_data
