[0.008s] Invoking command in '/home/samuel/Learning_ROS/ros_ws1/build/my_cpp_pkg': CMAKE_PREFIX_PATH=${CMAKE_PREFIX_PATH}:/home/samuel/Learning_ROS/ros_ws1/install/my_py_pkg:/opt/ros/humble /usr/bin/cmake /home/samuel/Learning_ROS/ros_ws1/src/my_cpp_pkg -DCMAKE_INSTALL_PREFIX=/home/samuel/Learning_ROS/ros_ws1/install/my_cpp_pkg
[0.054s] -- The C compiler identification is GNU 11.4.0
[0.101s] -- The CXX compiler identification is GNU 11.4.0
[0.107s] -- Detecting C compiler ABI info
[0.166s] -- Detecting C compiler ABI info - done
[0.172s] -- Check for working C compiler: /usr/bin/cc - skipped
[0.172s] -- Detecting C compile features
[0.173s] -- Detecting C compile features - done
[0.175s] -- Detecting CXX compiler ABI info
[0.244s] -- Detecting CXX compiler ABI info - done
[0.250s] -- Check for working CXX compiler: /usr/bin/c++ - skipped
[0.250s] -- Detecting CXX compile features
[0.250s] -- Detecting CXX compile features - done
[0.252s] -- Found ament_cmake: 1.3.10 (/opt/ros/humble/share/ament_cmake/cmake)
[0.378s] -- Found Python3: /usr/bin/python3 (found version "3.10.12") found components: Interpreter 
[0.462s] -- Found rclcpp: 16.0.10 (/opt/ros/humble/share/rclcpp/cmake)
[0.511s] -- Found rosidl_generator_c: 3.1.5 (/opt/ros/humble/share/rosidl_generator_c/cmake)
[0.515s] -- Found rosidl_adapter: 3.1.5 (/opt/ros/humble/share/rosidl_adapter/cmake)
[0.521s] -- Found rosidl_generator_cpp: 3.1.5 (/opt/ros/humble/share/rosidl_generator_cpp/cmake)
[0.531s] -- Using all available rosidl_typesupport_c: rosidl_typesupport_fastrtps_c;rosidl_typesupport_introspection_c
[0.544s] -- Using all available rosidl_typesupport_cpp: rosidl_typesupport_fastrtps_cpp;rosidl_typesupport_introspection_cpp
[0.577s] -- Found rmw_implementation_cmake: 6.1.2 (/opt/ros/humble/share/rmw_implementation_cmake/cmake)
[0.579s] -- Found rmw_fastrtps_cpp: 6.2.7 (/opt/ros/humble/share/rmw_fastrtps_cpp/cmake)
[0.663s] -- Found OpenSSL: /usr/lib/x86_64-linux-gnu/libcrypto.so (found version "3.0.2")  
[0.687s] -- Found FastRTPS: /opt/ros/humble/include  
[0.725s] -- Using RMW implementation 'rmw_fastrtps_cpp' as default
[0.731s] -- Looking for pthread.h
[0.793s] -- Looking for pthread.h - found
[0.794s] -- Performing Test CMAKE_HAVE_LIBC_PTHREAD
[0.857s] -- Performing Test CMAKE_HAVE_LIBC_PTHREAD - Success
[0.858s] -- Found Threads: TRUE  
[0.899s] -- Found ament_lint_auto: 0.12.11 (/opt/ros/humble/share/ament_lint_auto/cmake)
[0.957s] -- Added test 'lint_cmake' to check CMake code style
[0.958s] -- Added test 'xmllint' to check XML markup files
[0.959s] -- Configuring done
[0.963s] -- Generating done
[0.964s] -- Build files have been written to: /home/samuel/Learning_ROS/ros_ws1/build/my_cpp_pkg
[0.972s] Invoked command in '/home/samuel/Learning_ROS/ros_ws1/build/my_cpp_pkg' returned '0': CMAKE_PREFIX_PATH=${CMAKE_PREFIX_PATH}:/home/samuel/Learning_ROS/ros_ws1/install/my_py_pkg:/opt/ros/humble /usr/bin/cmake /home/samuel/Learning_ROS/ros_ws1/src/my_cpp_pkg -DCMAKE_INSTALL_PREFIX=/home/samuel/Learning_ROS/ros_ws1/install/my_cpp_pkg
[0.974s] Invoking command in '/home/samuel/Learning_ROS/ros_ws1/build/my_cpp_pkg': CMAKE_PREFIX_PATH=${CMAKE_PREFIX_PATH}:/home/samuel/Learning_ROS/ros_ws1/install/my_py_pkg:/opt/ros/humble /usr/bin/cmake --build /home/samuel/Learning_ROS/ros_ws1/build/my_cpp_pkg -- -j12 -l12
[1.012s] Invoked command in '/home/samuel/Learning_ROS/ros_ws1/build/my_cpp_pkg' returned '0': CMAKE_PREFIX_PATH=${CMAKE_PREFIX_PATH}:/home/samuel/Learning_ROS/ros_ws1/install/my_py_pkg:/opt/ros/humble /usr/bin/cmake --build /home/samuel/Learning_ROS/ros_ws1/build/my_cpp_pkg -- -j12 -l12
[1.040s] Invoking command in '/home/samuel/Learning_ROS/ros_ws1/build/my_cpp_pkg': CMAKE_PREFIX_PATH=${CMAKE_PREFIX_PATH}:/home/samuel/Learning_ROS/ros_ws1/install/my_py_pkg:/opt/ros/humble /usr/bin/cmake --install /home/samuel/Learning_ROS/ros_ws1/build/my_cpp_pkg
[1.045s] -- Install configuration: ""
[1.045s] -- Installing: /home/samuel/Learning_ROS/ros_ws1/install/my_cpp_pkg/share/ament_index/resource_index/package_run_dependencies/my_cpp_pkg
[1.046s] -- Installing: /home/samuel/Learning_ROS/ros_ws1/install/my_cpp_pkg/share/ament_index/resource_index/parent_prefix_path/my_cpp_pkg
[1.046s] -- Installing: /home/samuel/Learning_ROS/ros_ws1/install/my_cpp_pkg/share/my_cpp_pkg/environment/ament_prefix_path.sh
[1.046s] -- Installing: /home/samuel/Learning_ROS/ros_ws1/install/my_cpp_pkg/share/my_cpp_pkg/environment/ament_prefix_path.dsv
[1.046s] -- Installing: /home/samuel/Learning_ROS/ros_ws1/install/my_cpp_pkg/share/my_cpp_pkg/environment/path.sh
[1.046s] -- Installing: /home/samuel/Learning_ROS/ros_ws1/install/my_cpp_pkg/share/my_cpp_pkg/environment/path.dsv
[1.046s] -- Installing: /home/samuel/Learning_ROS/ros_ws1/install/my_cpp_pkg/share/my_cpp_pkg/local_setup.bash
[1.047s] -- Installing: /home/samuel/Learning_ROS/ros_ws1/install/my_cpp_pkg/share/my_cpp_pkg/local_setup.sh
[1.047s] -- Installing: /home/samuel/Learning_ROS/ros_ws1/install/my_cpp_pkg/share/my_cpp_pkg/local_setup.zsh
[1.047s] -- Installing: /home/samuel/Learning_ROS/ros_ws1/install/my_cpp_pkg/share/my_cpp_pkg/local_setup.dsv
[1.047s] -- Installing: /home/samuel/Learning_ROS/ros_ws1/install/my_cpp_pkg/share/my_cpp_pkg/package.dsv
[1.047s] -- Installing: /home/samuel/Learning_ROS/ros_ws1/install/my_cpp_pkg/share/ament_index/resource_index/packages/my_cpp_pkg
[1.047s] -- Installing: /home/samuel/Learning_ROS/ros_ws1/install/my_cpp_pkg/share/my_cpp_pkg/cmake/my_cpp_pkgConfig.cmake
[1.047s] -- Installing: /home/samuel/Learning_ROS/ros_ws1/install/my_cpp_pkg/share/my_cpp_pkg/cmake/my_cpp_pkgConfig-version.cmake
[1.048s] -- Installing: /home/samuel/Learning_ROS/ros_ws1/install/my_cpp_pkg/share/my_cpp_pkg/package.xml
[1.050s] Invoked command in '/home/samuel/Learning_ROS/ros_ws1/build/my_cpp_pkg' returned '0': CMAKE_PREFIX_PATH=${CMAKE_PREFIX_PATH}:/home/samuel/Learning_ROS/ros_ws1/install/my_py_pkg:/opt/ros/humble /usr/bin/cmake --install /home/samuel/Learning_ROS/ros_ws1/build/my_cpp_pkg
