[0.009s] Invoking command in '/home/samuel/Learning_ROS/ros_ws1/build/my_robot_interfaces': CMAKE_PREFIX_PATH=${CMAKE_PREFIX_PATH}:/home/samuel/Learning_ROS/ros_ws1/install/my_py_pkg:/opt/ros/humble /usr/bin/cmake /home/samuel/Learning_ROS/ros_ws1/src/my_robot_interfaces -DCMAKE_INSTALL_PREFIX=/home/samuel/Learning_ROS/ros_ws1/install/my_robot_interfaces
[0.160s] -- The C compiler identification is GNU 11.4.0
[0.282s] -- The CXX compiler identification is GNU 11.4.0
[0.294s] -- Detecting C compiler ABI info
[0.364s] -- Detecting C compiler ABI info - done
[0.370s] -- Check for working C compiler: /usr/bin/cc - skipped
[0.370s] -- Detecting C compile features
[0.371s] -- Detecting C compile features - done
[0.375s] -- Detecting CXX compiler ABI info
[0.447s] -- Detecting CXX compiler ABI info - done
[0.454s] -- Check for working CXX compiler: /usr/bin/c++ - skipped
[0.454s] -- Detecting CXX compile features
[0.454s] -- Detecting CXX compile features - done
[0.458s] -- Found ament_cmake: 1.3.10 (/opt/ros/humble/share/ament_cmake/cmake)
[0.592s] -- Found Python3: /usr/bin/python3 (found version "3.10.12") found components: Interpreter 
[0.682s] -- Found rosidl_default_generators: 1.2.0 (/opt/ros/humble/share/rosidl_default_generators/cmake)
[0.685s] -- Using all available rosidl_typesupport_c: rosidl_typesupport_fastrtps_c;rosidl_typesupport_introspection_c
[0.692s] -- Found rosidl_adapter: 3.1.5 (/opt/ros/humble/share/rosidl_adapter/cmake)
[0.736s] -- Using all available rosidl_typesupport_cpp: rosidl_typesupport_fastrtps_cpp;rosidl_typesupport_introspection_cpp
[0.994s] -- Found ament_cmake_ros: 0.10.0 (/opt/ros/humble/share/ament_cmake_ros/cmake)
[1.162s] -- Using all available rosidl_typesupport_c: rosidl_typesupport_fastrtps_c;rosidl_typesupport_introspection_c
[1.373s] -- Using all available rosidl_typesupport_cpp: rosidl_typesupport_fastrtps_cpp;rosidl_typesupport_introspection_cpp
[1.392s] -- Found PythonInterp: /usr/bin/python3 (found suitable version "3.10.12", minimum required is "3.6") 
[1.395s] -- Found python_cmake_module: 0.10.0 (/opt/ros/humble/share/python_cmake_module/cmake)
[1.424s] -- Found PythonLibs: /usr/lib/x86_64-linux-gnu/libpython3.10.so (found suitable version "3.10.12", minimum required is "3.5") 
[1.424s] -- Using PYTHON_EXECUTABLE: /usr/bin/python3
[1.425s] -- Using PYTHON_INCLUDE_DIRS: /usr/include/python3.10
[1.425s] -- Using PYTHON_LIBRARIES: /usr/lib/x86_64-linux-gnu/libpython3.10.so
[1.444s] -- Found PythonExtra: .so  
[1.488s] -- Configuring done
[1.519s] -- Generating done
[1.522s] -- Build files have been written to: /home/samuel/Learning_ROS/ros_ws1/build/my_robot_interfaces
[1.529s] Invoked command in '/home/samuel/Learning_ROS/ros_ws1/build/my_robot_interfaces' returned '0': CMAKE_PREFIX_PATH=${CMAKE_PREFIX_PATH}:/home/samuel/Learning_ROS/ros_ws1/install/my_py_pkg:/opt/ros/humble /usr/bin/cmake /home/samuel/Learning_ROS/ros_ws1/src/my_robot_interfaces -DCMAKE_INSTALL_PREFIX=/home/samuel/Learning_ROS/ros_ws1/install/my_robot_interfaces
[1.531s] Invoking command in '/home/samuel/Learning_ROS/ros_ws1/build/my_robot_interfaces': CMAKE_PREFIX_PATH=${CMAKE_PREFIX_PATH}:/home/samuel/Learning_ROS/ros_ws1/install/my_py_pkg:/opt/ros/humble /usr/bin/cmake --build /home/samuel/Learning_ROS/ros_ws1/build/my_robot_interfaces -- -j12 -l12
[1.567s] [  1%] [34m[1mGenerating C code for ROS interfaces[0m
[1.579s] [  3%] [34m[1mGenerating C++ code for ROS interfaces[0m
[1.585s] [  3%] Built target ament_cmake_python_copy_my_robot_interfaces
[1.778s] running egg_info
[1.778s] creating my_robot_interfaces.egg-info
[1.778s] writing my_robot_interfaces.egg-info/PKG-INFO
[1.778s] writing dependency_links to my_robot_interfaces.egg-info/dependency_links.txt
[1.778s] writing top-level names to my_robot_interfaces.egg-info/top_level.txt
[1.778s] writing manifest file 'my_robot_interfaces.egg-info/SOURCES.txt'
[1.780s] reading manifest file 'my_robot_interfaces.egg-info/SOURCES.txt'
[1.780s] writing manifest file 'my_robot_interfaces.egg-info/SOURCES.txt'
[1.800s] [  3%] Built target ament_cmake_python_build_my_robot_interfaces_egg
[1.906s] [  3%] Built target my_robot_interfaces__cpp
[1.915s] [  7%] [34m[1mGenerating C++ type support for eProsima Fast-RTPS[0m
[1.915s] [  9%] [34m[1mGenerating C++ introspection for ROS interfaces[0m
[1.915s] [  9%] [34m[1mGenerating C++ type support dispatch for ROS interfaces[0m
[1.926s] [ 10%] [32mBuilding C object CMakeFiles/my_robot_interfaces__rosidl_generator_c.dir/rosidl_generator_c/my_robot_interfaces/msg/detail/hardware_status__functions.c.o[0m
[1.927s] [ 12%] [32mBuilding C object CMakeFiles/my_robot_interfaces__rosidl_generator_c.dir/rosidl_generator_c/my_robot_interfaces/srv/detail/compute_rectangle_area__functions.c.o[0m
[1.927s] [ 14%] [32mBuilding C object CMakeFiles/my_robot_interfaces__rosidl_generator_c.dir/rosidl_generator_c/my_robot_interfaces/msg/detail/led_state_array__functions.c.o[0m
[1.928s] [ 16%] [32mBuilding C object CMakeFiles/my_robot_interfaces__rosidl_generator_c.dir/rosidl_generator_c/my_robot_interfaces/srv/detail/set_led_panel__functions.c.o[0m
[1.999s] [ 18%] [32m[1mLinking C shared library libmy_robot_interfaces__rosidl_generator_c.so[0m
[2.035s] [ 18%] Built target my_robot_interfaces__rosidl_generator_c
[2.045s] [ 21%] [34m[1mGenerating C type support for eProsima Fast-RTPS[0m
[2.045s] [ 21%] [34m[1mGenerating C type support dispatch for ROS interfaces[0m
[2.045s] [ 23%] [34m[1mGenerating C introspection for ROS interfaces[0m
[2.178s] [ 25%] [32mBuilding CXX object CMakeFiles/my_robot_interfaces__rosidl_typesupport_cpp.dir/rosidl_typesupport_cpp/my_robot_interfaces/msg/led_state_array__type_support.cpp.o[0m
[2.181s] [ 29%] [32mBuilding CXX object CMakeFiles/my_robot_interfaces__rosidl_typesupport_cpp.dir/rosidl_typesupport_cpp/my_robot_interfaces/msg/hardware_status__type_support.cpp.o[0m
[2.182s] [ 29%] [32mBuilding CXX object CMakeFiles/my_robot_interfaces__rosidl_typesupport_cpp.dir/rosidl_typesupport_cpp/my_robot_interfaces/srv/compute_rectangle_area__type_support.cpp.o[0m
[2.182s] [ 30%] [32mBuilding CXX object CMakeFiles/my_robot_interfaces__rosidl_typesupport_cpp.dir/rosidl_typesupport_cpp/my_robot_interfaces/srv/set_led_panel__type_support.cpp.o[0m
[2.217s] [ 34%] [32mBuilding CXX object CMakeFiles/my_robot_interfaces__rosidl_typesupport_introspection_cpp.dir/rosidl_typesupport_introspection_cpp/my_robot_interfaces/msg/detail/hardware_status__type_support.cpp.o[0m
[2.217s] [ 36%] [32mBuilding CXX object CMakeFiles/my_robot_interfaces__rosidl_typesupport_introspection_cpp.dir/rosidl_typesupport_introspection_cpp/my_robot_interfaces/msg/detail/led_state_array__type_support.cpp.o[0m
[2.217s] [ 36%] [32mBuilding CXX object CMakeFiles/my_robot_interfaces__rosidl_typesupport_introspection_cpp.dir/rosidl_typesupport_introspection_cpp/my_robot_interfaces/srv/detail/set_led_panel__type_support.cpp.o[0m
[2.218s] [ 38%] [32mBuilding CXX object CMakeFiles/my_robot_interfaces__rosidl_typesupport_introspection_cpp.dir/rosidl_typesupport_introspection_cpp/my_robot_interfaces/srv/detail/compute_rectangle_area__type_support.cpp.o[0m
[2.302s] [ 40%] [32mBuilding CXX object CMakeFiles/my_robot_interfaces__rosidl_typesupport_fastrtps_cpp.dir/rosidl_typesupport_fastrtps_cpp/my_robot_interfaces/msg/detail/dds_fastrtps/hardware_status__type_support.cpp.o[0m
[2.359s] [ 41%] [32mBuilding CXX object CMakeFiles/my_robot_interfaces__rosidl_typesupport_c.dir/rosidl_typesupport_c/my_robot_interfaces/msg/hardware_status__type_support.cpp.o[0m
[2.396s] [ 43%] [32mBuilding CXX object CMakeFiles/my_robot_interfaces__rosidl_typesupport_c.dir/rosidl_typesupport_c/my_robot_interfaces/msg/led_state_array__type_support.cpp.o[0m
[2.436s] [ 45%] [32mBuilding CXX object CMakeFiles/my_robot_interfaces__rosidl_typesupport_c.dir/rosidl_typesupport_c/my_robot_interfaces/srv/compute_rectangle_area__type_support.cpp.o[0m
[2.479s] [ 47%] [32mBuilding CXX object CMakeFiles/my_robot_interfaces__rosidl_typesupport_c.dir/rosidl_typesupport_c/my_robot_interfaces/srv/set_led_panel__type_support.cpp.o[0m
[2.489s] [ 49%] [32mBuilding C object CMakeFiles/my_robot_interfaces__rosidl_typesupport_introspection_c.dir/rosidl_typesupport_introspection_c/my_robot_interfaces/msg/detail/hardware_status__type_support.c.o[0m
[2.496s] [ 50%] [32mBuilding CXX object CMakeFiles/my_robot_interfaces__rosidl_typesupport_fastrtps_cpp.dir/rosidl_typesupport_fastrtps_cpp/my_robot_interfaces/msg/detail/dds_fastrtps/led_state_array__type_support.cpp.o[0m
[2.503s] [ 52%] [32mBuilding CXX object CMakeFiles/my_robot_interfaces__rosidl_typesupport_fastrtps_c.dir/rosidl_typesupport_fastrtps_c/my_robot_interfaces/msg/detail/hardware_status__type_support_c.cpp.o[0m
[2.507s] [ 54%] [32mBuilding CXX object CMakeFiles/my_robot_interfaces__rosidl_typesupport_fastrtps_cpp.dir/rosidl_typesupport_fastrtps_cpp/my_robot_interfaces/srv/detail/dds_fastrtps/compute_rectangle_area__type_support.cpp.o[0m
[2.508s] [ 56%] [32mBuilding C object CMakeFiles/my_robot_interfaces__rosidl_typesupport_introspection_c.dir/rosidl_typesupport_introspection_c/my_robot_interfaces/msg/detail/led_state_array__type_support.c.o[0m
[2.515s] [ 60%] [32m[1mLinking CXX shared library libmy_robot_interfaces__rosidl_typesupport_c.so[0m
[2.515s] [ 60%] [32m[1mLinking CXX shared library libmy_robot_interfaces__rosidl_typesupport_cpp.so[0m
[2.531s] [ 61%] [32mBuilding CXX object CMakeFiles/my_robot_interfaces__rosidl_typesupport_fastrtps_cpp.dir/rosidl_typesupport_fastrtps_cpp/my_robot_interfaces/srv/detail/dds_fastrtps/set_led_panel__type_support.cpp.o[0m
[2.550s] [ 63%] [32mBuilding C object CMakeFiles/my_robot_interfaces__rosidl_typesupport_introspection_c.dir/rosidl_typesupport_introspection_c/my_robot_interfaces/srv/detail/compute_rectangle_area__type_support.c.o[0m
[2.573s] [ 63%] Built target my_robot_interfaces__rosidl_typesupport_c
[2.573s] [ 63%] Built target my_robot_interfaces__rosidl_typesupport_cpp
[2.584s] [ 67%] [32mBuilding C object CMakeFiles/my_robot_interfaces__rosidl_typesupport_introspection_c.dir/rosidl_typesupport_introspection_c/my_robot_interfaces/srv/detail/set_led_panel__type_support.c.o[0m
[2.584s] [ 67%] [32mBuilding CXX object CMakeFiles/my_robot_interfaces__rosidl_typesupport_fastrtps_c.dir/rosidl_typesupport_fastrtps_c/my_robot_interfaces/msg/detail/led_state_array__type_support_c.cpp.o[0m
[2.593s] [ 69%] [32mBuilding CXX object CMakeFiles/my_robot_interfaces__rosidl_typesupport_fastrtps_c.dir/rosidl_typesupport_fastrtps_c/my_robot_interfaces/srv/detail/compute_rectangle_area__type_support_c.cpp.o[0m
[2.627s] [ 72%] [32m[1mLinking C shared library libmy_robot_interfaces__rosidl_typesupport_introspection_c.so[0m
[2.628s] [ 72%] [32mBuilding CXX object CMakeFiles/my_robot_interfaces__rosidl_typesupport_fastrtps_c.dir/rosidl_typesupport_fastrtps_c/my_robot_interfaces/srv/detail/set_led_panel__type_support_c.cpp.o[0m
[2.643s] [ 74%] [32m[1mLinking CXX shared library libmy_robot_interfaces__rosidl_typesupport_introspection_cpp.so[0m
[2.668s] [ 74%] Built target my_robot_interfaces__rosidl_typesupport_introspection_c
[2.715s] [ 74%] Built target my_robot_interfaces__rosidl_typesupport_introspection_cpp
[2.948s] [ 76%] [32m[1mLinking CXX shared library libmy_robot_interfaces__rosidl_typesupport_fastrtps_cpp.so[0m
[2.950s] [ 78%] [32m[1mLinking CXX shared library libmy_robot_interfaces__rosidl_typesupport_fastrtps_c.so[0m
[3.010s] [ 78%] Built target my_robot_interfaces__rosidl_typesupport_fastrtps_c
[3.013s] [ 78%] Built target my_robot_interfaces__rosidl_typesupport_fastrtps_cpp
[3.032s] [ 78%] Built target my_robot_interfaces
[3.053s] [ 80%] [34m[1mGenerating Python code for ROS interfaces[0m
[3.549s] [ 80%] Built target my_robot_interfaces__py
[3.567s] [ 83%] [32mBuilding C object CMakeFiles/my_robot_interfaces__rosidl_generator_py.dir/rosidl_generator_py/my_robot_interfaces/srv/_compute_rectangle_area_s.c.o[0m
[3.567s] [ 83%] [32mBuilding C object CMakeFiles/my_robot_interfaces__rosidl_generator_py.dir/rosidl_generator_py/my_robot_interfaces/msg/_hardware_status_s.c.o[0m
[3.567s] [ 87%] [32mBuilding C object CMakeFiles/my_robot_interfaces__rosidl_generator_py.dir/rosidl_generator_py/my_robot_interfaces/msg/_led_state_array_s.c.o[0m
[3.567s] [ 87%] [32mBuilding C object CMakeFiles/my_robot_interfaces__rosidl_generator_py.dir/rosidl_generator_py/my_robot_interfaces/srv/_set_led_panel_s.c.o[0m
[3.680s] [ 89%] [32m[1mLinking C shared library rosidl_generator_py/my_robot_interfaces/libmy_robot_interfaces__rosidl_generator_py.so[0m
[3.718s] [ 89%] Built target my_robot_interfaces__rosidl_generator_py
[3.737s] [ 92%] [32mBuilding C object CMakeFiles/my_robot_interfaces__rosidl_typesupport_introspection_c__pyext.dir/rosidl_generator_py/my_robot_interfaces/_my_robot_interfaces_s.ep.rosidl_typesupport_introspection_c.c.o[0m
[3.737s] [ 92%] [32mBuilding C object CMakeFiles/my_robot_interfaces__rosidl_typesupport_c__pyext.dir/rosidl_generator_py/my_robot_interfaces/_my_robot_interfaces_s.ep.rosidl_typesupport_c.c.o[0m
[3.740s] [ 94%] [32mBuilding C object CMakeFiles/my_robot_interfaces__rosidl_typesupport_fastrtps_c__pyext.dir/rosidl_generator_py/my_robot_interfaces/_my_robot_interfaces_s.ep.rosidl_typesupport_fastrtps_c.c.o[0m
[3.824s] [ 96%] [32m[1mLinking C shared library rosidl_generator_py/my_robot_interfaces/my_robot_interfaces_s__rosidl_typesupport_c.cpython-310-x86_64-linux-gnu.so[0m
[3.826s] [ 98%] [32m[1mLinking C shared library rosidl_generator_py/my_robot_interfaces/my_robot_interfaces_s__rosidl_typesupport_introspection_c.cpython-310-x86_64-linux-gnu.so[0m
[3.833s] [100%] [32m[1mLinking C shared library rosidl_generator_py/my_robot_interfaces/my_robot_interfaces_s__rosidl_typesupport_fastrtps_c.cpython-310-x86_64-linux-gnu.so[0m
[3.854s] [100%] Built target my_robot_interfaces__rosidl_typesupport_c__pyext
[3.857s] [100%] Built target my_robot_interfaces__rosidl_typesupport_introspection_c__pyext
[3.863s] [100%] Built target my_robot_interfaces__rosidl_typesupport_fastrtps_c__pyext
[3.875s] Invoked command in '/home/samuel/Learning_ROS/ros_ws1/build/my_robot_interfaces' returned '0': CMAKE_PREFIX_PATH=${CMAKE_PREFIX_PATH}:/home/samuel/Learning_ROS/ros_ws1/install/my_py_pkg:/opt/ros/humble /usr/bin/cmake --build /home/samuel/Learning_ROS/ros_ws1/build/my_robot_interfaces -- -j12 -l12
[3.992s] Invoking command in '/home/samuel/Learning_ROS/ros_ws1/build/my_robot_interfaces': CMAKE_PREFIX_PATH=${CMAKE_PREFIX_PATH}:/home/samuel/Learning_ROS/ros_ws1/install/my_py_pkg:/opt/ros/humble /usr/bin/cmake --install /home/samuel/Learning_ROS/ros_ws1/build/my_robot_interfaces
[4.001s] -- Install configuration: ""
[4.001s] -- Installing: /home/samuel/Learning_ROS/ros_ws1/install/my_robot_interfaces/share/ament_index/resource_index/rosidl_interfaces/my_robot_interfaces
[4.001s] -- Installing: /home/samuel/Learning_ROS/ros_ws1/install/my_robot_interfaces/include/my_robot_interfaces/my_robot_interfaces
[4.001s] -- Installing: /home/samuel/Learning_ROS/ros_ws1/install/my_robot_interfaces/include/my_robot_interfaces/my_robot_interfaces/msg
[4.001s] -- Installing: /home/samuel/Learning_ROS/ros_ws1/install/my_robot_interfaces/include/my_robot_interfaces/my_robot_interfaces/msg/rosidl_generator_c__visibility_control.h
[4.001s] -- Installing: /home/samuel/Learning_ROS/ros_ws1/install/my_robot_interfaces/include/my_robot_interfaces/my_robot_interfaces/msg/detail
[4.001s] -- Installing: /home/samuel/Learning_ROS/ros_ws1/install/my_robot_interfaces/include/my_robot_interfaces/my_robot_interfaces/msg/detail/led_state_array__struct.h
[4.002s] -- Installing: /home/samuel/Learning_ROS/ros_ws1/install/my_robot_interfaces/include/my_robot_interfaces/my_robot_interfaces/msg/detail/led_state_array__functions.c
[4.002s] -- Installing: /home/samuel/Learning_ROS/ros_ws1/install/my_robot_interfaces/include/my_robot_interfaces/my_robot_interfaces/msg/detail/led_state_array__type_support.h
[4.002s] -- Installing: /home/samuel/Learning_ROS/ros_ws1/install/my_robot_interfaces/include/my_robot_interfaces/my_robot_interfaces/msg/detail/hardware_status__struct.h
[4.002s] -- Installing: /home/samuel/Learning_ROS/ros_ws1/install/my_robot_interfaces/include/my_robot_interfaces/my_robot_interfaces/msg/detail/led_state_array__functions.h
[4.002s] -- Installing: /home/samuel/Learning_ROS/ros_ws1/install/my_robot_interfaces/include/my_robot_interfaces/my_robot_interfaces/msg/detail/hardware_status__functions.h
[4.002s] -- Installing: /home/samuel/Learning_ROS/ros_ws1/install/my_robot_interfaces/include/my_robot_interfaces/my_robot_interfaces/msg/detail/hardware_status__functions.c
[4.002s] -- Installing: /home/samuel/Learning_ROS/ros_ws1/install/my_robot_interfaces/include/my_robot_interfaces/my_robot_interfaces/msg/detail/hardware_status__type_support.h
[4.002s] -- Installing: /home/samuel/Learning_ROS/ros_ws1/install/my_robot_interfaces/include/my_robot_interfaces/my_robot_interfaces/msg/hardware_status.h
[4.003s] -- Installing: /home/samuel/Learning_ROS/ros_ws1/install/my_robot_interfaces/include/my_robot_interfaces/my_robot_interfaces/msg/led_state_array.h
[4.003s] -- Installing: /home/samuel/Learning_ROS/ros_ws1/install/my_robot_interfaces/include/my_robot_interfaces/my_robot_interfaces/srv
[4.003s] -- Installing: /home/samuel/Learning_ROS/ros_ws1/install/my_robot_interfaces/include/my_robot_interfaces/my_robot_interfaces/srv/detail
[4.003s] -- Installing: /home/samuel/Learning_ROS/ros_ws1/install/my_robot_interfaces/include/my_robot_interfaces/my_robot_interfaces/srv/detail/set_led_panel__functions.c
[4.003s] -- Installing: /home/samuel/Learning_ROS/ros_ws1/install/my_robot_interfaces/include/my_robot_interfaces/my_robot_interfaces/srv/detail/set_led_panel__type_support.h
[4.003s] -- Installing: /home/samuel/Learning_ROS/ros_ws1/install/my_robot_interfaces/include/my_robot_interfaces/my_robot_interfaces/srv/detail/compute_rectangle_area__functions.c
[4.003s] -- Installing: /home/samuel/Learning_ROS/ros_ws1/install/my_robot_interfaces/include/my_robot_interfaces/my_robot_interfaces/srv/detail/compute_rectangle_area__struct.h
[4.003s] -- Installing: /home/samuel/Learning_ROS/ros_ws1/install/my_robot_interfaces/include/my_robot_interfaces/my_robot_interfaces/srv/detail/compute_rectangle_area__functions.h
[4.003s] -- Installing: /home/samuel/Learning_ROS/ros_ws1/install/my_robot_interfaces/include/my_robot_interfaces/my_robot_interfaces/srv/detail/compute_rectangle_area__type_support.h
[4.004s] -- Installing: /home/samuel/Learning_ROS/ros_ws1/install/my_robot_interfaces/include/my_robot_interfaces/my_robot_interfaces/srv/detail/set_led_panel__struct.h
[4.004s] -- Installing: /home/samuel/Learning_ROS/ros_ws1/install/my_robot_interfaces/include/my_robot_interfaces/my_robot_interfaces/srv/detail/set_led_panel__functions.h
[4.004s] -- Installing: /home/samuel/Learning_ROS/ros_ws1/install/my_robot_interfaces/include/my_robot_interfaces/my_robot_interfaces/srv/compute_rectangle_area.h
[4.004s] -- Installing: /home/samuel/Learning_ROS/ros_ws1/install/my_robot_interfaces/include/my_robot_interfaces/my_robot_interfaces/srv/set_led_panel.h
[4.004s] -- Installing: /home/samuel/Learning_ROS/ros_ws1/install/my_robot_interfaces/share/my_robot_interfaces/environment/library_path.sh
[4.004s] -- Installing: /home/samuel/Learning_ROS/ros_ws1/install/my_robot_interfaces/share/my_robot_interfaces/environment/library_path.dsv
[4.005s] -- Installing: /home/samuel/Learning_ROS/ros_ws1/install/my_robot_interfaces/lib/libmy_robot_interfaces__rosidl_generator_c.so
[4.005s] -- Set runtime path of "/home/samuel/Learning_ROS/ros_ws1/install/my_robot_interfaces/lib/libmy_robot_interfaces__rosidl_generator_c.so" to ""
[4.005s] -- Up-to-date: /home/samuel/Learning_ROS/ros_ws1/install/my_robot_interfaces/include/my_robot_interfaces/my_robot_interfaces
[4.005s] -- Up-to-date: /home/samuel/Learning_ROS/ros_ws1/install/my_robot_interfaces/include/my_robot_interfaces/my_robot_interfaces/msg
[4.005s] -- Up-to-date: /home/samuel/Learning_ROS/ros_ws1/install/my_robot_interfaces/include/my_robot_interfaces/my_robot_interfaces/msg/detail
[4.005s] -- Installing: /home/samuel/Learning_ROS/ros_ws1/install/my_robot_interfaces/include/my_robot_interfaces/my_robot_interfaces/msg/detail/led_state_array__rosidl_typesupport_fastrtps_c.h
[4.005s] -- Installing: /home/samuel/Learning_ROS/ros_ws1/install/my_robot_interfaces/include/my_robot_interfaces/my_robot_interfaces/msg/detail/hardware_status__rosidl_typesupport_fastrtps_c.h
[4.005s] -- Installing: /home/samuel/Learning_ROS/ros_ws1/install/my_robot_interfaces/include/my_robot_interfaces/my_robot_interfaces/msg/rosidl_typesupport_fastrtps_c__visibility_control.h
[4.005s] -- Up-to-date: /home/samuel/Learning_ROS/ros_ws1/install/my_robot_interfaces/include/my_robot_interfaces/my_robot_interfaces/srv
[4.006s] -- Up-to-date: /home/samuel/Learning_ROS/ros_ws1/install/my_robot_interfaces/include/my_robot_interfaces/my_robot_interfaces/srv/detail
[4.006s] -- Installing: /home/samuel/Learning_ROS/ros_ws1/install/my_robot_interfaces/include/my_robot_interfaces/my_robot_interfaces/srv/detail/set_led_panel__rosidl_typesupport_fastrtps_c.h
[4.006s] -- Installing: /home/samuel/Learning_ROS/ros_ws1/install/my_robot_interfaces/include/my_robot_interfaces/my_robot_interfaces/srv/detail/compute_rectangle_area__rosidl_typesupport_fastrtps_c.h
[4.006s] -- Installing: /home/samuel/Learning_ROS/ros_ws1/install/my_robot_interfaces/lib/libmy_robot_interfaces__rosidl_typesupport_fastrtps_c.so
[4.006s] -- Set runtime path of "/home/samuel/Learning_ROS/ros_ws1/install/my_robot_interfaces/lib/libmy_robot_interfaces__rosidl_typesupport_fastrtps_c.so" to ""
[4.006s] -- Up-to-date: /home/samuel/Learning_ROS/ros_ws1/install/my_robot_interfaces/include/my_robot_interfaces/my_robot_interfaces
[4.006s] -- Up-to-date: /home/samuel/Learning_ROS/ros_ws1/install/my_robot_interfaces/include/my_robot_interfaces/my_robot_interfaces/msg
[4.006s] -- Up-to-date: /home/samuel/Learning_ROS/ros_ws1/install/my_robot_interfaces/include/my_robot_interfaces/my_robot_interfaces/msg/detail
[4.006s] -- Installing: /home/samuel/Learning_ROS/ros_ws1/install/my_robot_interfaces/include/my_robot_interfaces/my_robot_interfaces/msg/detail/hardware_status__type_support.c
[4.006s] -- Installing: /home/samuel/Learning_ROS/ros_ws1/install/my_robot_interfaces/include/my_robot_interfaces/my_robot_interfaces/msg/detail/led_state_array__rosidl_typesupport_introspection_c.h
[4.007s] -- Installing: /home/samuel/Learning_ROS/ros_ws1/install/my_robot_interfaces/include/my_robot_interfaces/my_robot_interfaces/msg/detail/hardware_status__rosidl_typesupport_introspection_c.h
[4.007s] -- Installing: /home/samuel/Learning_ROS/ros_ws1/install/my_robot_interfaces/include/my_robot_interfaces/my_robot_interfaces/msg/detail/led_state_array__type_support.c
[4.007s] -- Installing: /home/samuel/Learning_ROS/ros_ws1/install/my_robot_interfaces/include/my_robot_interfaces/my_robot_interfaces/msg/rosidl_typesupport_introspection_c__visibility_control.h
[4.007s] -- Up-to-date: /home/samuel/Learning_ROS/ros_ws1/install/my_robot_interfaces/include/my_robot_interfaces/my_robot_interfaces/srv
[4.007s] -- Up-to-date: /home/samuel/Learning_ROS/ros_ws1/install/my_robot_interfaces/include/my_robot_interfaces/my_robot_interfaces/srv/detail
[4.007s] -- Installing: /home/samuel/Learning_ROS/ros_ws1/install/my_robot_interfaces/include/my_robot_interfaces/my_robot_interfaces/srv/detail/set_led_panel__type_support.c
[4.007s] -- Installing: /home/samuel/Learning_ROS/ros_ws1/install/my_robot_interfaces/include/my_robot_interfaces/my_robot_interfaces/srv/detail/set_led_panel__rosidl_typesupport_introspection_c.h
[4.007s] -- Installing: /home/samuel/Learning_ROS/ros_ws1/install/my_robot_interfaces/include/my_robot_interfaces/my_robot_interfaces/srv/detail/compute_rectangle_area__rosidl_typesupport_introspection_c.h
[4.007s] -- Installing: /home/samuel/Learning_ROS/ros_ws1/install/my_robot_interfaces/include/my_robot_interfaces/my_robot_interfaces/srv/detail/compute_rectangle_area__type_support.c
[4.008s] -- Installing: /home/samuel/Learning_ROS/ros_ws1/install/my_robot_interfaces/lib/libmy_robot_interfaces__rosidl_typesupport_introspection_c.so
[4.008s] -- Set runtime path of "/home/samuel/Learning_ROS/ros_ws1/install/my_robot_interfaces/lib/libmy_robot_interfaces__rosidl_typesupport_introspection_c.so" to ""
[4.008s] -- Installing: /home/samuel/Learning_ROS/ros_ws1/install/my_robot_interfaces/lib/libmy_robot_interfaces__rosidl_typesupport_c.so
[4.008s] -- Set runtime path of "/home/samuel/Learning_ROS/ros_ws1/install/my_robot_interfaces/lib/libmy_robot_interfaces__rosidl_typesupport_c.so" to ""
[4.008s] -- Up-to-date: /home/samuel/Learning_ROS/ros_ws1/install/my_robot_interfaces/include/my_robot_interfaces/my_robot_interfaces
[4.008s] -- Up-to-date: /home/samuel/Learning_ROS/ros_ws1/install/my_robot_interfaces/include/my_robot_interfaces/my_robot_interfaces/msg
[4.008s] -- Up-to-date: /home/samuel/Learning_ROS/ros_ws1/install/my_robot_interfaces/include/my_robot_interfaces/my_robot_interfaces/msg/detail
[4.008s] -- Installing: /home/samuel/Learning_ROS/ros_ws1/install/my_robot_interfaces/include/my_robot_interfaces/my_robot_interfaces/msg/detail/hardware_status__builder.hpp
[4.009s] -- Installing: /home/samuel/Learning_ROS/ros_ws1/install/my_robot_interfaces/include/my_robot_interfaces/my_robot_interfaces/msg/detail/hardware_status__struct.hpp
[4.009s] -- Installing: /home/samuel/Learning_ROS/ros_ws1/install/my_robot_interfaces/include/my_robot_interfaces/my_robot_interfaces/msg/detail/led_state_array__builder.hpp
[4.009s] -- Installing: /home/samuel/Learning_ROS/ros_ws1/install/my_robot_interfaces/include/my_robot_interfaces/my_robot_interfaces/msg/detail/hardware_status__traits.hpp
[4.009s] -- Installing: /home/samuel/Learning_ROS/ros_ws1/install/my_robot_interfaces/include/my_robot_interfaces/my_robot_interfaces/msg/detail/led_state_array__struct.hpp
[4.009s] -- Installing: /home/samuel/Learning_ROS/ros_ws1/install/my_robot_interfaces/include/my_robot_interfaces/my_robot_interfaces/msg/detail/led_state_array__traits.hpp
[4.009s] -- Installing: /home/samuel/Learning_ROS/ros_ws1/install/my_robot_interfaces/include/my_robot_interfaces/my_robot_interfaces/msg/led_state_array.hpp
[4.009s] -- Installing: /home/samuel/Learning_ROS/ros_ws1/install/my_robot_interfaces/include/my_robot_interfaces/my_robot_interfaces/msg/hardware_status.hpp
[4.009s] -- Up-to-date: /home/samuel/Learning_ROS/ros_ws1/install/my_robot_interfaces/include/my_robot_interfaces/my_robot_interfaces/srv
[4.009s] -- Up-to-date: /home/samuel/Learning_ROS/ros_ws1/install/my_robot_interfaces/include/my_robot_interfaces/my_robot_interfaces/srv/detail
[4.010s] -- Installing: /home/samuel/Learning_ROS/ros_ws1/install/my_robot_interfaces/include/my_robot_interfaces/my_robot_interfaces/srv/detail/compute_rectangle_area__struct.hpp
[4.010s] -- Installing: /home/samuel/Learning_ROS/ros_ws1/install/my_robot_interfaces/include/my_robot_interfaces/my_robot_interfaces/srv/detail/set_led_panel__struct.hpp
[4.010s] -- Installing: /home/samuel/Learning_ROS/ros_ws1/install/my_robot_interfaces/include/my_robot_interfaces/my_robot_interfaces/srv/detail/compute_rectangle_area__builder.hpp
[4.010s] -- Installing: /home/samuel/Learning_ROS/ros_ws1/install/my_robot_interfaces/include/my_robot_interfaces/my_robot_interfaces/srv/detail/compute_rectangle_area__traits.hpp
[4.010s] -- Installing: /home/samuel/Learning_ROS/ros_ws1/install/my_robot_interfaces/include/my_robot_interfaces/my_robot_interfaces/srv/detail/set_led_panel__traits.hpp
[4.010s] -- Installing: /home/samuel/Learning_ROS/ros_ws1/install/my_robot_interfaces/include/my_robot_interfaces/my_robot_interfaces/srv/detail/set_led_panel__builder.hpp
[4.010s] -- Installing: /home/samuel/Learning_ROS/ros_ws1/install/my_robot_interfaces/include/my_robot_interfaces/my_robot_interfaces/srv/compute_rectangle_area.hpp
[4.010s] -- Installing: /home/samuel/Learning_ROS/ros_ws1/install/my_robot_interfaces/include/my_robot_interfaces/my_robot_interfaces/srv/set_led_panel.hpp
[4.010s] -- Up-to-date: /home/samuel/Learning_ROS/ros_ws1/install/my_robot_interfaces/include/my_robot_interfaces/my_robot_interfaces
[4.011s] -- Up-to-date: /home/samuel/Learning_ROS/ros_ws1/install/my_robot_interfaces/include/my_robot_interfaces/my_robot_interfaces/msg
[4.011s] -- Up-to-date: /home/samuel/Learning_ROS/ros_ws1/install/my_robot_interfaces/include/my_robot_interfaces/my_robot_interfaces/msg/detail
[4.011s] -- Installing: /home/samuel/Learning_ROS/ros_ws1/install/my_robot_interfaces/include/my_robot_interfaces/my_robot_interfaces/msg/detail/hardware_status__rosidl_typesupport_fastrtps_cpp.hpp
[4.011s] -- Installing: /home/samuel/Learning_ROS/ros_ws1/install/my_robot_interfaces/include/my_robot_interfaces/my_robot_interfaces/msg/detail/led_state_array__rosidl_typesupport_fastrtps_cpp.hpp
[4.011s] -- Installing: /home/samuel/Learning_ROS/ros_ws1/install/my_robot_interfaces/include/my_robot_interfaces/my_robot_interfaces/msg/detail/dds_fastrtps
[4.011s] -- Installing: /home/samuel/Learning_ROS/ros_ws1/install/my_robot_interfaces/include/my_robot_interfaces/my_robot_interfaces/msg/rosidl_typesupport_fastrtps_cpp__visibility_control.h
[4.011s] -- Up-to-date: /home/samuel/Learning_ROS/ros_ws1/install/my_robot_interfaces/include/my_robot_interfaces/my_robot_interfaces/srv
[4.011s] -- Up-to-date: /home/samuel/Learning_ROS/ros_ws1/install/my_robot_interfaces/include/my_robot_interfaces/my_robot_interfaces/srv/detail
[4.011s] -- Installing: /home/samuel/Learning_ROS/ros_ws1/install/my_robot_interfaces/include/my_robot_interfaces/my_robot_interfaces/srv/detail/compute_rectangle_area__rosidl_typesupport_fastrtps_cpp.hpp
[4.012s] -- Installing: /home/samuel/Learning_ROS/ros_ws1/install/my_robot_interfaces/include/my_robot_interfaces/my_robot_interfaces/srv/detail/set_led_panel__rosidl_typesupport_fastrtps_cpp.hpp
[4.012s] -- Installing: /home/samuel/Learning_ROS/ros_ws1/install/my_robot_interfaces/include/my_robot_interfaces/my_robot_interfaces/srv/detail/dds_fastrtps
[4.012s] -- Installing: /home/samuel/Learning_ROS/ros_ws1/install/my_robot_interfaces/lib/libmy_robot_interfaces__rosidl_typesupport_fastrtps_cpp.so
[4.012s] -- Set runtime path of "/home/samuel/Learning_ROS/ros_ws1/install/my_robot_interfaces/lib/libmy_robot_interfaces__rosidl_typesupport_fastrtps_cpp.so" to ""
[4.012s] -- Up-to-date: /home/samuel/Learning_ROS/ros_ws1/install/my_robot_interfaces/include/my_robot_interfaces/my_robot_interfaces
[4.012s] -- Up-to-date: /home/samuel/Learning_ROS/ros_ws1/install/my_robot_interfaces/include/my_robot_interfaces/my_robot_interfaces/msg
[4.012s] -- Up-to-date: /home/samuel/Learning_ROS/ros_ws1/install/my_robot_interfaces/include/my_robot_interfaces/my_robot_interfaces/msg/detail
[4.012s] -- Installing: /home/samuel/Learning_ROS/ros_ws1/install/my_robot_interfaces/include/my_robot_interfaces/my_robot_interfaces/msg/detail/led_state_array__type_support.cpp
[4.012s] -- Installing: /home/samuel/Learning_ROS/ros_ws1/install/my_robot_interfaces/include/my_robot_interfaces/my_robot_interfaces/msg/detail/hardware_status__type_support.cpp
[4.013s] -- Installing: /home/samuel/Learning_ROS/ros_ws1/install/my_robot_interfaces/include/my_robot_interfaces/my_robot_interfaces/msg/detail/hardware_status__rosidl_typesupport_introspection_cpp.hpp
[4.013s] -- Installing: /home/samuel/Learning_ROS/ros_ws1/install/my_robot_interfaces/include/my_robot_interfaces/my_robot_interfaces/msg/detail/led_state_array__rosidl_typesupport_introspection_cpp.hpp
[4.013s] -- Up-to-date: /home/samuel/Learning_ROS/ros_ws1/install/my_robot_interfaces/include/my_robot_interfaces/my_robot_interfaces/srv
[4.013s] -- Up-to-date: /home/samuel/Learning_ROS/ros_ws1/install/my_robot_interfaces/include/my_robot_interfaces/my_robot_interfaces/srv/detail
[4.013s] -- Installing: /home/samuel/Learning_ROS/ros_ws1/install/my_robot_interfaces/include/my_robot_interfaces/my_robot_interfaces/srv/detail/compute_rectangle_area__rosidl_typesupport_introspection_cpp.hpp
[4.013s] -- Installing: /home/samuel/Learning_ROS/ros_ws1/install/my_robot_interfaces/include/my_robot_interfaces/my_robot_interfaces/srv/detail/set_led_panel__type_support.cpp
[4.013s] -- Installing: /home/samuel/Learning_ROS/ros_ws1/install/my_robot_interfaces/include/my_robot_interfaces/my_robot_interfaces/srv/detail/set_led_panel__rosidl_typesupport_introspection_cpp.hpp
[4.013s] -- Installing: /home/samuel/Learning_ROS/ros_ws1/install/my_robot_interfaces/include/my_robot_interfaces/my_robot_interfaces/srv/detail/compute_rectangle_area__type_support.cpp
[4.013s] -- Installing: /home/samuel/Learning_ROS/ros_ws1/install/my_robot_interfaces/lib/libmy_robot_interfaces__rosidl_typesupport_introspection_cpp.so
[4.014s] -- Set runtime path of "/home/samuel/Learning_ROS/ros_ws1/install/my_robot_interfaces/lib/libmy_robot_interfaces__rosidl_typesupport_introspection_cpp.so" to ""
[4.014s] -- Installing: /home/samuel/Learning_ROS/ros_ws1/install/my_robot_interfaces/lib/libmy_robot_interfaces__rosidl_typesupport_cpp.so
[4.014s] -- Set runtime path of "/home/samuel/Learning_ROS/ros_ws1/install/my_robot_interfaces/lib/libmy_robot_interfaces__rosidl_typesupport_cpp.so" to ""
[4.014s] -- Installing: /home/samuel/Learning_ROS/ros_ws1/install/my_robot_interfaces/share/my_robot_interfaces/environment/pythonpath.sh
[4.014s] -- Installing: /home/samuel/Learning_ROS/ros_ws1/install/my_robot_interfaces/share/my_robot_interfaces/environment/pythonpath.dsv
[4.014s] -- Installing: /home/samuel/Learning_ROS/ros_ws1/install/my_robot_interfaces/local/lib/python3.10/dist-packages/my_robot_interfaces-0.0.0-py3.10.egg-info
[4.014s] -- Installing: /home/samuel/Learning_ROS/ros_ws1/install/my_robot_interfaces/local/lib/python3.10/dist-packages/my_robot_interfaces-0.0.0-py3.10.egg-info/dependency_links.txt
[4.014s] -- Installing: /home/samuel/Learning_ROS/ros_ws1/install/my_robot_interfaces/local/lib/python3.10/dist-packages/my_robot_interfaces-0.0.0-py3.10.egg-info/SOURCES.txt
[4.015s] -- Installing: /home/samuel/Learning_ROS/ros_ws1/install/my_robot_interfaces/local/lib/python3.10/dist-packages/my_robot_interfaces-0.0.0-py3.10.egg-info/top_level.txt
[4.015s] -- Installing: /home/samuel/Learning_ROS/ros_ws1/install/my_robot_interfaces/local/lib/python3.10/dist-packages/my_robot_interfaces-0.0.0-py3.10.egg-info/PKG-INFO
[4.015s] -- Installing: /home/samuel/Learning_ROS/ros_ws1/install/my_robot_interfaces/local/lib/python3.10/dist-packages/my_robot_interfaces
[4.015s] -- Installing: /home/samuel/Learning_ROS/ros_ws1/install/my_robot_interfaces/local/lib/python3.10/dist-packages/my_robot_interfaces/my_robot_interfaces_s__rosidl_typesupport_c.cpython-310-x86_64-linux-gnu.so
[4.015s] -- Installing: /home/samuel/Learning_ROS/ros_ws1/install/my_robot_interfaces/local/lib/python3.10/dist-packages/my_robot_interfaces/my_robot_interfaces_s__rosidl_typesupport_fastrtps_c.cpython-310-x86_64-linux-gnu.so
[4.015s] -- Installing: /home/samuel/Learning_ROS/ros_ws1/install/my_robot_interfaces/local/lib/python3.10/dist-packages/my_robot_interfaces/libmy_robot_interfaces__rosidl_generator_py.so
[4.015s] -- Installing: /home/samuel/Learning_ROS/ros_ws1/install/my_robot_interfaces/local/lib/python3.10/dist-packages/my_robot_interfaces/__init__.py
[4.016s] -- Installing: /home/samuel/Learning_ROS/ros_ws1/install/my_robot_interfaces/local/lib/python3.10/dist-packages/my_robot_interfaces/_my_robot_interfaces_s.ep.rosidl_typesupport_introspection_c.c
[4.016s] -- Installing: /home/samuel/Learning_ROS/ros_ws1/install/my_robot_interfaces/local/lib/python3.10/dist-packages/my_robot_interfaces/_my_robot_interfaces_s.ep.rosidl_typesupport_c.c
[4.016s] -- Installing: /home/samuel/Learning_ROS/ros_ws1/install/my_robot_interfaces/local/lib/python3.10/dist-packages/my_robot_interfaces/msg
[4.016s] -- Installing: /home/samuel/Learning_ROS/ros_ws1/install/my_robot_interfaces/local/lib/python3.10/dist-packages/my_robot_interfaces/msg/_led_state_array_s.c
[4.016s] -- Installing: /home/samuel/Learning_ROS/ros_ws1/install/my_robot_interfaces/local/lib/python3.10/dist-packages/my_robot_interfaces/msg/_hardware_status.py
[4.016s] -- Installing: /home/samuel/Learning_ROS/ros_ws1/install/my_robot_interfaces/local/lib/python3.10/dist-packages/my_robot_interfaces/msg/_hardware_status_s.c
[4.016s] -- Installing: /home/samuel/Learning_ROS/ros_ws1/install/my_robot_interfaces/local/lib/python3.10/dist-packages/my_robot_interfaces/msg/__init__.py
[4.016s] -- Installing: /home/samuel/Learning_ROS/ros_ws1/install/my_robot_interfaces/local/lib/python3.10/dist-packages/my_robot_interfaces/msg/_led_state_array.py
[4.017s] -- Installing: /home/samuel/Learning_ROS/ros_ws1/install/my_robot_interfaces/local/lib/python3.10/dist-packages/my_robot_interfaces/_my_robot_interfaces_s.ep.rosidl_typesupport_fastrtps_c.c
[4.017s] -- Installing: /home/samuel/Learning_ROS/ros_ws1/install/my_robot_interfaces/local/lib/python3.10/dist-packages/my_robot_interfaces/srv
[4.017s] -- Installing: /home/samuel/Learning_ROS/ros_ws1/install/my_robot_interfaces/local/lib/python3.10/dist-packages/my_robot_interfaces/srv/_set_led_panel_s.c
[4.017s] -- Installing: /home/samuel/Learning_ROS/ros_ws1/install/my_robot_interfaces/local/lib/python3.10/dist-packages/my_robot_interfaces/srv/_compute_rectangle_area_s.c
[4.017s] -- Installing: /home/samuel/Learning_ROS/ros_ws1/install/my_robot_interfaces/local/lib/python3.10/dist-packages/my_robot_interfaces/srv/__init__.py
[4.017s] -- Installing: /home/samuel/Learning_ROS/ros_ws1/install/my_robot_interfaces/local/lib/python3.10/dist-packages/my_robot_interfaces/srv/_set_led_panel.py
[4.017s] -- Installing: /home/samuel/Learning_ROS/ros_ws1/install/my_robot_interfaces/local/lib/python3.10/dist-packages/my_robot_interfaces/srv/_compute_rectangle_area.py
[4.017s] -- Installing: /home/samuel/Learning_ROS/ros_ws1/install/my_robot_interfaces/local/lib/python3.10/dist-packages/my_robot_interfaces/my_robot_interfaces_s__rosidl_typesupport_introspection_c.cpython-310-x86_64-linux-gnu.so
[4.048s] Listing '/home/samuel/Learning_ROS/ros_ws1/install/my_robot_interfaces/local/lib/python3.10/dist-packages/my_robot_interfaces'...
[4.048s] Compiling '/home/samuel/Learning_ROS/ros_ws1/install/my_robot_interfaces/local/lib/python3.10/dist-packages/my_robot_interfaces/__init__.py'...
[4.048s] Listing '/home/samuel/Learning_ROS/ros_ws1/install/my_robot_interfaces/local/lib/python3.10/dist-packages/my_robot_interfaces/msg'...
[4.048s] Compiling '/home/samuel/Learning_ROS/ros_ws1/install/my_robot_interfaces/local/lib/python3.10/dist-packages/my_robot_interfaces/msg/__init__.py'...
[4.048s] Compiling '/home/samuel/Learning_ROS/ros_ws1/install/my_robot_interfaces/local/lib/python3.10/dist-packages/my_robot_interfaces/msg/_hardware_status.py'...
[4.048s] Compiling '/home/samuel/Learning_ROS/ros_ws1/install/my_robot_interfaces/local/lib/python3.10/dist-packages/my_robot_interfaces/msg/_led_state_array.py'...
[4.048s] Listing '/home/samuel/Learning_ROS/ros_ws1/install/my_robot_interfaces/local/lib/python3.10/dist-packages/my_robot_interfaces/srv'...
[4.048s] Compiling '/home/samuel/Learning_ROS/ros_ws1/install/my_robot_interfaces/local/lib/python3.10/dist-packages/my_robot_interfaces/srv/__init__.py'...
[4.048s] Compiling '/home/samuel/Learning_ROS/ros_ws1/install/my_robot_interfaces/local/lib/python3.10/dist-packages/my_robot_interfaces/srv/_compute_rectangle_area.py'...
[4.048s] Compiling '/home/samuel/Learning_ROS/ros_ws1/install/my_robot_interfaces/local/lib/python3.10/dist-packages/my_robot_interfaces/srv/_set_led_panel.py'...
[4.051s] -- Installing: /home/samuel/Learning_ROS/ros_ws1/install/my_robot_interfaces/local/lib/python3.10/dist-packages/my_robot_interfaces/my_robot_interfaces_s__rosidl_typesupport_fastrtps_c.cpython-310-x86_64-linux-gnu.so
[4.051s] -- Set runtime path of "/home/samuel/Learning_ROS/ros_ws1/install/my_robot_interfaces/local/lib/python3.10/dist-packages/my_robot_interfaces/my_robot_interfaces_s__rosidl_typesupport_fastrtps_c.cpython-310-x86_64-linux-gnu.so" to ""
[4.052s] -- Installing: /home/samuel/Learning_ROS/ros_ws1/install/my_robot_interfaces/local/lib/python3.10/dist-packages/my_robot_interfaces/my_robot_interfaces_s__rosidl_typesupport_introspection_c.cpython-310-x86_64-linux-gnu.so
[4.052s] -- Set runtime path of "/home/samuel/Learning_ROS/ros_ws1/install/my_robot_interfaces/local/lib/python3.10/dist-packages/my_robot_interfaces/my_robot_interfaces_s__rosidl_typesupport_introspection_c.cpython-310-x86_64-linux-gnu.so" to ""
[4.052s] -- Installing: /home/samuel/Learning_ROS/ros_ws1/install/my_robot_interfaces/local/lib/python3.10/dist-packages/my_robot_interfaces/my_robot_interfaces_s__rosidl_typesupport_c.cpython-310-x86_64-linux-gnu.so
[4.053s] -- Set runtime path of "/home/samuel/Learning_ROS/ros_ws1/install/my_robot_interfaces/local/lib/python3.10/dist-packages/my_robot_interfaces/my_robot_interfaces_s__rosidl_typesupport_c.cpython-310-x86_64-linux-gnu.so" to ""
[4.053s] -- Installing: /home/samuel/Learning_ROS/ros_ws1/install/my_robot_interfaces/lib/libmy_robot_interfaces__rosidl_generator_py.so
[4.053s] -- Set runtime path of "/home/samuel/Learning_ROS/ros_ws1/install/my_robot_interfaces/lib/libmy_robot_interfaces__rosidl_generator_py.so" to ""
[4.053s] -- Installing: /home/samuel/Learning_ROS/ros_ws1/install/my_robot_interfaces/share/my_robot_interfaces/msg/HardwareStatus.idl
[4.053s] -- Installing: /home/samuel/Learning_ROS/ros_ws1/install/my_robot_interfaces/share/my_robot_interfaces/msg/LedStateArray.idl
[4.054s] -- Installing: /home/samuel/Learning_ROS/ros_ws1/install/my_robot_interfaces/share/my_robot_interfaces/srv/ComputeRectangleArea.idl
[4.054s] -- Installing: /home/samuel/Learning_ROS/ros_ws1/install/my_robot_interfaces/share/my_robot_interfaces/srv/SetLedPanel.idl
[4.054s] -- Installing: /home/samuel/Learning_ROS/ros_ws1/install/my_robot_interfaces/share/my_robot_interfaces/msg/HardwareStatus.msg
[4.054s] -- Installing: /home/samuel/Learning_ROS/ros_ws1/install/my_robot_interfaces/share/my_robot_interfaces/msg/LedStateArray.msg
[4.054s] -- Installing: /home/samuel/Learning_ROS/ros_ws1/install/my_robot_interfaces/share/my_robot_interfaces/srv/ComputeRectangleArea.srv
[4.054s] -- Installing: /home/samuel/Learning_ROS/ros_ws1/install/my_robot_interfaces/share/my_robot_interfaces/srv/ComputeRectangleArea_Request.msg
[4.055s] -- Installing: /home/samuel/Learning_ROS/ros_ws1/install/my_robot_interfaces/share/my_robot_interfaces/srv/ComputeRectangleArea_Response.msg
[4.055s] -- Installing: /home/samuel/Learning_ROS/ros_ws1/install/my_robot_interfaces/share/my_robot_interfaces/srv/SetLedPanel.srv
[4.055s] -- Installing: /home/samuel/Learning_ROS/ros_ws1/install/my_robot_interfaces/share/my_robot_interfaces/srv/SetLedPanel_Request.msg
[4.055s] -- Installing: /home/samuel/Learning_ROS/ros_ws1/install/my_robot_interfaces/share/my_robot_interfaces/srv/SetLedPanel_Response.msg
[4.055s] -- Installing: /home/samuel/Learning_ROS/ros_ws1/install/my_robot_interfaces/share/ament_index/resource_index/package_run_dependencies/my_robot_interfaces
[4.056s] -- Installing: /home/samuel/Learning_ROS/ros_ws1/install/my_robot_interfaces/share/ament_index/resource_index/parent_prefix_path/my_robot_interfaces
[4.056s] -- Installing: /home/samuel/Learning_ROS/ros_ws1/install/my_robot_interfaces/share/my_robot_interfaces/environment/ament_prefix_path.sh
[4.056s] -- Installing: /home/samuel/Learning_ROS/ros_ws1/install/my_robot_interfaces/share/my_robot_interfaces/environment/ament_prefix_path.dsv
[4.056s] -- Installing: /home/samuel/Learning_ROS/ros_ws1/install/my_robot_interfaces/share/my_robot_interfaces/environment/path.sh
[4.056s] -- Installing: /home/samuel/Learning_ROS/ros_ws1/install/my_robot_interfaces/share/my_robot_interfaces/environment/path.dsv
[4.056s] -- Installing: /home/samuel/Learning_ROS/ros_ws1/install/my_robot_interfaces/share/my_robot_interfaces/local_setup.bash
[4.057s] -- Installing: /home/samuel/Learning_ROS/ros_ws1/install/my_robot_interfaces/share/my_robot_interfaces/local_setup.sh
[4.057s] -- Installing: /home/samuel/Learning_ROS/ros_ws1/install/my_robot_interfaces/share/my_robot_interfaces/local_setup.zsh
[4.057s] -- Installing: /home/samuel/Learning_ROS/ros_ws1/install/my_robot_interfaces/share/my_robot_interfaces/local_setup.dsv
[4.057s] -- Installing: /home/samuel/Learning_ROS/ros_ws1/install/my_robot_interfaces/share/my_robot_interfaces/package.dsv
[4.057s] -- Installing: /home/samuel/Learning_ROS/ros_ws1/install/my_robot_interfaces/share/ament_index/resource_index/packages/my_robot_interfaces
[4.058s] -- Installing: /home/samuel/Learning_ROS/ros_ws1/install/my_robot_interfaces/share/my_robot_interfaces/cmake/export_my_robot_interfaces__rosidl_generator_cExport.cmake
[4.058s] -- Installing: /home/samuel/Learning_ROS/ros_ws1/install/my_robot_interfaces/share/my_robot_interfaces/cmake/export_my_robot_interfaces__rosidl_generator_cExport-noconfig.cmake
[4.058s] -- Installing: /home/samuel/Learning_ROS/ros_ws1/install/my_robot_interfaces/share/my_robot_interfaces/cmake/export_my_robot_interfaces__rosidl_typesupport_fastrtps_cExport.cmake
[4.058s] -- Installing: /home/samuel/Learning_ROS/ros_ws1/install/my_robot_interfaces/share/my_robot_interfaces/cmake/export_my_robot_interfaces__rosidl_typesupport_fastrtps_cExport-noconfig.cmake
[4.058s] -- Installing: /home/samuel/Learning_ROS/ros_ws1/install/my_robot_interfaces/share/my_robot_interfaces/cmake/my_robot_interfaces__rosidl_typesupport_introspection_cExport.cmake
[4.058s] -- Installing: /home/samuel/Learning_ROS/ros_ws1/install/my_robot_interfaces/share/my_robot_interfaces/cmake/my_robot_interfaces__rosidl_typesupport_introspection_cExport-noconfig.cmake
[4.059s] -- Installing: /home/samuel/Learning_ROS/ros_ws1/install/my_robot_interfaces/share/my_robot_interfaces/cmake/my_robot_interfaces__rosidl_typesupport_cExport.cmake
[4.059s] -- Installing: /home/samuel/Learning_ROS/ros_ws1/install/my_robot_interfaces/share/my_robot_interfaces/cmake/my_robot_interfaces__rosidl_typesupport_cExport-noconfig.cmake
[4.059s] -- Installing: /home/samuel/Learning_ROS/ros_ws1/install/my_robot_interfaces/share/my_robot_interfaces/cmake/export_my_robot_interfaces__rosidl_generator_cppExport.cmake
[4.059s] -- Installing: /home/samuel/Learning_ROS/ros_ws1/install/my_robot_interfaces/share/my_robot_interfaces/cmake/export_my_robot_interfaces__rosidl_typesupport_fastrtps_cppExport.cmake
[4.059s] -- Installing: /home/samuel/Learning_ROS/ros_ws1/install/my_robot_interfaces/share/my_robot_interfaces/cmake/export_my_robot_interfaces__rosidl_typesupport_fastrtps_cppExport-noconfig.cmake
[4.060s] -- Installing: /home/samuel/Learning_ROS/ros_ws1/install/my_robot_interfaces/share/my_robot_interfaces/cmake/my_robot_interfaces__rosidl_typesupport_introspection_cppExport.cmake
[4.060s] -- Installing: /home/samuel/Learning_ROS/ros_ws1/install/my_robot_interfaces/share/my_robot_interfaces/cmake/my_robot_interfaces__rosidl_typesupport_introspection_cppExport-noconfig.cmake
[4.060s] -- Installing: /home/samuel/Learning_ROS/ros_ws1/install/my_robot_interfaces/share/my_robot_interfaces/cmake/my_robot_interfaces__rosidl_typesupport_cppExport.cmake
[4.060s] -- Installing: /home/samuel/Learning_ROS/ros_ws1/install/my_robot_interfaces/share/my_robot_interfaces/cmake/my_robot_interfaces__rosidl_typesupport_cppExport-noconfig.cmake
[4.060s] -- Installing: /home/samuel/Learning_ROS/ros_ws1/install/my_robot_interfaces/share/my_robot_interfaces/cmake/export_my_robot_interfaces__rosidl_generator_pyExport.cmake
[4.061s] -- Installing: /home/samuel/Learning_ROS/ros_ws1/install/my_robot_interfaces/share/my_robot_interfaces/cmake/export_my_robot_interfaces__rosidl_generator_pyExport-noconfig.cmake
[4.061s] -- Installing: /home/samuel/Learning_ROS/ros_ws1/install/my_robot_interfaces/share/my_robot_interfaces/cmake/rosidl_cmake-extras.cmake
[4.061s] -- Installing: /home/samuel/Learning_ROS/ros_ws1/install/my_robot_interfaces/share/my_robot_interfaces/cmake/ament_cmake_export_include_directories-extras.cmake
[4.061s] -- Installing: /home/samuel/Learning_ROS/ros_ws1/install/my_robot_interfaces/share/my_robot_interfaces/cmake/ament_cmake_export_libraries-extras.cmake
[4.061s] -- Installing: /home/samuel/Learning_ROS/ros_ws1/install/my_robot_interfaces/share/my_robot_interfaces/cmake/ament_cmake_export_targets-extras.cmake
[4.061s] -- Installing: /home/samuel/Learning_ROS/ros_ws1/install/my_robot_interfaces/share/my_robot_interfaces/cmake/rosidl_cmake_export_typesupport_targets-extras.cmake
[4.062s] -- Installing: /home/samuel/Learning_ROS/ros_ws1/install/my_robot_interfaces/share/my_robot_interfaces/cmake/ament_cmake_export_dependencies-extras.cmake
[4.062s] -- Installing: /home/samuel/Learning_ROS/ros_ws1/install/my_robot_interfaces/share/my_robot_interfaces/cmake/rosidl_cmake_export_typesupport_libraries-extras.cmake
[4.062s] -- Installing: /home/samuel/Learning_ROS/ros_ws1/install/my_robot_interfaces/share/my_robot_interfaces/cmake/my_robot_interfacesConfig.cmake
[4.062s] -- Installing: /home/samuel/Learning_ROS/ros_ws1/install/my_robot_interfaces/share/my_robot_interfaces/cmake/my_robot_interfacesConfig-version.cmake
[4.062s] -- Installing: /home/samuel/Learning_ROS/ros_ws1/install/my_robot_interfaces/share/my_robot_interfaces/package.xml
[4.065s] Invoked command in '/home/samuel/Learning_ROS/ros_ws1/build/my_robot_interfaces' returned '0': CMAKE_PREFIX_PATH=${CMAKE_PREFIX_PATH}:/home/samuel/Learning_ROS/ros_ws1/install/my_py_pkg:/opt/ros/humble /usr/bin/cmake --install /home/samuel/Learning_ROS/ros_ws1/build/my_robot_interfaces
