[0.010s] Invoking command in '/home/samuel/Learning_ROS/ros_ws1/build/my_robot_bringup': CMAKE_PREFIX_PATH=${CMAKE_PREFIX_PATH}:/home/samuel/Learning_ROS/ros_ws1/install/my_py_pkg:/opt/ros/humble /usr/bin/cmake /home/samuel/Learning_ROS/ros_ws1/src/my_robot_bringup -DAMENT_CMAKE_SYMLINK_INSTALL=1 -DCMAKE_INSTALL_PREFIX=/home/samuel/Learning_ROS/ros_ws1/install/my_robot_bringup
[0.191s] -- The C compiler identification is GNU 11.4.0
[0.311s] -- The CXX compiler identification is GNU 11.4.0
[0.323s] -- Detecting C compiler ABI info
[0.395s] -- Detecting C compiler ABI info - done
[0.401s] -- Check for working C compiler: /usr/bin/cc - skipped
[0.401s] -- Detecting C compile features
[0.402s] -- Detecting C compile features - done
[0.405s] -- Detecting CXX compiler ABI info
[0.478s] -- Detecting CXX compiler ABI info - done
[0.490s] -- Check for working CXX compiler: /usr/bin/c++ - skipped
[0.491s] -- Detecting CXX compile features
[0.492s] -- Detecting CXX compile features - done
[0.499s] -- Found ament_cmake: 1.3.10 (/opt/ros/humble/share/ament_cmake/cmake)
[0.642s] -- Found Python3: /usr/bin/python3 (found version "3.10.12") found components: Interpreter 
[0.699s] -- Override CMake install command with custom implementation using symlinks instead of copying resources
[0.798s] -- Configuring done
[0.803s] -- Generating done
[0.804s] -- Build files have been written to: /home/samuel/Learning_ROS/ros_ws1/build/my_robot_bringup
[0.811s] Invoked command in '/home/samuel/Learning_ROS/ros_ws1/build/my_robot_bringup' returned '0': CMAKE_PREFIX_PATH=${CMAKE_PREFIX_PATH}:/home/samuel/Learning_ROS/ros_ws1/install/my_py_pkg:/opt/ros/humble /usr/bin/cmake /home/samuel/Learning_ROS/ros_ws1/src/my_robot_bringup -DAMENT_CMAKE_SYMLINK_INSTALL=1 -DCMAKE_INSTALL_PREFIX=/home/samuel/Learning_ROS/ros_ws1/install/my_robot_bringup
[0.813s] Invoking command in '/home/samuel/Learning_ROS/ros_ws1/build/my_robot_bringup': CMAKE_PREFIX_PATH=${CMAKE_PREFIX_PATH}:/home/samuel/Learning_ROS/ros_ws1/install/my_py_pkg:/opt/ros/humble /usr/bin/cmake --build /home/samuel/Learning_ROS/ros_ws1/build/my_robot_bringup -- -j12 -l12
[0.849s] Invoked command in '/home/samuel/Learning_ROS/ros_ws1/build/my_robot_bringup' returned '0': CMAKE_PREFIX_PATH=${CMAKE_PREFIX_PATH}:/home/samuel/Learning_ROS/ros_ws1/install/my_py_pkg:/opt/ros/humble /usr/bin/cmake --build /home/samuel/Learning_ROS/ros_ws1/build/my_robot_bringup -- -j12 -l12
[0.876s] Invoking command in '/home/samuel/Learning_ROS/ros_ws1/build/my_robot_bringup': CMAKE_PREFIX_PATH=${CMAKE_PREFIX_PATH}:/home/samuel/Learning_ROS/ros_ws1/install/my_py_pkg:/opt/ros/humble /usr/bin/cmake --install /home/samuel/Learning_ROS/ros_ws1/build/my_robot_bringup
[0.883s] -- Install configuration: ""
[0.884s] -- Execute custom install script
[0.884s] -- Symlinking: /home/samuel/Learning_ROS/ros_ws1/install/my_robot_bringup/share/my_robot_bringup/launch/number_app.launch.py
[0.894s] -- Symlinking: /home/samuel/Learning_ROS/ros_ws1/install/my_robot_bringup/share/ament_index/resource_index/package_run_dependencies/my_robot_bringup
[0.901s] -- Symlinking: /home/samuel/Learning_ROS/ros_ws1/install/my_robot_bringup/share/ament_index/resource_index/parent_prefix_path/my_robot_bringup
[0.909s] -- Symlinking: /home/samuel/Learning_ROS/ros_ws1/install/my_robot_bringup/share/my_robot_bringup/environment/ament_prefix_path.sh
[0.916s] -- Symlinking: /home/samuel/Learning_ROS/ros_ws1/install/my_robot_bringup/share/my_robot_bringup/environment/ament_prefix_path.dsv
[0.924s] -- Symlinking: /home/samuel/Learning_ROS/ros_ws1/install/my_robot_bringup/share/my_robot_bringup/environment/path.sh
[0.932s] -- Symlinking: /home/samuel/Learning_ROS/ros_ws1/install/my_robot_bringup/share/my_robot_bringup/environment/path.dsv
[0.940s] -- Symlinking: /home/samuel/Learning_ROS/ros_ws1/install/my_robot_bringup/share/my_robot_bringup/local_setup.bash
[0.948s] -- Symlinking: /home/samuel/Learning_ROS/ros_ws1/install/my_robot_bringup/share/my_robot_bringup/local_setup.sh
[0.957s] -- Symlinking: /home/samuel/Learning_ROS/ros_ws1/install/my_robot_bringup/share/my_robot_bringup/local_setup.zsh
[0.967s] -- Symlinking: /home/samuel/Learning_ROS/ros_ws1/install/my_robot_bringup/share/my_robot_bringup/local_setup.dsv
[0.977s] -- Symlinking: /home/samuel/Learning_ROS/ros_ws1/install/my_robot_bringup/share/my_robot_bringup/package.dsv
[0.984s] -- Symlinking: /home/samuel/Learning_ROS/ros_ws1/install/my_robot_bringup/share/ament_index/resource_index/packages/my_robot_bringup
[0.992s] -- Symlinking: /home/samuel/Learning_ROS/ros_ws1/install/my_robot_bringup/share/my_robot_bringup/cmake/my_robot_bringupConfig.cmake
[0.999s] -- Symlinking: /home/samuel/Learning_ROS/ros_ws1/install/my_robot_bringup/share/my_robot_bringup/cmake/my_robot_bringupConfig-version.cmake
[1.009s] -- Symlinking: /home/samuel/Learning_ROS/ros_ws1/install/my_robot_bringup/share/my_robot_bringup/package.xml
[1.021s] Invoked command in '/home/samuel/Learning_ROS/ros_ws1/build/my_robot_bringup' returned '0': CMAKE_PREFIX_PATH=${CMAKE_PREFIX_PATH}:/home/samuel/Learning_ROS/ros_ws1/install/my_py_pkg:/opt/ros/humble /usr/bin/cmake --install /home/samuel/Learning_ROS/ros_ws1/build/my_robot_bringup
