[0.151s] Invoking command in '/root/ros2_ws/build/my_cpp_pkg': CMAKE_PREFIX_PATH=/root/ros2_ws/install/my_robot_interfaces:/root/ros2_ws/install/my_robot_bringup:/root/ros2_ws/install/my_cpp_pkg:/root/ros2_ws/install/my_py_pkg:/opt/ros/humble LD_LIBRARY_PATH=/root/ros2_ws/install/my_robot_interfaces/lib:/usr/lib/x86_64-linux-gnu/gazebo-11/plugins:/opt/ros/humble/opt/rviz_ogre_vendor/lib:/opt/ros/humble/lib/x86_64-linux-gnu:/opt/ros/humble/lib:/usr/share/gazebo/../../lib/x86_64-linux-gnu/gazebo-11/plugins /usr/bin/cmake --build /root/ros2_ws/build/my_cpp_pkg -- -j4 -l4
[0.324s] -- Found ament_cmake: 1.3.10 (/opt/ros/humble/share/ament_cmake/cmake)
[0.776s] -- Found rclcpp: 16.0.10 (/opt/ros/humble/share/rclcpp/cmake)
[0.879s] -- Found rosidl_generator_c: 3.1.5 (/opt/ros/humble/share/rosidl_generator_c/cmake)
[0.887s] -- Found rosidl_adapter: 3.1.5 (/opt/ros/humble/share/rosidl_adapter/cmake)
[0.908s] -- Found rosidl_generator_cpp: 3.1.5 (/opt/ros/humble/share/rosidl_generator_cpp/cmake)
[0.936s] -- Using all available rosidl_typesupport_c: rosidl_typesupport_fastrtps_c;rosidl_typesupport_introspection_c
[0.973s] -- Using all available rosidl_typesupport_cpp: rosidl_typesupport_fastrtps_cpp;rosidl_typesupport_introspection_cpp
[1.100s] -- Found rmw_implementation_cmake: 6.1.2 (/opt/ros/humble/share/rmw_implementation_cmake/cmake)
[1.105s] -- Found rmw_fastrtps_cpp: 6.2.7 (/opt/ros/humble/share/rmw_fastrtps_cpp/cmake)
[1.675s] -- Using RMW implementation 'rmw_fastrtps_cpp' as default
[1.856s] -- Found example_interfaces: 0.9.3 (/opt/ros/humble/share/example_interfaces/cmake)
[2.057s] -- Found my_robot_interfaces: 0.0.0 (/root/ros2_ws/install/my_robot_interfaces/share/my_robot_interfaces/cmake)
[2.517s] -- Configuring done
[2.545s] [33mCMake Warning (dev) at CMakeLists.txt:30 (add_executable):
[2.547s]   Policy CMP0115 is not set: Source file extensions must be explicit.  Run
[2.549s]   "cmake --help-policy CMP0115" for policy details.  Use the cmake_policy
[2.551s]   command to set the policy and suppress this warning.
[2.552s] 
[2.555s]   File:
[2.557s] 
[2.559s]     /root/ros2_ws/src/my_cpp_pkg/src/add_two_ints_client.cpp
[2.560s] This warning is for project developers.  Use -Wno-dev to suppress it.
[2.562s] [0m
[2.563s] [33mCMake Warning (dev) at CMakeLists.txt:33 (add_executable):
[2.564s]   Policy CMP0115 is not set: Source file extensions must be explicit.  Run
[2.566s]   "cmake --help-policy CMP0115" for policy details.  Use the cmake_policy
[2.567s]   command to set the policy and suppress this warning.
[2.569s] 
[2.571s]   File:
[2.573s] 
[2.575s]     /root/ros2_ws/src/my_cpp_pkg/src/add_two_ints_client_no_oop.cpp
[2.577s] This warning is for project developers.  Use -Wno-dev to suppress it.
[2.580s] [0m
[2.584s] [33mCMake Warning (dev) at CMakeLists.txt:36 (add_executable):
[2.586s]   Policy CMP0115 is not set: Source file extensions must be explicit.  Run
[2.657s]   "cmake --help-policy CMP0115" for policy details.  Use the cmake_policy
[2.664s]   command to set the policy and suppress this warning.
[2.674s] 
[2.680s]   File:
[2.683s] 
[2.685s]     /root/ros2_ws/src/my_cpp_pkg/src/hw_status_publisher.cpp
[2.689s] This warning is for project developers.  Use -Wno-dev to suppress it.
[2.691s] [0m
[3.400s] -- Generating done
[3.518s] -- Build files have been written to: /root/ros2_ws/build/my_cpp_pkg
[3.888s] [35m[1mConsolidate compiler generated dependencies of target cpp_node[0m
[3.900s] [35m[1mConsolidate compiler generated dependencies of target add_two_ints_server[0m
[3.906s] [35m[1mConsolidate compiler generated dependencies of target robot_news_station[0m
[3.914s] [35m[1mConsolidate compiler generated dependencies of target smartphone[0m
[5.286s] [ 14%] Built target add_two_ints_server
[5.301s] [ 28%] Built target robot_news_station
[5.324s] [ 42%] Built target smartphone
[5.385s] [ 57%] Built target cpp_node
[5.502s] [35m[1mConsolidate compiler generated dependencies of target add_two_ints_client_no_oop[0m
[5.509s] [35m[1mConsolidate compiler generated dependencies of target add_two_ints_client[0m
[5.515s] [35m[1mConsolidate compiler generated dependencies of target hardware_status_publisher[0m
[6.837s] [ 71%] Built target add_two_ints_client
[6.850s] [ 78%] [32m[1mLinking CXX executable hardware_status_publisher[0m
[6.880s] [ 92%] Built target add_two_ints_client_no_oop
[8.088s] [100%] Built target hardware_status_publisher
[8.155s] Invoked command in '/root/ros2_ws/build/my_cpp_pkg' returned '0': CMAKE_PREFIX_PATH=/root/ros2_ws/install/my_robot_interfaces:/root/ros2_ws/install/my_robot_bringup:/root/ros2_ws/install/my_cpp_pkg:/root/ros2_ws/install/my_py_pkg:/opt/ros/humble LD_LIBRARY_PATH=/root/ros2_ws/install/my_robot_interfaces/lib:/usr/lib/x86_64-linux-gnu/gazebo-11/plugins:/opt/ros/humble/opt/rviz_ogre_vendor/lib:/opt/ros/humble/lib/x86_64-linux-gnu:/opt/ros/humble/lib:/usr/share/gazebo/../../lib/x86_64-linux-gnu/gazebo-11/plugins /usr/bin/cmake --build /root/ros2_ws/build/my_cpp_pkg -- -j4 -l4
[8.999s] Invoking command in '/root/ros2_ws/build/my_cpp_pkg': CMAKE_PREFIX_PATH=/root/ros2_ws/install/my_robot_interfaces:/root/ros2_ws/install/my_robot_bringup:/root/ros2_ws/install/my_cpp_pkg:/root/ros2_ws/install/my_py_pkg:/opt/ros/humble LD_LIBRARY_PATH=/root/ros2_ws/install/my_robot_interfaces/lib:/usr/lib/x86_64-linux-gnu/gazebo-11/plugins:/opt/ros/humble/opt/rviz_ogre_vendor/lib:/opt/ros/humble/lib/x86_64-linux-gnu:/opt/ros/humble/lib:/usr/share/gazebo/../../lib/x86_64-linux-gnu/gazebo-11/plugins /usr/bin/cmake --install /root/ros2_ws/build/my_cpp_pkg
[9.031s] -- Install configuration: ""
[9.034s] -- Up-to-date: /root/ros2_ws/install/my_cpp_pkg/lib/my_cpp_pkg/cpp_node
[9.040s] -- Up-to-date: /root/ros2_ws/install/my_cpp_pkg/lib/my_cpp_pkg/robot_news_station
[9.047s] -- Up-to-date: /root/ros2_ws/install/my_cpp_pkg/lib/my_cpp_pkg/smartphone
[9.053s] -- Up-to-date: /root/ros2_ws/install/my_cpp_pkg/lib/my_cpp_pkg/add_two_ints_server
[9.059s] -- Up-to-date: /root/ros2_ws/install/my_cpp_pkg/lib/my_cpp_pkg/add_two_ints_client
[9.064s] -- Up-to-date: /root/ros2_ws/install/my_cpp_pkg/lib/my_cpp_pkg/add_two_ints_client_no_oop
[9.070s] -- Installing: /root/ros2_ws/install/my_cpp_pkg/lib/my_cpp_pkg/hardware_status_publisher
[9.157s] -- Set runtime path of "/root/ros2_ws/install/my_cpp_pkg/lib/my_cpp_pkg/hardware_status_publisher" to ""
[9.161s] -- Up-to-date: /root/ros2_ws/install/my_cpp_pkg/share/ament_index/resource_index/package_run_dependencies/my_cpp_pkg
[9.163s] -- Up-to-date: /root/ros2_ws/install/my_cpp_pkg/share/ament_index/resource_index/parent_prefix_path/my_cpp_pkg
[9.166s] -- Up-to-date: /root/ros2_ws/install/my_cpp_pkg/share/my_cpp_pkg/environment/ament_prefix_path.sh
[9.170s] -- Installing: /root/ros2_ws/install/my_cpp_pkg/share/my_cpp_pkg/environment/ament_prefix_path.dsv
[9.185s] -- Up-to-date: /root/ros2_ws/install/my_cpp_pkg/share/my_cpp_pkg/environment/path.sh
[9.192s] -- Installing: /root/ros2_ws/install/my_cpp_pkg/share/my_cpp_pkg/environment/path.dsv
[9.207s] -- Up-to-date: /root/ros2_ws/install/my_cpp_pkg/share/my_cpp_pkg/local_setup.bash
[9.210s] -- Up-to-date: /root/ros2_ws/install/my_cpp_pkg/share/my_cpp_pkg/local_setup.sh
[9.213s] -- Up-to-date: /root/ros2_ws/install/my_cpp_pkg/share/my_cpp_pkg/local_setup.zsh
[9.217s] -- Installing: /root/ros2_ws/install/my_cpp_pkg/share/my_cpp_pkg/local_setup.dsv
[9.249s] -- Installing: /root/ros2_ws/install/my_cpp_pkg/share/my_cpp_pkg/package.dsv
[9.264s] -- Up-to-date: /root/ros2_ws/install/my_cpp_pkg/share/ament_index/resource_index/packages/my_cpp_pkg
[9.266s] -- Up-to-date: /root/ros2_ws/install/my_cpp_pkg/share/my_cpp_pkg/cmake/my_cpp_pkgConfig.cmake
[9.268s] -- Up-to-date: /root/ros2_ws/install/my_cpp_pkg/share/my_cpp_pkg/cmake/my_cpp_pkgConfig-version.cmake
[9.272s] -- Up-to-date: /root/ros2_ws/install/my_cpp_pkg/share/my_cpp_pkg/package.xml
[9.280s] Invoked command in '/root/ros2_ws/build/my_cpp_pkg' returned '0': CMAKE_PREFIX_PATH=/root/ros2_ws/install/my_robot_interfaces:/root/ros2_ws/install/my_robot_bringup:/root/ros2_ws/install/my_cpp_pkg:/root/ros2_ws/install/my_py_pkg:/opt/ros/humble LD_LIBRARY_PATH=/root/ros2_ws/install/my_robot_interfaces/lib:/usr/lib/x86_64-linux-gnu/gazebo-11/plugins:/opt/ros/humble/opt/rviz_ogre_vendor/lib:/opt/ros/humble/lib/x86_64-linux-gnu:/opt/ros/humble/lib:/usr/share/gazebo/../../lib/x86_64-linux-gnu/gazebo-11/plugins /usr/bin/cmake --install /root/ros2_ws/build/my_cpp_pkg
