[2.021s] Invoking command in '/root/ros2_ws/build/my_py_pkg': PYTHONPATH=/root/ros2_ws/build/my_py_pkg/prefix_override:/usr/lib/python3/dist-packages/colcon_core/task/python/colcon_distutils_commands:/root/ros2_ws/install/my_py_pkg/lib/python3.10/site-packages:${PYTHONPATH} /usr/bin/python3 -W ignore:setup.py install is deprecated setup.py develop --editable --build-directory /root/ros2_ws/build/my_py_pkg/build --no-deps symlink_data
[2.771s] running develop
[3.222s] running egg_info
[3.224s] writing my_py_pkg.egg-info/PKG-INFO
[3.227s] writing dependency_links to my_py_pkg.egg-info/dependency_links.txt
[3.230s] writing entry points to my_py_pkg.egg-info/entry_points.txt
[3.233s] writing requirements to my_py_pkg.egg-info/requires.txt
[3.236s] writing top-level names to my_py_pkg.egg-info/top_level.txt
[3.261s] reading manifest file 'my_py_pkg.egg-info/SOURCES.txt'
[3.281s] writing manifest file 'my_py_pkg.egg-info/SOURCES.txt'
[3.285s] running build_ext
[3.287s] Creating /root/ros2_ws/install/my_py_pkg/lib/python3.10/site-packages/my-py-pkg.egg-link (link to .)
[3.295s] Installing add_two_ints_client script to /root/ros2_ws/install/my_py_pkg/lib/my_py_pkg
[3.300s] Installing add_two_ints_client_no_oop script to /root/ros2_ws/install/my_py_pkg/lib/my_py_pkg
[3.307s] Installing add_two_ints_server script to /root/ros2_ws/install/my_py_pkg/lib/my_py_pkg
[3.314s] Installing battery_node script to /root/ros2_ws/install/my_py_pkg/lib/my_py_pkg
[3.322s] Installing hw_status_publisher script to /root/ros2_ws/install/my_py_pkg/lib/my_py_pkg
[3.327s] Installing led_panel_node script to /root/ros2_ws/install/my_py_pkg/lib/my_py_pkg
[3.334s] Installing number_counter script to /root/ros2_ws/install/my_py_pkg/lib/my_py_pkg
[3.339s] Installing number_publisher script to /root/ros2_ws/install/my_py_pkg/lib/my_py_pkg
[3.345s] Installing py_node script to /root/ros2_ws/install/my_py_pkg/lib/my_py_pkg
[3.350s] Installing reset_counter_client_node script to /root/ros2_ws/install/my_py_pkg/lib/my_py_pkg
[3.357s] Installing robot_news_station script to /root/ros2_ws/install/my_py_pkg/lib/my_py_pkg
[3.363s] Installing smartphone script to /root/ros2_ws/install/my_py_pkg/lib/my_py_pkg
[3.370s] 
[3.372s] Installed /root/ros2_ws/build/my_py_pkg
[3.374s] running symlink_data
[3.478s] Invoked command in '/root/ros2_ws/build/my_py_pkg' returned '0': PYTHONPATH=/root/ros2_ws/build/my_py_pkg/prefix_override:/usr/lib/python3/dist-packages/colcon_core/task/python/colcon_distutils_commands:/root/ros2_ws/install/my_py_pkg/lib/python3.10/site-packages:${PYTHONPATH} /usr/bin/python3 -W ignore:setup.py install is deprecated setup.py develop --editable --build-directory /root/ros2_ws/build/my_py_pkg/build --no-deps symlink_data
