[0.513s] Invoking command in '/home/samuel/Learning_ROS/final_project_ros2_ws/src/turtle_sim_catch_them_all': AMENT_PREFIX_PATH=/home/samuel/Learning_ROS/final_project_ros2_ws/install/turtlesim_project_interfaces:${AMENT_PREFIX_PATH} CMAKE_PREFIX_PATH=/home/samuel/Learning_ROS/final_project_ros2_ws/install/turtlesim_project_interfaces:${CMAKE_PREFIX_PATH} LD_LIBRARY_PATH=/home/samuel/Learning_ROS/final_project_ros2_ws/install/turtlesim_project_interfaces/lib:${LD_LIBRARY_PATH} PYTHONPATH=/home/samuel/Learning_ROS/final_project_ros2_ws/build/turtle_sim_catch_them_all/prefix_override:/usr/lib/python3/dist-packages/colcon_core/task/python/colcon_distutils_commands:/home/samuel/Learning_ROS/final_project_ros2_ws/install/turtle_sim_catch_them_all/lib/python3.10/site-packages:/home/samuel/Learning_ROS/final_project_ros2_ws/install/turtlesim_project_interfaces/local/lib/python3.10/dist-packages:${PYTHONPATH} /usr/bin/python3 -W ignore:setup.py install is deprecated setup.py egg_info --egg-base ../../build/turtle_sim_catch_them_all build --build-base /home/samuel/Learning_ROS/final_project_ros2_ws/build/turtle_sim_catch_them_all/build install --record /home/samuel/Learning_ROS/final_project_ros2_ws/build/turtle_sim_catch_them_all/install.log --single-version-externally-managed install_data
[0.711s] running egg_info
[0.712s] writing ../../build/turtle_sim_catch_them_all/turtle_sim_catch_them_all.egg-info/PKG-INFO
[0.712s] writing dependency_links to ../../build/turtle_sim_catch_them_all/turtle_sim_catch_them_all.egg-info/dependency_links.txt
[0.712s] writing entry points to ../../build/turtle_sim_catch_them_all/turtle_sim_catch_them_all.egg-info/entry_points.txt
[0.712s] writing requirements to ../../build/turtle_sim_catch_them_all/turtle_sim_catch_them_all.egg-info/requires.txt
[0.712s] writing top-level names to ../../build/turtle_sim_catch_them_all/turtle_sim_catch_them_all.egg-info/top_level.txt
[0.713s] reading manifest file '../../build/turtle_sim_catch_them_all/turtle_sim_catch_them_all.egg-info/SOURCES.txt'
[0.714s] writing manifest file '../../build/turtle_sim_catch_them_all/turtle_sim_catch_them_all.egg-info/SOURCES.txt'
[0.714s] running build
[0.714s] running build_py
[0.714s] copying turtle_sim_catch_them_all/turtle_spawner.py -> /home/samuel/Learning_ROS/final_project_ros2_ws/build/turtle_sim_catch_them_all/build/lib/turtle_sim_catch_them_all
[0.714s] running install
[0.715s] running install_lib
[0.715s] copying /home/samuel/Learning_ROS/final_project_ros2_ws/build/turtle_sim_catch_them_all/build/lib/turtle_sim_catch_them_all/turtle_spawner.py -> /home/samuel/Learning_ROS/final_project_ros2_ws/install/turtle_sim_catch_them_all/lib/python3.10/site-packages/turtle_sim_catch_them_all
[0.715s] byte-compiling /home/samuel/Learning_ROS/final_project_ros2_ws/install/turtle_sim_catch_them_all/lib/python3.10/site-packages/turtle_sim_catch_them_all/turtle_spawner.py to turtle_spawner.cpython-310.pyc
[0.716s] running install_data
[0.716s] running install_egg_info
[0.717s] removing '/home/samuel/Learning_ROS/final_project_ros2_ws/install/turtle_sim_catch_them_all/lib/python3.10/site-packages/turtle_sim_catch_them_all-0.0.0-py3.10.egg-info' (and everything under it)
[0.718s] Copying ../../build/turtle_sim_catch_them_all/turtle_sim_catch_them_all.egg-info to /home/samuel/Learning_ROS/final_project_ros2_ws/install/turtle_sim_catch_them_all/lib/python3.10/site-packages/turtle_sim_catch_them_all-0.0.0-py3.10.egg-info
[0.718s] running install_scripts
[0.732s] Installing turtle_controller script to /home/samuel/Learning_ROS/final_project_ros2_ws/install/turtle_sim_catch_them_all/lib/turtle_sim_catch_them_all
[0.733s] Installing turtle_spawner script to /home/samuel/Learning_ROS/final_project_ros2_ws/install/turtle_sim_catch_them_all/lib/turtle_sim_catch_them_all
[0.733s] writing list of installed files to '/home/samuel/Learning_ROS/final_project_ros2_ws/build/turtle_sim_catch_them_all/install.log'
[0.750s] Invoked command in '/home/samuel/Learning_ROS/final_project_ros2_ws/src/turtle_sim_catch_them_all' returned '0': AMENT_PREFIX_PATH=/home/samuel/Learning_ROS/final_project_ros2_ws/install/turtlesim_project_interfaces:${AMENT_PREFIX_PATH} CMAKE_PREFIX_PATH=/home/samuel/Learning_ROS/final_project_ros2_ws/install/turtlesim_project_interfaces:${CMAKE_PREFIX_PATH} LD_LIBRARY_PATH=/home/samuel/Learning_ROS/final_project_ros2_ws/install/turtlesim_project_interfaces/lib:${LD_LIBRARY_PATH} PYTHONPATH=/home/samuel/Learning_ROS/final_project_ros2_ws/build/turtle_sim_catch_them_all/prefix_override:/usr/lib/python3/dist-packages/colcon_core/task/python/colcon_distutils_commands:/home/samuel/Learning_ROS/final_project_ros2_ws/install/turtle_sim_catch_them_all/lib/python3.10/site-packages:/home/samuel/Learning_ROS/final_project_ros2_ws/install/turtlesim_project_interfaces/local/lib/python3.10/dist-packages:${PYTHONPATH} /usr/bin/python3 -W ignore:setup.py install is deprecated setup.py egg_info --egg-base ../../build/turtle_sim_catch_them_all build --build-base /home/samuel/Learning_ROS/final_project_ros2_ws/build/turtle_sim_catch_them_all/build install --record /home/samuel/Learning_ROS/final_project_ros2_ws/build/turtle_sim_catch_them_all/install.log --single-version-externally-managed install_data
