[0.011s] Invoking command in '/home/samuel/Learning_ROS/ros_ws1/build/my_cpp_pkg': CMAKE_PREFIX_PATH=${CMAKE_PREFIX_PATH}:/home/samuel/Learning_ROS/ros_ws1/install/my_py_pkg:/opt/ros/humble /usr/bin/cmake --build /home/samuel/Learning_ROS/ros_ws1/build/my_cpp_pkg -- -j12 -l12
[0.046s] [35m[1mConsolidate compiler generated dependencies of target cpp_node[0m
[0.065s] [ 50%] [32mBuilding CXX object CMakeFiles/cpp_node.dir/src/my_first_node.cpp.o[0m
[2.273s] [100%] [32m[1mLinking CXX executable cpp_node[0m
[2.372s] [100%] Built target cpp_node
[2.382s] Invoked command in '/home/samuel/Learning_ROS/ros_ws1/build/my_cpp_pkg' returned '0': CMAKE_PREFIX_PATH=${CMAKE_PREFIX_PATH}:/home/samuel/Learning_ROS/ros_ws1/install/my_py_pkg:/opt/ros/humble /usr/bin/cmake --build /home/samuel/Learning_ROS/ros_ws1/build/my_cpp_pkg -- -j12 -l12
[2.416s] Invoking command in '/home/samuel/Learning_ROS/ros_ws1/build/my_cpp_pkg': CMAKE_PREFIX_PATH=${CMAKE_PREFIX_PATH}:/home/samuel/Learning_ROS/ros_ws1/install/my_py_pkg:/opt/ros/humble /usr/bin/cmake --install /home/samuel/Learning_ROS/ros_ws1/build/my_cpp_pkg
[2.423s] -- Install configuration: ""
[2.423s] -- Installing: /home/samuel/Learning_ROS/ros_ws1/install/my_cpp_pkg/lib/my_cpp_pkg/cpp_node
[2.424s] -- Set runtime path of "/home/samuel/Learning_ROS/ros_ws1/install/my_cpp_pkg/lib/my_cpp_pkg/cpp_node" to ""
[2.424s] -- Up-to-date: /home/samuel/Learning_ROS/ros_ws1/install/my_cpp_pkg/share/ament_index/resource_index/package_run_dependencies/my_cpp_pkg
[2.424s] -- Up-to-date: /home/samuel/Learning_ROS/ros_ws1/install/my_cpp_pkg/share/ament_index/resource_index/parent_prefix_path/my_cpp_pkg
[2.424s] -- Up-to-date: /home/samuel/Learning_ROS/ros_ws1/install/my_cpp_pkg/share/my_cpp_pkg/environment/ament_prefix_path.sh
[2.424s] -- Up-to-date: /home/samuel/Learning_ROS/ros_ws1/install/my_cpp_pkg/share/my_cpp_pkg/environment/ament_prefix_path.dsv
[2.424s] -- Up-to-date: /home/samuel/Learning_ROS/ros_ws1/install/my_cpp_pkg/share/my_cpp_pkg/environment/path.sh
[2.424s] -- Up-to-date: /home/samuel/Learning_ROS/ros_ws1/install/my_cpp_pkg/share/my_cpp_pkg/environment/path.dsv
[2.424s] -- Up-to-date: /home/samuel/Learning_ROS/ros_ws1/install/my_cpp_pkg/share/my_cpp_pkg/local_setup.bash
[2.424s] -- Up-to-date: /home/samuel/Learning_ROS/ros_ws1/install/my_cpp_pkg/share/my_cpp_pkg/local_setup.sh
[2.424s] -- Up-to-date: /home/samuel/Learning_ROS/ros_ws1/install/my_cpp_pkg/share/my_cpp_pkg/local_setup.zsh
[2.424s] -- Up-to-date: /home/samuel/Learning_ROS/ros_ws1/install/my_cpp_pkg/share/my_cpp_pkg/local_setup.dsv
[2.424s] -- Installing: /home/samuel/Learning_ROS/ros_ws1/install/my_cpp_pkg/share/my_cpp_pkg/package.dsv
[2.424s] -- Up-to-date: /home/samuel/Learning_ROS/ros_ws1/install/my_cpp_pkg/share/ament_index/resource_index/packages/my_cpp_pkg
[2.424s] -- Up-to-date: /home/samuel/Learning_ROS/ros_ws1/install/my_cpp_pkg/share/my_cpp_pkg/cmake/my_cpp_pkgConfig.cmake
[2.424s] -- Up-to-date: /home/samuel/Learning_ROS/ros_ws1/install/my_cpp_pkg/share/my_cpp_pkg/cmake/my_cpp_pkgConfig-version.cmake
[2.424s] -- Up-to-date: /home/samuel/Learning_ROS/ros_ws1/install/my_cpp_pkg/share/my_cpp_pkg/package.xml
[2.426s] Invoked command in '/home/samuel/Learning_ROS/ros_ws1/build/my_cpp_pkg' returned '0': CMAKE_PREFIX_PATH=${CMAKE_PREFIX_PATH}:/home/samuel/Learning_ROS/ros_ws1/install/my_py_pkg:/opt/ros/humble /usr/bin/cmake --install /home/samuel/Learning_ROS/ros_ws1/build/my_cpp_pkg
