[0.011s] Invoking command in '/home/samuel/Learning_ROS/final_project_ros2_ws/build/turtlesim_project_interfaces': CMAKE_PREFIX_PATH=${CMAKE_PREFIX_PATH}:/home/samuel/Learning_ROS/final_project_ros2_ws/install/turtle_sim_catch_them_all:/home/samuel/Learning_ROS/ros_ws1/install/my_py_pkg:/opt/ros/humble /usr/bin/cmake --build /home/samuel/Learning_ROS/final_project_ros2_ws/build/turtlesim_project_interfaces -- -j12 -l12
[0.055s] [  2%] Built target turtlesim_project_interfaces__cpp
[0.058s] [ 12%] Built target turtlesim_project_interfaces__rosidl_generator_c
[0.065s] [ 12%] Built target ament_cmake_python_copy_turtlesim_project_interfaces
[0.076s] [ 23%] Built target turtlesim_project_interfaces__rosidl_typesupport_introspection_cpp
[0.078s] [ 43%] Built target turtlesim_project_interfaces__rosidl_typesupport_fastrtps_cpp
[0.078s] [ 43%] Built target turtlesim_project_interfaces__rosidl_typesupport_cpp
[0.079s] [ 53%] Built target turtlesim_project_interfaces__rosidl_typesupport_c
[0.080s] [ 64%] Built target turtlesim_project_interfaces__rosidl_typesupport_fastrtps_c
[0.080s] [ 74%] Built target turtlesim_project_interfaces__rosidl_typesupport_introspection_c
[0.098s] [ 74%] Built target turtlesim_project_interfaces
[0.115s] [ 76%] Built target turtlesim_project_interfaces__py
[0.134s] [ 84%] Built target turtlesim_project_interfaces__rosidl_generator_py
[0.154s] [ 94%] Built target turtlesim_project_interfaces__rosidl_typesupport_fastrtps_c__pyext
[0.154s] [ 94%] Built target turtlesim_project_interfaces__rosidl_typesupport_c__pyext
[0.156s] [100%] Built target turtlesim_project_interfaces__rosidl_typesupport_introspection_c__pyext
[0.265s] running egg_info
[0.265s] writing turtlesim_project_interfaces.egg-info/PKG-INFO
[0.265s] writing dependency_links to turtlesim_project_interfaces.egg-info/dependency_links.txt
[0.265s] writing top-level names to turtlesim_project_interfaces.egg-info/top_level.txt
[0.266s] reading manifest file 'turtlesim_project_interfaces.egg-info/SOURCES.txt'
[0.267s] writing manifest file 'turtlesim_project_interfaces.egg-info/SOURCES.txt'
[0.289s] [100%] Built target ament_cmake_python_build_turtlesim_project_interfaces_egg
[0.301s] Invoked command in '/home/samuel/Learning_ROS/final_project_ros2_ws/build/turtlesim_project_interfaces' returned '0': CMAKE_PREFIX_PATH=${CMAKE_PREFIX_PATH}:/home/samuel/Learning_ROS/final_project_ros2_ws/install/turtle_sim_catch_them_all:/home/samuel/Learning_ROS/ros_ws1/install/my_py_pkg:/opt/ros/humble /usr/bin/cmake --build /home/samuel/Learning_ROS/final_project_ros2_ws/build/turtlesim_project_interfaces -- -j12 -l12
[0.390s] Invoking command in '/home/samuel/Learning_ROS/final_project_ros2_ws/build/turtlesim_project_interfaces': CMAKE_PREFIX_PATH=${CMAKE_PREFIX_PATH}:/home/samuel/Learning_ROS/final_project_ros2_ws/install/turtle_sim_catch_them_all:/home/samuel/Learning_ROS/ros_ws1/install/my_py_pkg:/opt/ros/humble /usr/bin/cmake --install /home/samuel/Learning_ROS/final_project_ros2_ws/build/turtlesim_project_interfaces
[0.398s] -- Install configuration: ""
[0.398s] -- Up-to-date: /home/samuel/Learning_ROS/final_project_ros2_ws/install/turtlesim_project_interfaces/share/ament_index/resource_index/rosidl_interfaces/turtlesim_project_interfaces
[0.398s] -- Up-to-date: /home/samuel/Learning_ROS/final_project_ros2_ws/install/turtlesim_project_interfaces/include/turtlesim_project_interfaces/turtlesim_project_interfaces
[0.398s] -- Up-to-date: /home/samuel/Learning_ROS/final_project_ros2_ws/install/turtlesim_project_interfaces/include/turtlesim_project_interfaces/turtlesim_project_interfaces/msg
[0.398s] -- Up-to-date: /home/samuel/Learning_ROS/final_project_ros2_ws/install/turtlesim_project_interfaces/include/turtlesim_project_interfaces/turtlesim_project_interfaces/msg/rosidl_generator_c__visibility_control.h
[0.398s] -- Up-to-date: /home/samuel/Learning_ROS/final_project_ros2_ws/install/turtlesim_project_interfaces/include/turtlesim_project_interfaces/turtlesim_project_interfaces/msg/detail
[0.398s] -- Up-to-date: /home/samuel/Learning_ROS/final_project_ros2_ws/install/turtlesim_project_interfaces/include/turtlesim_project_interfaces/turtlesim_project_interfaces/msg/detail/turtle_array__functions.h
[0.398s] -- Up-to-date: /home/samuel/Learning_ROS/final_project_ros2_ws/install/turtlesim_project_interfaces/include/turtlesim_project_interfaces/turtlesim_project_interfaces/msg/detail/turtle__functions.h
[0.399s] -- Up-to-date: /home/samuel/Learning_ROS/final_project_ros2_ws/install/turtlesim_project_interfaces/include/turtlesim_project_interfaces/turtlesim_project_interfaces/msg/detail/turtle_array__struct.h
[0.399s] -- Up-to-date: /home/samuel/Learning_ROS/final_project_ros2_ws/install/turtlesim_project_interfaces/include/turtlesim_project_interfaces/turtlesim_project_interfaces/msg/detail/turtle__type_support.h
[0.399s] -- Up-to-date: /home/samuel/Learning_ROS/final_project_ros2_ws/install/turtlesim_project_interfaces/include/turtlesim_project_interfaces/turtlesim_project_interfaces/msg/detail/turtle__struct.h
[0.399s] -- Up-to-date: /home/samuel/Learning_ROS/final_project_ros2_ws/install/turtlesim_project_interfaces/include/turtlesim_project_interfaces/turtlesim_project_interfaces/msg/detail/turtle_array__type_support.h
[0.399s] -- Up-to-date: /home/samuel/Learning_ROS/final_project_ros2_ws/install/turtlesim_project_interfaces/include/turtlesim_project_interfaces/turtlesim_project_interfaces/msg/detail/turtle__functions.c
[0.399s] -- Up-to-date: /home/samuel/Learning_ROS/final_project_ros2_ws/install/turtlesim_project_interfaces/include/turtlesim_project_interfaces/turtlesim_project_interfaces/msg/detail/turtle_array__functions.c
[0.399s] -- Up-to-date: /home/samuel/Learning_ROS/final_project_ros2_ws/install/turtlesim_project_interfaces/include/turtlesim_project_interfaces/turtlesim_project_interfaces/msg/turtle.h
[0.399s] -- Up-to-date: /home/samuel/Learning_ROS/final_project_ros2_ws/install/turtlesim_project_interfaces/include/turtlesim_project_interfaces/turtlesim_project_interfaces/msg/turtle_array.h
[0.399s] -- Up-to-date: /home/samuel/Learning_ROS/final_project_ros2_ws/install/turtlesim_project_interfaces/share/turtlesim_project_interfaces/environment/library_path.sh
[0.399s] -- Up-to-date: /home/samuel/Learning_ROS/final_project_ros2_ws/install/turtlesim_project_interfaces/share/turtlesim_project_interfaces/environment/library_path.dsv
[0.399s] -- Up-to-date: /home/samuel/Learning_ROS/final_project_ros2_ws/install/turtlesim_project_interfaces/lib/libturtlesim_project_interfaces__rosidl_generator_c.so
[0.399s] -- Up-to-date: /home/samuel/Learning_ROS/final_project_ros2_ws/install/turtlesim_project_interfaces/include/turtlesim_project_interfaces/turtlesim_project_interfaces
[0.399s] -- Up-to-date: /home/samuel/Learning_ROS/final_project_ros2_ws/install/turtlesim_project_interfaces/include/turtlesim_project_interfaces/turtlesim_project_interfaces/msg
[0.399s] -- Up-to-date: /home/samuel/Learning_ROS/final_project_ros2_ws/install/turtlesim_project_interfaces/include/turtlesim_project_interfaces/turtlesim_project_interfaces/msg/detail
[0.399s] -- Up-to-date: /home/samuel/Learning_ROS/final_project_ros2_ws/install/turtlesim_project_interfaces/include/turtlesim_project_interfaces/turtlesim_project_interfaces/msg/detail/turtle_array__rosidl_typesupport_fastrtps_c.h
[0.399s] -- Up-to-date: /home/samuel/Learning_ROS/final_project_ros2_ws/install/turtlesim_project_interfaces/include/turtlesim_project_interfaces/turtlesim_project_interfaces/msg/detail/turtle__rosidl_typesupport_fastrtps_c.h
[0.400s] -- Up-to-date: /home/samuel/Learning_ROS/final_project_ros2_ws/install/turtlesim_project_interfaces/include/turtlesim_project_interfaces/turtlesim_project_interfaces/msg/rosidl_typesupport_fastrtps_c__visibility_control.h
[0.400s] -- Up-to-date: /home/samuel/Learning_ROS/final_project_ros2_ws/install/turtlesim_project_interfaces/lib/libturtlesim_project_interfaces__rosidl_typesupport_fastrtps_c.so
[0.400s] -- Up-to-date: /home/samuel/Learning_ROS/final_project_ros2_ws/install/turtlesim_project_interfaces/include/turtlesim_project_interfaces/turtlesim_project_interfaces
[0.400s] -- Up-to-date: /home/samuel/Learning_ROS/final_project_ros2_ws/install/turtlesim_project_interfaces/include/turtlesim_project_interfaces/turtlesim_project_interfaces/msg
[0.400s] -- Up-to-date: /home/samuel/Learning_ROS/final_project_ros2_ws/install/turtlesim_project_interfaces/include/turtlesim_project_interfaces/turtlesim_project_interfaces/msg/detail
[0.400s] -- Up-to-date: /home/samuel/Learning_ROS/final_project_ros2_ws/install/turtlesim_project_interfaces/include/turtlesim_project_interfaces/turtlesim_project_interfaces/msg/detail/turtle__type_support.c
[0.400s] -- Up-to-date: /home/samuel/Learning_ROS/final_project_ros2_ws/install/turtlesim_project_interfaces/include/turtlesim_project_interfaces/turtlesim_project_interfaces/msg/detail/turtle_array__type_support.c
[0.400s] -- Up-to-date: /home/samuel/Learning_ROS/final_project_ros2_ws/install/turtlesim_project_interfaces/include/turtlesim_project_interfaces/turtlesim_project_interfaces/msg/detail/turtle__rosidl_typesupport_introspection_c.h
[0.400s] -- Up-to-date: /home/samuel/Learning_ROS/final_project_ros2_ws/install/turtlesim_project_interfaces/include/turtlesim_project_interfaces/turtlesim_project_interfaces/msg/detail/turtle_array__rosidl_typesupport_introspection_c.h
[0.400s] -- Up-to-date: /home/samuel/Learning_ROS/final_project_ros2_ws/install/turtlesim_project_interfaces/include/turtlesim_project_interfaces/turtlesim_project_interfaces/msg/rosidl_typesupport_introspection_c__visibility_control.h
[0.400s] -- Up-to-date: /home/samuel/Learning_ROS/final_project_ros2_ws/install/turtlesim_project_interfaces/lib/libturtlesim_project_interfaces__rosidl_typesupport_introspection_c.so
[0.400s] -- Up-to-date: /home/samuel/Learning_ROS/final_project_ros2_ws/install/turtlesim_project_interfaces/lib/libturtlesim_project_interfaces__rosidl_typesupport_c.so
[0.400s] -- Up-to-date: /home/samuel/Learning_ROS/final_project_ros2_ws/install/turtlesim_project_interfaces/include/turtlesim_project_interfaces/turtlesim_project_interfaces
[0.400s] -- Up-to-date: /home/samuel/Learning_ROS/final_project_ros2_ws/install/turtlesim_project_interfaces/include/turtlesim_project_interfaces/turtlesim_project_interfaces/msg
[0.400s] -- Up-to-date: /home/samuel/Learning_ROS/final_project_ros2_ws/install/turtlesim_project_interfaces/include/turtlesim_project_interfaces/turtlesim_project_interfaces/msg/detail
[0.400s] -- Up-to-date: /home/samuel/Learning_ROS/final_project_ros2_ws/install/turtlesim_project_interfaces/include/turtlesim_project_interfaces/turtlesim_project_interfaces/msg/detail/turtle__struct.hpp
[0.400s] -- Up-to-date: /home/samuel/Learning_ROS/final_project_ros2_ws/install/turtlesim_project_interfaces/include/turtlesim_project_interfaces/turtlesim_project_interfaces/msg/detail/turtle__builder.hpp
[0.401s] -- Up-to-date: /home/samuel/Learning_ROS/final_project_ros2_ws/install/turtlesim_project_interfaces/include/turtlesim_project_interfaces/turtlesim_project_interfaces/msg/detail/turtle_array__traits.hpp
[0.401s] -- Up-to-date: /home/samuel/Learning_ROS/final_project_ros2_ws/install/turtlesim_project_interfaces/include/turtlesim_project_interfaces/turtlesim_project_interfaces/msg/detail/turtle_array__struct.hpp
[0.401s] -- Up-to-date: /home/samuel/Learning_ROS/final_project_ros2_ws/install/turtlesim_project_interfaces/include/turtlesim_project_interfaces/turtlesim_project_interfaces/msg/detail/turtle_array__builder.hpp
[0.401s] -- Up-to-date: /home/samuel/Learning_ROS/final_project_ros2_ws/install/turtlesim_project_interfaces/include/turtlesim_project_interfaces/turtlesim_project_interfaces/msg/detail/turtle__traits.hpp
[0.401s] -- Up-to-date: /home/samuel/Learning_ROS/final_project_ros2_ws/install/turtlesim_project_interfaces/include/turtlesim_project_interfaces/turtlesim_project_interfaces/msg/turtle.hpp
[0.401s] -- Up-to-date: /home/samuel/Learning_ROS/final_project_ros2_ws/install/turtlesim_project_interfaces/include/turtlesim_project_interfaces/turtlesim_project_interfaces/msg/turtle_array.hpp
[0.401s] -- Up-to-date: /home/samuel/Learning_ROS/final_project_ros2_ws/install/turtlesim_project_interfaces/include/turtlesim_project_interfaces/turtlesim_project_interfaces
[0.401s] -- Up-to-date: /home/samuel/Learning_ROS/final_project_ros2_ws/install/turtlesim_project_interfaces/include/turtlesim_project_interfaces/turtlesim_project_interfaces/msg
[0.401s] -- Up-to-date: /home/samuel/Learning_ROS/final_project_ros2_ws/install/turtlesim_project_interfaces/include/turtlesim_project_interfaces/turtlesim_project_interfaces/msg/detail
[0.401s] -- Up-to-date: /home/samuel/Learning_ROS/final_project_ros2_ws/install/turtlesim_project_interfaces/include/turtlesim_project_interfaces/turtlesim_project_interfaces/msg/detail/turtle__rosidl_typesupport_fastrtps_cpp.hpp
[0.401s] -- Up-to-date: /home/samuel/Learning_ROS/final_project_ros2_ws/install/turtlesim_project_interfaces/include/turtlesim_project_interfaces/turtlesim_project_interfaces/msg/detail/dds_fastrtps
[0.401s] -- Up-to-date: /home/samuel/Learning_ROS/final_project_ros2_ws/install/turtlesim_project_interfaces/include/turtlesim_project_interfaces/turtlesim_project_interfaces/msg/detail/turtle_array__rosidl_typesupport_fastrtps_cpp.hpp
[0.401s] -- Up-to-date: /home/samuel/Learning_ROS/final_project_ros2_ws/install/turtlesim_project_interfaces/include/turtlesim_project_interfaces/turtlesim_project_interfaces/msg/rosidl_typesupport_fastrtps_cpp__visibility_control.h
[0.401s] -- Up-to-date: /home/samuel/Learning_ROS/final_project_ros2_ws/install/turtlesim_project_interfaces/lib/libturtlesim_project_interfaces__rosidl_typesupport_fastrtps_cpp.so
[0.401s] -- Up-to-date: /home/samuel/Learning_ROS/final_project_ros2_ws/install/turtlesim_project_interfaces/include/turtlesim_project_interfaces/turtlesim_project_interfaces
[0.401s] -- Up-to-date: /home/samuel/Learning_ROS/final_project_ros2_ws/install/turtlesim_project_interfaces/include/turtlesim_project_interfaces/turtlesim_project_interfaces/msg
[0.401s] -- Up-to-date: /home/samuel/Learning_ROS/final_project_ros2_ws/install/turtlesim_project_interfaces/include/turtlesim_project_interfaces/turtlesim_project_interfaces/msg/detail
[0.402s] -- Up-to-date: /home/samuel/Learning_ROS/final_project_ros2_ws/install/turtlesim_project_interfaces/include/turtlesim_project_interfaces/turtlesim_project_interfaces/msg/detail/turtle_array__rosidl_typesupport_introspection_cpp.hpp
[0.402s] -- Up-to-date: /home/samuel/Learning_ROS/final_project_ros2_ws/install/turtlesim_project_interfaces/include/turtlesim_project_interfaces/turtlesim_project_interfaces/msg/detail/turtle_array__type_support.cpp
[0.402s] -- Up-to-date: /home/samuel/Learning_ROS/final_project_ros2_ws/install/turtlesim_project_interfaces/include/turtlesim_project_interfaces/turtlesim_project_interfaces/msg/detail/turtle__rosidl_typesupport_introspection_cpp.hpp
[0.402s] -- Up-to-date: /home/samuel/Learning_ROS/final_project_ros2_ws/install/turtlesim_project_interfaces/include/turtlesim_project_interfaces/turtlesim_project_interfaces/msg/detail/turtle__type_support.cpp
[0.402s] -- Up-to-date: /home/samuel/Learning_ROS/final_project_ros2_ws/install/turtlesim_project_interfaces/lib/libturtlesim_project_interfaces__rosidl_typesupport_introspection_cpp.so
[0.402s] -- Up-to-date: /home/samuel/Learning_ROS/final_project_ros2_ws/install/turtlesim_project_interfaces/lib/libturtlesim_project_interfaces__rosidl_typesupport_cpp.so
[0.402s] -- Up-to-date: /home/samuel/Learning_ROS/final_project_ros2_ws/install/turtlesim_project_interfaces/share/turtlesim_project_interfaces/environment/pythonpath.sh
[0.402s] -- Up-to-date: /home/samuel/Learning_ROS/final_project_ros2_ws/install/turtlesim_project_interfaces/share/turtlesim_project_interfaces/environment/pythonpath.dsv
[0.402s] -- Up-to-date: /home/samuel/Learning_ROS/final_project_ros2_ws/install/turtlesim_project_interfaces/local/lib/python3.10/dist-packages/turtlesim_project_interfaces-0.0.0-py3.10.egg-info
[0.402s] -- Installing: /home/samuel/Learning_ROS/final_project_ros2_ws/install/turtlesim_project_interfaces/local/lib/python3.10/dist-packages/turtlesim_project_interfaces-0.0.0-py3.10.egg-info/dependency_links.txt
[0.402s] -- Installing: /home/samuel/Learning_ROS/final_project_ros2_ws/install/turtlesim_project_interfaces/local/lib/python3.10/dist-packages/turtlesim_project_interfaces-0.0.0-py3.10.egg-info/SOURCES.txt
[0.402s] -- Installing: /home/samuel/Learning_ROS/final_project_ros2_ws/install/turtlesim_project_interfaces/local/lib/python3.10/dist-packages/turtlesim_project_interfaces-0.0.0-py3.10.egg-info/top_level.txt
[0.402s] -- Installing: /home/samuel/Learning_ROS/final_project_ros2_ws/install/turtlesim_project_interfaces/local/lib/python3.10/dist-packages/turtlesim_project_interfaces-0.0.0-py3.10.egg-info/PKG-INFO
[0.403s] -- Up-to-date: /home/samuel/Learning_ROS/final_project_ros2_ws/install/turtlesim_project_interfaces/local/lib/python3.10/dist-packages/turtlesim_project_interfaces
[0.403s] -- Up-to-date: /home/samuel/Learning_ROS/final_project_ros2_ws/install/turtlesim_project_interfaces/local/lib/python3.10/dist-packages/turtlesim_project_interfaces/_turtlesim_project_interfaces_s.ep.rosidl_typesupport_introspection_c.c
[0.403s] -- Up-to-date: /home/samuel/Learning_ROS/final_project_ros2_ws/install/turtlesim_project_interfaces/local/lib/python3.10/dist-packages/turtlesim_project_interfaces/_turtlesim_project_interfaces_s.ep.rosidl_typesupport_fastrtps_c.c
[0.403s] -- Up-to-date: /home/samuel/Learning_ROS/final_project_ros2_ws/install/turtlesim_project_interfaces/local/lib/python3.10/dist-packages/turtlesim_project_interfaces/turtlesim_project_interfaces_s__rosidl_typesupport_introspection_c.cpython-310-x86_64-linux-gnu.so
[0.403s] -- Up-to-date: /home/samuel/Learning_ROS/final_project_ros2_ws/install/turtlesim_project_interfaces/local/lib/python3.10/dist-packages/turtlesim_project_interfaces/_turtlesim_project_interfaces_s.ep.rosidl_typesupport_c.c
[0.403s] -- Up-to-date: /home/samuel/Learning_ROS/final_project_ros2_ws/install/turtlesim_project_interfaces/local/lib/python3.10/dist-packages/turtlesim_project_interfaces/libturtlesim_project_interfaces__rosidl_generator_py.so
[0.403s] -- Up-to-date: /home/samuel/Learning_ROS/final_project_ros2_ws/install/turtlesim_project_interfaces/local/lib/python3.10/dist-packages/turtlesim_project_interfaces/turtlesim_project_interfaces_s__rosidl_typesupport_c.cpython-310-x86_64-linux-gnu.so
[0.403s] -- Up-to-date: /home/samuel/Learning_ROS/final_project_ros2_ws/install/turtlesim_project_interfaces/local/lib/python3.10/dist-packages/turtlesim_project_interfaces/__init__.py
[0.403s] -- Up-to-date: /home/samuel/Learning_ROS/final_project_ros2_ws/install/turtlesim_project_interfaces/local/lib/python3.10/dist-packages/turtlesim_project_interfaces/msg
[0.403s] -- Up-to-date: /home/samuel/Learning_ROS/final_project_ros2_ws/install/turtlesim_project_interfaces/local/lib/python3.10/dist-packages/turtlesim_project_interfaces/msg/_turtle_s.c
[0.403s] -- Up-to-date: /home/samuel/Learning_ROS/final_project_ros2_ws/install/turtlesim_project_interfaces/local/lib/python3.10/dist-packages/turtlesim_project_interfaces/msg/_turtle_array.py
[0.403s] -- Up-to-date: /home/samuel/Learning_ROS/final_project_ros2_ws/install/turtlesim_project_interfaces/local/lib/python3.10/dist-packages/turtlesim_project_interfaces/msg/__init__.py
[0.403s] -- Up-to-date: /home/samuel/Learning_ROS/final_project_ros2_ws/install/turtlesim_project_interfaces/local/lib/python3.10/dist-packages/turtlesim_project_interfaces/msg/_turtle_array_s.c
[0.403s] -- Up-to-date: /home/samuel/Learning_ROS/final_project_ros2_ws/install/turtlesim_project_interfaces/local/lib/python3.10/dist-packages/turtlesim_project_interfaces/msg/_turtle.py
[0.404s] -- Up-to-date: /home/samuel/Learning_ROS/final_project_ros2_ws/install/turtlesim_project_interfaces/local/lib/python3.10/dist-packages/turtlesim_project_interfaces/turtlesim_project_interfaces_s__rosidl_typesupport_fastrtps_c.cpython-310-x86_64-linux-gnu.so
[0.430s] Listing '/home/samuel/Learning_ROS/final_project_ros2_ws/install/turtlesim_project_interfaces/local/lib/python3.10/dist-packages/turtlesim_project_interfaces'...
[0.430s] Listing '/home/samuel/Learning_ROS/final_project_ros2_ws/install/turtlesim_project_interfaces/local/lib/python3.10/dist-packages/turtlesim_project_interfaces/msg'...
[0.433s] -- Up-to-date: /home/samuel/Learning_ROS/final_project_ros2_ws/install/turtlesim_project_interfaces/local/lib/python3.10/dist-packages/turtlesim_project_interfaces/turtlesim_project_interfaces_s__rosidl_typesupport_fastrtps_c.cpython-310-x86_64-linux-gnu.so
[0.433s] -- Up-to-date: /home/samuel/Learning_ROS/final_project_ros2_ws/install/turtlesim_project_interfaces/local/lib/python3.10/dist-packages/turtlesim_project_interfaces/turtlesim_project_interfaces_s__rosidl_typesupport_introspection_c.cpython-310-x86_64-linux-gnu.so
[0.434s] -- Up-to-date: /home/samuel/Learning_ROS/final_project_ros2_ws/install/turtlesim_project_interfaces/local/lib/python3.10/dist-packages/turtlesim_project_interfaces/turtlesim_project_interfaces_s__rosidl_typesupport_c.cpython-310-x86_64-linux-gnu.so
[0.434s] -- Up-to-date: /home/samuel/Learning_ROS/final_project_ros2_ws/install/turtlesim_project_interfaces/lib/libturtlesim_project_interfaces__rosidl_generator_py.so
[0.434s] -- Up-to-date: /home/samuel/Learning_ROS/final_project_ros2_ws/install/turtlesim_project_interfaces/share/turtlesim_project_interfaces/msg/Turtle.idl
[0.434s] -- Up-to-date: /home/samuel/Learning_ROS/final_project_ros2_ws/install/turtlesim_project_interfaces/share/turtlesim_project_interfaces/msg/TurtleArray.idl
[0.434s] -- Up-to-date: /home/samuel/Learning_ROS/final_project_ros2_ws/install/turtlesim_project_interfaces/share/turtlesim_project_interfaces/msg/Turtle.msg
[0.434s] -- Up-to-date: /home/samuel/Learning_ROS/final_project_ros2_ws/install/turtlesim_project_interfaces/share/turtlesim_project_interfaces/msg/TurtleArray.msg
[0.435s] -- Up-to-date: /home/samuel/Learning_ROS/final_project_ros2_ws/install/turtlesim_project_interfaces/share/ament_index/resource_index/package_run_dependencies/turtlesim_project_interfaces
[0.435s] -- Up-to-date: /home/samuel/Learning_ROS/final_project_ros2_ws/install/turtlesim_project_interfaces/share/ament_index/resource_index/parent_prefix_path/turtlesim_project_interfaces
[0.435s] -- Up-to-date: /home/samuel/Learning_ROS/final_project_ros2_ws/install/turtlesim_project_interfaces/share/turtlesim_project_interfaces/environment/ament_prefix_path.sh
[0.435s] -- Up-to-date: /home/samuel/Learning_ROS/final_project_ros2_ws/install/turtlesim_project_interfaces/share/turtlesim_project_interfaces/environment/ament_prefix_path.dsv
[0.435s] -- Up-to-date: /home/samuel/Learning_ROS/final_project_ros2_ws/install/turtlesim_project_interfaces/share/turtlesim_project_interfaces/environment/path.sh
[0.435s] -- Up-to-date: /home/samuel/Learning_ROS/final_project_ros2_ws/install/turtlesim_project_interfaces/share/turtlesim_project_interfaces/environment/path.dsv
[0.435s] -- Up-to-date: /home/samuel/Learning_ROS/final_project_ros2_ws/install/turtlesim_project_interfaces/share/turtlesim_project_interfaces/local_setup.bash
[0.435s] -- Up-to-date: /home/samuel/Learning_ROS/final_project_ros2_ws/install/turtlesim_project_interfaces/share/turtlesim_project_interfaces/local_setup.sh
[0.435s] -- Up-to-date: /home/samuel/Learning_ROS/final_project_ros2_ws/install/turtlesim_project_interfaces/share/turtlesim_project_interfaces/local_setup.zsh
[0.435s] -- Up-to-date: /home/samuel/Learning_ROS/final_project_ros2_ws/install/turtlesim_project_interfaces/share/turtlesim_project_interfaces/local_setup.dsv
[0.435s] -- Installing: /home/samuel/Learning_ROS/final_project_ros2_ws/install/turtlesim_project_interfaces/share/turtlesim_project_interfaces/package.dsv
[0.435s] -- Up-to-date: /home/samuel/Learning_ROS/final_project_ros2_ws/install/turtlesim_project_interfaces/share/ament_index/resource_index/packages/turtlesim_project_interfaces
[0.435s] -- Up-to-date: /home/samuel/Learning_ROS/final_project_ros2_ws/install/turtlesim_project_interfaces/share/turtlesim_project_interfaces/cmake/export_turtlesim_project_interfaces__rosidl_generator_cExport.cmake
[0.435s] -- Up-to-date: /home/samuel/Learning_ROS/final_project_ros2_ws/install/turtlesim_project_interfaces/share/turtlesim_project_interfaces/cmake/export_turtlesim_project_interfaces__rosidl_generator_cExport-noconfig.cmake
[0.435s] -- Up-to-date: /home/samuel/Learning_ROS/final_project_ros2_ws/install/turtlesim_project_interfaces/share/turtlesim_project_interfaces/cmake/export_turtlesim_project_interfaces__rosidl_typesupport_fastrtps_cExport.cmake
[0.436s] -- Up-to-date: /home/samuel/Learning_ROS/final_project_ros2_ws/install/turtlesim_project_interfaces/share/turtlesim_project_interfaces/cmake/export_turtlesim_project_interfaces__rosidl_typesupport_fastrtps_cExport-noconfig.cmake
[0.436s] -- Up-to-date: /home/samuel/Learning_ROS/final_project_ros2_ws/install/turtlesim_project_interfaces/share/turtlesim_project_interfaces/cmake/turtlesim_project_interfaces__rosidl_typesupport_introspection_cExport.cmake
[0.436s] -- Up-to-date: /home/samuel/Learning_ROS/final_project_ros2_ws/install/turtlesim_project_interfaces/share/turtlesim_project_interfaces/cmake/turtlesim_project_interfaces__rosidl_typesupport_introspection_cExport-noconfig.cmake
[0.436s] -- Up-to-date: /home/samuel/Learning_ROS/final_project_ros2_ws/install/turtlesim_project_interfaces/share/turtlesim_project_interfaces/cmake/turtlesim_project_interfaces__rosidl_typesupport_cExport.cmake
[0.436s] -- Up-to-date: /home/samuel/Learning_ROS/final_project_ros2_ws/install/turtlesim_project_interfaces/share/turtlesim_project_interfaces/cmake/turtlesim_project_interfaces__rosidl_typesupport_cExport-noconfig.cmake
[0.436s] -- Up-to-date: /home/samuel/Learning_ROS/final_project_ros2_ws/install/turtlesim_project_interfaces/share/turtlesim_project_interfaces/cmake/export_turtlesim_project_interfaces__rosidl_generator_cppExport.cmake
[0.436s] -- Up-to-date: /home/samuel/Learning_ROS/final_project_ros2_ws/install/turtlesim_project_interfaces/share/turtlesim_project_interfaces/cmake/export_turtlesim_project_interfaces__rosidl_typesupport_fastrtps_cppExport.cmake
[0.436s] -- Up-to-date: /home/samuel/Learning_ROS/final_project_ros2_ws/install/turtlesim_project_interfaces/share/turtlesim_project_interfaces/cmake/export_turtlesim_project_interfaces__rosidl_typesupport_fastrtps_cppExport-noconfig.cmake
[0.436s] -- Up-to-date: /home/samuel/Learning_ROS/final_project_ros2_ws/install/turtlesim_project_interfaces/share/turtlesim_project_interfaces/cmake/turtlesim_project_interfaces__rosidl_typesupport_introspection_cppExport.cmake
[0.436s] -- Up-to-date: /home/samuel/Learning_ROS/final_project_ros2_ws/install/turtlesim_project_interfaces/share/turtlesim_project_interfaces/cmake/turtlesim_project_interfaces__rosidl_typesupport_introspection_cppExport-noconfig.cmake
[0.436s] -- Up-to-date: /home/samuel/Learning_ROS/final_project_ros2_ws/install/turtlesim_project_interfaces/share/turtlesim_project_interfaces/cmake/turtlesim_project_interfaces__rosidl_typesupport_cppExport.cmake
[0.436s] -- Up-to-date: /home/samuel/Learning_ROS/final_project_ros2_ws/install/turtlesim_project_interfaces/share/turtlesim_project_interfaces/cmake/turtlesim_project_interfaces__rosidl_typesupport_cppExport-noconfig.cmake
[0.437s] -- Up-to-date: /home/samuel/Learning_ROS/final_project_ros2_ws/install/turtlesim_project_interfaces/share/turtlesim_project_interfaces/cmake/export_turtlesim_project_interfaces__rosidl_generator_pyExport.cmake
[0.437s] -- Up-to-date: /home/samuel/Learning_ROS/final_project_ros2_ws/install/turtlesim_project_interfaces/share/turtlesim_project_interfaces/cmake/export_turtlesim_project_interfaces__rosidl_generator_pyExport-noconfig.cmake
[0.437s] -- Up-to-date: /home/samuel/Learning_ROS/final_project_ros2_ws/install/turtlesim_project_interfaces/share/turtlesim_project_interfaces/cmake/rosidl_cmake-extras.cmake
[0.437s] -- Up-to-date: /home/samuel/Learning_ROS/final_project_ros2_ws/install/turtlesim_project_interfaces/share/turtlesim_project_interfaces/cmake/ament_cmake_export_include_directories-extras.cmake
[0.437s] -- Up-to-date: /home/samuel/Learning_ROS/final_project_ros2_ws/install/turtlesim_project_interfaces/share/turtlesim_project_interfaces/cmake/ament_cmake_export_libraries-extras.cmake
[0.437s] -- Up-to-date: /home/samuel/Learning_ROS/final_project_ros2_ws/install/turtlesim_project_interfaces/share/turtlesim_project_interfaces/cmake/ament_cmake_export_targets-extras.cmake
[0.437s] -- Up-to-date: /home/samuel/Learning_ROS/final_project_ros2_ws/install/turtlesim_project_interfaces/share/turtlesim_project_interfaces/cmake/rosidl_cmake_export_typesupport_targets-extras.cmake
[0.437s] -- Up-to-date: /home/samuel/Learning_ROS/final_project_ros2_ws/install/turtlesim_project_interfaces/share/turtlesim_project_interfaces/cmake/ament_cmake_export_dependencies-extras.cmake
[0.437s] -- Up-to-date: /home/samuel/Learning_ROS/final_project_ros2_ws/install/turtlesim_project_interfaces/share/turtlesim_project_interfaces/cmake/rosidl_cmake_export_typesupport_libraries-extras.cmake
[0.437s] -- Up-to-date: /home/samuel/Learning_ROS/final_project_ros2_ws/install/turtlesim_project_interfaces/share/turtlesim_project_interfaces/cmake/turtlesim_project_interfacesConfig.cmake
[0.437s] -- Up-to-date: /home/samuel/Learning_ROS/final_project_ros2_ws/install/turtlesim_project_interfaces/share/turtlesim_project_interfaces/cmake/turtlesim_project_interfacesConfig-version.cmake
[0.437s] -- Up-to-date: /home/samuel/Learning_ROS/final_project_ros2_ws/install/turtlesim_project_interfaces/share/turtlesim_project_interfaces/package.xml
[0.440s] Invoked command in '/home/samuel/Learning_ROS/final_project_ros2_ws/build/turtlesim_project_interfaces' returned '0': CMAKE_PREFIX_PATH=${CMAKE_PREFIX_PATH}:/home/samuel/Learning_ROS/final_project_ros2_ws/install/turtle_sim_catch_them_all:/home/samuel/Learning_ROS/ros_ws1/install/my_py_pkg:/opt/ros/humble /usr/bin/cmake --install /home/samuel/Learning_ROS/final_project_ros2_ws/build/turtlesim_project_interfaces
