running egg_info
creating ../../build/my_py_pkg/my_py_pkg.egg-info
writing ../../build/my_py_pkg/my_py_pkg.egg-info/PKG-INFO
writing dependency_links to ../../build/my_py_pkg/my_py_pkg.egg-info/dependency_links.txt
writing entry points to ../../build/my_py_pkg/my_py_pkg.egg-info/entry_points.txt
writing requirements to ../../build/my_py_pkg/my_py_pkg.egg-info/requires.txt
writing top-level names to ../../build/my_py_pkg/my_py_pkg.egg-info/top_level.txt
writing manifest file '../../build/my_py_pkg/my_py_pkg.egg-info/SOURCES.txt'
reading manifest file '../../build/my_py_pkg/my_py_pkg.egg-info/SOURCES.txt'
writing manifest file '../../build/my_py_pkg/my_py_pkg.egg-info/SOURCES.txt'
running build
running build_py
creating /root/ros2_ws/build/my_py_pkg/build
creating /root/ros2_ws/build/my_py_pkg/build/lib
creating /root/ros2_ws/build/my_py_pkg/build/lib/my_py_pkg
copying my_py_pkg/my_first_node.py -> /root/ros2_ws/build/my_py_pkg/build/lib/my_py_pkg
copying my_py_pkg/robot_news_station.py -> /root/ros2_ws/build/my_py_pkg/build/lib/my_py_pkg
copying my_py_pkg/add_two_ints_server.py -> /root/ros2_ws/build/my_py_pkg/build/lib/my_py_pkg
copying my_py_pkg/hw_status_publisher.py -> /root/ros2_ws/build/my_py_pkg/build/lib/my_py_pkg
copying my_py_pkg/number_counter_node.py -> /root/ros2_ws/build/my_py_pkg/build/lib/my_py_pkg
copying my_py_pkg/number_publisher_node.py -> /root/ros2_ws/build/my_py_pkg/build/lib/my_py_pkg
copying my_py_pkg/__init__.py -> /root/ros2_ws/build/my_py_pkg/build/lib/my_py_pkg
copying my_py_pkg/add_two_ints_client_no_oop.py -> /root/ros2_ws/build/my_py_pkg/build/lib/my_py_pkg
copying my_py_pkg/template_python_node.py -> /root/ros2_ws/build/my_py_pkg/build/lib/my_py_pkg
copying my_py_pkg/reset_counter_client_node.py -> /root/ros2_ws/build/my_py_pkg/build/lib/my_py_pkg
copying my_py_pkg/smartphone.py -> /root/ros2_ws/build/my_py_pkg/build/lib/my_py_pkg
copying my_py_pkg/template_python_client_node.py -> /root/ros2_ws/build/my_py_pkg/build/lib/my_py_pkg
copying my_py_pkg/add_two_ints_client.py -> /root/ros2_ws/build/my_py_pkg/build/lib/my_py_pkg
running install
running install_lib
creating /root/ros2_ws/install/my_py_pkg/lib/python3.10/site-packages/my_py_pkg
copying /root/ros2_ws/build/my_py_pkg/build/lib/my_py_pkg/my_first_node.py -> /root/ros2_ws/install/my_py_pkg/lib/python3.10/site-packages/my_py_pkg
copying /root/ros2_ws/build/my_py_pkg/build/lib/my_py_pkg/robot_news_station.py -> /root/ros2_ws/install/my_py_pkg/lib/python3.10/site-packages/my_py_pkg
copying /root/ros2_ws/build/my_py_pkg/build/lib/my_py_pkg/add_two_ints_server.py -> /root/ros2_ws/install/my_py_pkg/lib/python3.10/site-packages/my_py_pkg
copying /root/ros2_ws/build/my_py_pkg/build/lib/my_py_pkg/hw_status_publisher.py -> /root/ros2_ws/install/my_py_pkg/lib/python3.10/site-packages/my_py_pkg
copying /root/ros2_ws/build/my_py_pkg/build/lib/my_py_pkg/number_counter_node.py -> /root/ros2_ws/install/my_py_pkg/lib/python3.10/site-packages/my_py_pkg
copying /root/ros2_ws/build/my_py_pkg/build/lib/my_py_pkg/number_publisher_node.py -> /root/ros2_ws/install/my_py_pkg/lib/python3.10/site-packages/my_py_pkg
copying /root/ros2_ws/build/my_py_pkg/build/lib/my_py_pkg/__init__.py -> /root/ros2_ws/install/my_py_pkg/lib/python3.10/site-packages/my_py_pkg
copying /root/ros2_ws/build/my_py_pkg/build/lib/my_py_pkg/add_two_ints_client_no_oop.py -> /root/ros2_ws/install/my_py_pkg/lib/python3.10/site-packages/my_py_pkg
copying /root/ros2_ws/build/my_py_pkg/build/lib/my_py_pkg/template_python_node.py -> /root/ros2_ws/install/my_py_pkg/lib/python3.10/site-packages/my_py_pkg
copying /root/ros2_ws/build/my_py_pkg/build/lib/my_py_pkg/reset_counter_client_node.py -> /root/ros2_ws/install/my_py_pkg/lib/python3.10/site-packages/my_py_pkg
copying /root/ros2_ws/build/my_py_pkg/build/lib/my_py_pkg/smartphone.py -> /root/ros2_ws/install/my_py_pkg/lib/python3.10/site-packages/my_py_pkg
copying /root/ros2_ws/build/my_py_pkg/build/lib/my_py_pkg/template_python_client_node.py -> /root/ros2_ws/install/my_py_pkg/lib/python3.10/site-packages/my_py_pkg
copying /root/ros2_ws/build/my_py_pkg/build/lib/my_py_pkg/add_two_ints_client.py -> /root/ros2_ws/install/my_py_pkg/lib/python3.10/site-packages/my_py_pkg
byte-compiling /root/ros2_ws/install/my_py_pkg/lib/python3.10/site-packages/my_py_pkg/my_first_node.py to my_first_node.cpython-310.pyc
byte-compiling /root/ros2_ws/install/my_py_pkg/lib/python3.10/site-packages/my_py_pkg/robot_news_station.py to robot_news_station.cpython-310.pyc
byte-compiling /root/ros2_ws/install/my_py_pkg/lib/python3.10/site-packages/my_py_pkg/add_two_ints_server.py to add_two_ints_server.cpython-310.pyc
byte-compiling /root/ros2_ws/install/my_py_pkg/lib/python3.10/site-packages/my_py_pkg/hw_status_publisher.py to hw_status_publisher.cpython-310.pyc
byte-compiling /root/ros2_ws/install/my_py_pkg/lib/python3.10/site-packages/my_py_pkg/number_counter_node.py to number_counter_node.cpython-310.pyc
byte-compiling /root/ros2_ws/install/my_py_pkg/lib/python3.10/site-packages/my_py_pkg/number_publisher_node.py to number_publisher_node.cpython-310.pyc
byte-compiling /root/ros2_ws/install/my_py_pkg/lib/python3.10/site-packages/my_py_pkg/__init__.py to __init__.cpython-310.pyc
byte-compiling /root/ros2_ws/install/my_py_pkg/lib/python3.10/site-packages/my_py_pkg/add_two_ints_client_no_oop.py to add_two_ints_client_no_oop.cpython-310.pyc
byte-compiling /root/ros2_ws/install/my_py_pkg/lib/python3.10/site-packages/my_py_pkg/template_python_node.py to template_python_node.cpython-310.pyc
byte-compiling /root/ros2_ws/install/my_py_pkg/lib/python3.10/site-packages/my_py_pkg/reset_counter_client_node.py to reset_counter_client_node.cpython-310.pyc
byte-compiling /root/ros2_ws/install/my_py_pkg/lib/python3.10/site-packages/my_py_pkg/smartphone.py to smartphone.cpython-310.pyc
byte-compiling /root/ros2_ws/install/my_py_pkg/lib/python3.10/site-packages/my_py_pkg/template_python_client_node.py to template_python_client_node.cpython-310.pyc
byte-compiling /root/ros2_ws/install/my_py_pkg/lib/python3.10/site-packages/my_py_pkg/add_two_ints_client.py to add_two_ints_client.cpython-310.pyc
running install_data
creating /root/ros2_ws/install/my_py_pkg/share/ament_index
creating /root/ros2_ws/install/my_py_pkg/share/ament_index/resource_index
creating /root/ros2_ws/install/my_py_pkg/share/ament_index/resource_index/packages
copying resource/my_py_pkg -> /root/ros2_ws/install/my_py_pkg/share/ament_index/resource_index/packages
copying package.xml -> /root/ros2_ws/install/my_py_pkg/share/my_py_pkg
running install_egg_info
Copying ../../build/my_py_pkg/my_py_pkg.egg-info to /root/ros2_ws/install/my_py_pkg/lib/python3.10/site-packages/my_py_pkg-0.0.0-py3.10.egg-info
running install_scripts
Installing add_two_ints_client script to /root/ros2_ws/install/my_py_pkg/lib/my_py_pkg
Installing add_two_ints_client_no_oop script to /root/ros2_ws/install/my_py_pkg/lib/my_py_pkg
Installing add_two_ints_server script to /root/ros2_ws/install/my_py_pkg/lib/my_py_pkg
Installing hhw_status_publisher script to /root/ros2_ws/install/my_py_pkg/lib/my_py_pkg
Installing number_counter script to /root/ros2_ws/install/my_py_pkg/lib/my_py_pkg
Installing number_publisher script to /root/ros2_ws/install/my_py_pkg/lib/my_py_pkg
Installing py_node script to /root/ros2_ws/install/my_py_pkg/lib/my_py_pkg
Installing reset_counter_client_node script to /root/ros2_ws/install/my_py_pkg/lib/my_py_pkg
Installing robot_news_station script to /root/ros2_ws/install/my_py_pkg/lib/my_py_pkg
Installing smartphone script to /root/ros2_ws/install/my_py_pkg/lib/my_py_pkg
writing list of installed files to '/root/ros2_ws/build/my_py_pkg/install.log'
