[0.407s] Invoking command in '/root/ros2_ws/src/my_py_pkg': PYTHONPATH=/root/ros2_ws/build/my_py_pkg/prefix_override:/usr/lib/python3/dist-packages/colcon_core/task/python/colcon_distutils_commands:/root/ros2_ws/install/my_py_pkg/lib/python3.10/site-packages:${PYTHONPATH} /usr/bin/python3 -W ignore:setup.py install is deprecated setup.py egg_info --egg-base ../../build/my_py_pkg build --build-base /root/ros2_ws/build/my_py_pkg/build install --record /root/ros2_ws/build/my_py_pkg/install.log --single-version-externally-managed install_data
[0.566s] running egg_info
[0.566s] creating ../../build/my_py_pkg/my_py_pkg.egg-info
[0.566s] writing ../../build/my_py_pkg/my_py_pkg.egg-info/PKG-INFO
[0.566s] writing dependency_links to ../../build/my_py_pkg/my_py_pkg.egg-info/dependency_links.txt
[0.566s] writing entry points to ../../build/my_py_pkg/my_py_pkg.egg-info/entry_points.txt
[0.566s] writing requirements to ../../build/my_py_pkg/my_py_pkg.egg-info/requires.txt
[0.566s] writing top-level names to ../../build/my_py_pkg/my_py_pkg.egg-info/top_level.txt
[0.566s] writing manifest file '../../build/my_py_pkg/my_py_pkg.egg-info/SOURCES.txt'
[0.568s] reading manifest file '../../build/my_py_pkg/my_py_pkg.egg-info/SOURCES.txt'
[0.568s] writing manifest file '../../build/my_py_pkg/my_py_pkg.egg-info/SOURCES.txt'
[0.568s] running build
[0.568s] running build_py
[0.569s] creating /root/ros2_ws/build/my_py_pkg/build
[0.569s] creating /root/ros2_ws/build/my_py_pkg/build/lib
[0.569s] creating /root/ros2_ws/build/my_py_pkg/build/lib/my_py_pkg
[0.569s] copying my_py_pkg/my_first_node.py -> /root/ros2_ws/build/my_py_pkg/build/lib/my_py_pkg
[0.569s] copying my_py_pkg/robot_news_station.py -> /root/ros2_ws/build/my_py_pkg/build/lib/my_py_pkg
[0.569s] copying my_py_pkg/add_two_ints_server.py -> /root/ros2_ws/build/my_py_pkg/build/lib/my_py_pkg
[0.569s] copying my_py_pkg/hw_status_publisher.py -> /root/ros2_ws/build/my_py_pkg/build/lib/my_py_pkg
[0.569s] copying my_py_pkg/number_counter_node.py -> /root/ros2_ws/build/my_py_pkg/build/lib/my_py_pkg
[0.569s] copying my_py_pkg/number_publisher_node.py -> /root/ros2_ws/build/my_py_pkg/build/lib/my_py_pkg
[0.569s] copying my_py_pkg/__init__.py -> /root/ros2_ws/build/my_py_pkg/build/lib/my_py_pkg
[0.569s] copying my_py_pkg/add_two_ints_client_no_oop.py -> /root/ros2_ws/build/my_py_pkg/build/lib/my_py_pkg
[0.569s] copying my_py_pkg/template_python_node.py -> /root/ros2_ws/build/my_py_pkg/build/lib/my_py_pkg
[0.569s] copying my_py_pkg/reset_counter_client_node.py -> /root/ros2_ws/build/my_py_pkg/build/lib/my_py_pkg
[0.569s] copying my_py_pkg/smartphone.py -> /root/ros2_ws/build/my_py_pkg/build/lib/my_py_pkg
[0.569s] copying my_py_pkg/template_python_client_node.py -> /root/ros2_ws/build/my_py_pkg/build/lib/my_py_pkg
[0.569s] copying my_py_pkg/add_two_ints_client.py -> /root/ros2_ws/build/my_py_pkg/build/lib/my_py_pkg
[0.569s] running install
[0.569s] running install_lib
[0.570s] creating /root/ros2_ws/install/my_py_pkg/lib/python3.10/site-packages/my_py_pkg
[0.570s] copying /root/ros2_ws/build/my_py_pkg/build/lib/my_py_pkg/my_first_node.py -> /root/ros2_ws/install/my_py_pkg/lib/python3.10/site-packages/my_py_pkg
[0.570s] copying /root/ros2_ws/build/my_py_pkg/build/lib/my_py_pkg/robot_news_station.py -> /root/ros2_ws/install/my_py_pkg/lib/python3.10/site-packages/my_py_pkg
[0.570s] copying /root/ros2_ws/build/my_py_pkg/build/lib/my_py_pkg/add_two_ints_server.py -> /root/ros2_ws/install/my_py_pkg/lib/python3.10/site-packages/my_py_pkg
[0.570s] copying /root/ros2_ws/build/my_py_pkg/build/lib/my_py_pkg/hw_status_publisher.py -> /root/ros2_ws/install/my_py_pkg/lib/python3.10/site-packages/my_py_pkg
[0.570s] copying /root/ros2_ws/build/my_py_pkg/build/lib/my_py_pkg/number_counter_node.py -> /root/ros2_ws/install/my_py_pkg/lib/python3.10/site-packages/my_py_pkg
[0.570s] copying /root/ros2_ws/build/my_py_pkg/build/lib/my_py_pkg/number_publisher_node.py -> /root/ros2_ws/install/my_py_pkg/lib/python3.10/site-packages/my_py_pkg
[0.570s] copying /root/ros2_ws/build/my_py_pkg/build/lib/my_py_pkg/__init__.py -> /root/ros2_ws/install/my_py_pkg/lib/python3.10/site-packages/my_py_pkg
[0.570s] copying /root/ros2_ws/build/my_py_pkg/build/lib/my_py_pkg/add_two_ints_client_no_oop.py -> /root/ros2_ws/install/my_py_pkg/lib/python3.10/site-packages/my_py_pkg
[0.570s] copying /root/ros2_ws/build/my_py_pkg/build/lib/my_py_pkg/template_python_node.py -> /root/ros2_ws/install/my_py_pkg/lib/python3.10/site-packages/my_py_pkg
[0.570s] copying /root/ros2_ws/build/my_py_pkg/build/lib/my_py_pkg/reset_counter_client_node.py -> /root/ros2_ws/install/my_py_pkg/lib/python3.10/site-packages/my_py_pkg
[0.570s] copying /root/ros2_ws/build/my_py_pkg/build/lib/my_py_pkg/smartphone.py -> /root/ros2_ws/install/my_py_pkg/lib/python3.10/site-packages/my_py_pkg
[0.570s] copying /root/ros2_ws/build/my_py_pkg/build/lib/my_py_pkg/template_python_client_node.py -> /root/ros2_ws/install/my_py_pkg/lib/python3.10/site-packages/my_py_pkg
[0.571s] copying /root/ros2_ws/build/my_py_pkg/build/lib/my_py_pkg/add_two_ints_client.py -> /root/ros2_ws/install/my_py_pkg/lib/python3.10/site-packages/my_py_pkg
[0.571s] byte-compiling /root/ros2_ws/install/my_py_pkg/lib/python3.10/site-packages/my_py_pkg/my_first_node.py to my_first_node.cpython-310.pyc
[0.571s] byte-compiling /root/ros2_ws/install/my_py_pkg/lib/python3.10/site-packages/my_py_pkg/robot_news_station.py to robot_news_station.cpython-310.pyc
[0.571s] byte-compiling /root/ros2_ws/install/my_py_pkg/lib/python3.10/site-packages/my_py_pkg/add_two_ints_server.py to add_two_ints_server.cpython-310.pyc
[0.571s] byte-compiling /root/ros2_ws/install/my_py_pkg/lib/python3.10/site-packages/my_py_pkg/hw_status_publisher.py to hw_status_publisher.cpython-310.pyc
[0.572s] byte-compiling /root/ros2_ws/install/my_py_pkg/lib/python3.10/site-packages/my_py_pkg/number_counter_node.py to number_counter_node.cpython-310.pyc
[0.572s] byte-compiling /root/ros2_ws/install/my_py_pkg/lib/python3.10/site-packages/my_py_pkg/number_publisher_node.py to number_publisher_node.cpython-310.pyc
[0.572s] byte-compiling /root/ros2_ws/install/my_py_pkg/lib/python3.10/site-packages/my_py_pkg/__init__.py to __init__.cpython-310.pyc
[0.572s] byte-compiling /root/ros2_ws/install/my_py_pkg/lib/python3.10/site-packages/my_py_pkg/add_two_ints_client_no_oop.py to add_two_ints_client_no_oop.cpython-310.pyc
[0.572s] byte-compiling /root/ros2_ws/install/my_py_pkg/lib/python3.10/site-packages/my_py_pkg/template_python_node.py to template_python_node.cpython-310.pyc
[0.573s] byte-compiling /root/ros2_ws/install/my_py_pkg/lib/python3.10/site-packages/my_py_pkg/reset_counter_client_node.py to reset_counter_client_node.cpython-310.pyc
[0.573s] byte-compiling /root/ros2_ws/install/my_py_pkg/lib/python3.10/site-packages/my_py_pkg/smartphone.py to smartphone.cpython-310.pyc
[0.573s] byte-compiling /root/ros2_ws/install/my_py_pkg/lib/python3.10/site-packages/my_py_pkg/template_python_client_node.py to template_python_client_node.cpython-310.pyc
[0.573s] byte-compiling /root/ros2_ws/install/my_py_pkg/lib/python3.10/site-packages/my_py_pkg/add_two_ints_client.py to add_two_ints_client.cpython-310.pyc
[0.574s] running install_data
[0.574s] creating /root/ros2_ws/install/my_py_pkg/share/ament_index
[0.574s] creating /root/ros2_ws/install/my_py_pkg/share/ament_index/resource_index
[0.574s] creating /root/ros2_ws/install/my_py_pkg/share/ament_index/resource_index/packages
[0.574s] copying resource/my_py_pkg -> /root/ros2_ws/install/my_py_pkg/share/ament_index/resource_index/packages
[0.574s] copying package.xml -> /root/ros2_ws/install/my_py_pkg/share/my_py_pkg
[0.574s] running install_egg_info
[0.575s] Copying ../../build/my_py_pkg/my_py_pkg.egg-info to /root/ros2_ws/install/my_py_pkg/lib/python3.10/site-packages/my_py_pkg-0.0.0-py3.10.egg-info
[0.576s] running install_scripts
[0.589s] Installing add_two_ints_client script to /root/ros2_ws/install/my_py_pkg/lib/my_py_pkg
[0.589s] Installing add_two_ints_client_no_oop script to /root/ros2_ws/install/my_py_pkg/lib/my_py_pkg
[0.589s] Installing add_two_ints_server script to /root/ros2_ws/install/my_py_pkg/lib/my_py_pkg
[0.590s] Installing hhw_status_publisher script to /root/ros2_ws/install/my_py_pkg/lib/my_py_pkg
[0.590s] Installing number_counter script to /root/ros2_ws/install/my_py_pkg/lib/my_py_pkg
[0.590s] Installing number_publisher script to /root/ros2_ws/install/my_py_pkg/lib/my_py_pkg
[0.590s] Installing py_node script to /root/ros2_ws/install/my_py_pkg/lib/my_py_pkg
[0.590s] Installing reset_counter_client_node script to /root/ros2_ws/install/my_py_pkg/lib/my_py_pkg
[0.590s] Installing robot_news_station script to /root/ros2_ws/install/my_py_pkg/lib/my_py_pkg
[0.590s] Installing smartphone script to /root/ros2_ws/install/my_py_pkg/lib/my_py_pkg
[0.590s] writing list of installed files to '/root/ros2_ws/build/my_py_pkg/install.log'
[0.607s] Invoked command in '/root/ros2_ws/src/my_py_pkg' returned '0': PYTHONPATH=/root/ros2_ws/build/my_py_pkg/prefix_override:/usr/lib/python3/dist-packages/colcon_core/task/python/colcon_distutils_commands:/root/ros2_ws/install/my_py_pkg/lib/python3.10/site-packages:${PYTHONPATH} /usr/bin/python3 -W ignore:setup.py install is deprecated setup.py egg_info --egg-base ../../build/my_py_pkg build --build-base /root/ros2_ws/build/my_py_pkg/build install --record /root/ros2_ws/build/my_py_pkg/install.log --single-version-externally-managed install_data
