running egg_info
creating ../../build/turtle_sim_catch_them_all/turtle_sim_catch_them_all.egg-info
writing ../../build/turtle_sim_catch_them_all/turtle_sim_catch_them_all.egg-info/PKG-INFO
writing dependency_links to ../../build/turtle_sim_catch_them_all/turtle_sim_catch_them_all.egg-info/dependency_links.txt
writing entry points to ../../build/turtle_sim_catch_them_all/turtle_sim_catch_them_all.egg-info/entry_points.txt
writing requirements to ../../build/turtle_sim_catch_them_all/turtle_sim_catch_them_all.egg-info/requires.txt
writing top-level names to ../../build/turtle_sim_catch_them_all/turtle_sim_catch_them_all.egg-info/top_level.txt
writing manifest file '../../build/turtle_sim_catch_them_all/turtle_sim_catch_them_all.egg-info/SOURCES.txt'
reading manifest file '../../build/turtle_sim_catch_them_all/turtle_sim_catch_them_all.egg-info/SOURCES.txt'
writing manifest file '../../build/turtle_sim_catch_them_all/turtle_sim_catch_them_all.egg-info/SOURCES.txt'
running build
running build_py
creating /home/samuel/Learning_ROS/final_project_ros2_ws/build/turtle_sim_catch_them_all/build
creating /home/samuel/Learning_ROS/final_project_ros2_ws/build/turtle_sim_catch_them_all/build/lib
creating /home/samuel/Learning_ROS/final_project_ros2_ws/build/turtle_sim_catch_them_all/build/lib/turtle_sim_catch_them_all
copying turtle_sim_catch_them_all/turtle_controller.py -> /home/samuel/Learning_ROS/final_project_ros2_ws/build/turtle_sim_catch_them_all/build/lib/turtle_sim_catch_them_all
copying turtle_sim_catch_them_all/__init__.py -> /home/samuel/Learning_ROS/final_project_ros2_ws/build/turtle_sim_catch_them_all/build/lib/turtle_sim_catch_them_all
running install
running install_lib
creating /home/samuel/Learning_ROS/final_project_ros2_ws/install/turtle_sim_catch_them_all/lib/python3.10/site-packages/turtle_sim_catch_them_all
copying /home/samuel/Learning_ROS/final_project_ros2_ws/build/turtle_sim_catch_them_all/build/lib/turtle_sim_catch_them_all/turtle_controller.py -> /home/samuel/Learning_ROS/final_project_ros2_ws/install/turtle_sim_catch_them_all/lib/python3.10/site-packages/turtle_sim_catch_them_all
copying /home/samuel/Learning_ROS/final_project_ros2_ws/build/turtle_sim_catch_them_all/build/lib/turtle_sim_catch_them_all/__init__.py -> /home/samuel/Learning_ROS/final_project_ros2_ws/install/turtle_sim_catch_them_all/lib/python3.10/site-packages/turtle_sim_catch_them_all
byte-compiling /home/samuel/Learning_ROS/final_project_ros2_ws/install/turtle_sim_catch_them_all/lib/python3.10/site-packages/turtle_sim_catch_them_all/turtle_controller.py to turtle_controller.cpython-310.pyc
byte-compiling /home/samuel/Learning_ROS/final_project_ros2_ws/install/turtle_sim_catch_them_all/lib/python3.10/site-packages/turtle_sim_catch_them_all/__init__.py to __init__.cpython-310.pyc
running install_data
creating /home/samuel/Learning_ROS/final_project_ros2_ws/install/turtle_sim_catch_them_all/share/ament_index
creating /home/samuel/Learning_ROS/final_project_ros2_ws/install/turtle_sim_catch_them_all/share/ament_index/resource_index
creating /home/samuel/Learning_ROS/final_project_ros2_ws/install/turtle_sim_catch_them_all/share/ament_index/resource_index/packages
copying resource/turtle_sim_catch_them_all -> /home/samuel/Learning_ROS/final_project_ros2_ws/install/turtle_sim_catch_them_all/share/ament_index/resource_index/packages
copying package.xml -> /home/samuel/Learning_ROS/final_project_ros2_ws/install/turtle_sim_catch_them_all/share/turtle_sim_catch_them_all
running install_egg_info
Copying ../../build/turtle_sim_catch_them_all/turtle_sim_catch_them_all.egg-info to /home/samuel/Learning_ROS/final_project_ros2_ws/install/turtle_sim_catch_them_all/lib/python3.10/site-packages/turtle_sim_catch_them_all-0.0.0-py3.10.egg-info
running install_scripts
Installing turtle_controller script to /home/samuel/Learning_ROS/final_project_ros2_ws/install/turtle_sim_catch_them_all/lib/turtle_sim_catch_them_all
writing list of installed files to '/home/samuel/Learning_ROS/final_project_ros2_ws/build/turtle_sim_catch_them_all/install.log'
