[0.486s] Invoking command in '/home/samuel/Learning_ROS/final_project_ros2_ws/src/turtle_sim_catch_them_all': PYTHONPATH=/home/samuel/Learning_ROS/final_project_ros2_ws/build/turtle_sim_catch_them_all/prefix_override:/usr/lib/python3/dist-packages/colcon_core/task/python/colcon_distutils_commands:/home/samuel/Learning_ROS/final_project_ros2_ws/install/turtle_sim_catch_them_all/lib/python3.10/site-packages:${PYTHONPATH} /usr/bin/python3 -W ignore:setup.py install is deprecated setup.py egg_info --egg-base ../../build/turtle_sim_catch_them_all build --build-base /home/samuel/Learning_ROS/final_project_ros2_ws/build/turtle_sim_catch_them_all/build install --record /home/samuel/Learning_ROS/final_project_ros2_ws/build/turtle_sim_catch_them_all/install.log --single-version-externally-managed install_data
[0.682s] running egg_info
[0.683s] creating ../../build/turtle_sim_catch_them_all/turtle_sim_catch_them_all.egg-info
[0.683s] writing ../../build/turtle_sim_catch_them_all/turtle_sim_catch_them_all.egg-info/PKG-INFO
[0.683s] writing dependency_links to ../../build/turtle_sim_catch_them_all/turtle_sim_catch_them_all.egg-info/dependency_links.txt
[0.683s] writing entry points to ../../build/turtle_sim_catch_them_all/turtle_sim_catch_them_all.egg-info/entry_points.txt
[0.683s] writing requirements to ../../build/turtle_sim_catch_them_all/turtle_sim_catch_them_all.egg-info/requires.txt
[0.683s] writing top-level names to ../../build/turtle_sim_catch_them_all/turtle_sim_catch_them_all.egg-info/top_level.txt
[0.683s] writing manifest file '../../build/turtle_sim_catch_them_all/turtle_sim_catch_them_all.egg-info/SOURCES.txt'
[0.684s] reading manifest file '../../build/turtle_sim_catch_them_all/turtle_sim_catch_them_all.egg-info/SOURCES.txt'
[0.685s] writing manifest file '../../build/turtle_sim_catch_them_all/turtle_sim_catch_them_all.egg-info/SOURCES.txt'
[0.685s] running build
[0.685s] running build_py
[0.685s] creating /home/samuel/Learning_ROS/final_project_ros2_ws/build/turtle_sim_catch_them_all/build
[0.685s] creating /home/samuel/Learning_ROS/final_project_ros2_ws/build/turtle_sim_catch_them_all/build/lib
[0.686s] creating /home/samuel/Learning_ROS/final_project_ros2_ws/build/turtle_sim_catch_them_all/build/lib/turtle_sim_catch_them_all
[0.686s] copying turtle_sim_catch_them_all/turtle_controller.py -> /home/samuel/Learning_ROS/final_project_ros2_ws/build/turtle_sim_catch_them_all/build/lib/turtle_sim_catch_them_all
[0.686s] copying turtle_sim_catch_them_all/__init__.py -> /home/samuel/Learning_ROS/final_project_ros2_ws/build/turtle_sim_catch_them_all/build/lib/turtle_sim_catch_them_all
[0.686s] running install
[0.686s] running install_lib
[0.686s] creating /home/samuel/Learning_ROS/final_project_ros2_ws/install/turtle_sim_catch_them_all/lib/python3.10/site-packages/turtle_sim_catch_them_all
[0.686s] copying /home/samuel/Learning_ROS/final_project_ros2_ws/build/turtle_sim_catch_them_all/build/lib/turtle_sim_catch_them_all/turtle_controller.py -> /home/samuel/Learning_ROS/final_project_ros2_ws/install/turtle_sim_catch_them_all/lib/python3.10/site-packages/turtle_sim_catch_them_all
[0.686s] copying /home/samuel/Learning_ROS/final_project_ros2_ws/build/turtle_sim_catch_them_all/build/lib/turtle_sim_catch_them_all/__init__.py -> /home/samuel/Learning_ROS/final_project_ros2_ws/install/turtle_sim_catch_them_all/lib/python3.10/site-packages/turtle_sim_catch_them_all
[0.686s] byte-compiling /home/samuel/Learning_ROS/final_project_ros2_ws/install/turtle_sim_catch_them_all/lib/python3.10/site-packages/turtle_sim_catch_them_all/turtle_controller.py to turtle_controller.cpython-310.pyc
[0.687s] byte-compiling /home/samuel/Learning_ROS/final_project_ros2_ws/install/turtle_sim_catch_them_all/lib/python3.10/site-packages/turtle_sim_catch_them_all/__init__.py to __init__.cpython-310.pyc
[0.687s] running install_data
[0.687s] creating /home/samuel/Learning_ROS/final_project_ros2_ws/install/turtle_sim_catch_them_all/share/ament_index
[0.687s] creating /home/samuel/Learning_ROS/final_project_ros2_ws/install/turtle_sim_catch_them_all/share/ament_index/resource_index
[0.687s] creating /home/samuel/Learning_ROS/final_project_ros2_ws/install/turtle_sim_catch_them_all/share/ament_index/resource_index/packages
[0.688s] copying resource/turtle_sim_catch_them_all -> /home/samuel/Learning_ROS/final_project_ros2_ws/install/turtle_sim_catch_them_all/share/ament_index/resource_index/packages
[0.688s] copying package.xml -> /home/samuel/Learning_ROS/final_project_ros2_ws/install/turtle_sim_catch_them_all/share/turtle_sim_catch_them_all
[0.688s] running install_egg_info
[0.688s] Copying ../../build/turtle_sim_catch_them_all/turtle_sim_catch_them_all.egg-info to /home/samuel/Learning_ROS/final_project_ros2_ws/install/turtle_sim_catch_them_all/lib/python3.10/site-packages/turtle_sim_catch_them_all-0.0.0-py3.10.egg-info
[0.689s] running install_scripts
[0.703s] Installing turtle_controller script to /home/samuel/Learning_ROS/final_project_ros2_ws/install/turtle_sim_catch_them_all/lib/turtle_sim_catch_them_all
[0.703s] writing list of installed files to '/home/samuel/Learning_ROS/final_project_ros2_ws/build/turtle_sim_catch_them_all/install.log'
[0.719s] Invoked command in '/home/samuel/Learning_ROS/final_project_ros2_ws/src/turtle_sim_catch_them_all' returned '0': PYTHONPATH=/home/samuel/Learning_ROS/final_project_ros2_ws/build/turtle_sim_catch_them_all/prefix_override:/usr/lib/python3/dist-packages/colcon_core/task/python/colcon_distutils_commands:/home/samuel/Learning_ROS/final_project_ros2_ws/install/turtle_sim_catch_them_all/lib/python3.10/site-packages:${PYTHONPATH} /usr/bin/python3 -W ignore:setup.py install is deprecated setup.py egg_info --egg-base ../../build/turtle_sim_catch_them_all build --build-base /home/samuel/Learning_ROS/final_project_ros2_ws/build/turtle_sim_catch_them_all/build install --record /home/samuel/Learning_ROS/final_project_ros2_ws/build/turtle_sim_catch_them_all/install.log --single-version-externally-managed install_data
