[0.191s] Invoking command in '/root/ros2_ws/build/my_cpp_pkg': CMAKE_PREFIX_PATH=/root/ros2_ws/install/my_robot_interfaces:/root/ros2_ws/install/my_robot_bringup:/root/ros2_ws/install/my_cpp_pkg:/root/ros2_ws/install/my_py_pkg:/opt/ros/humble LD_LIBRARY_PATH=/root/ros2_ws/install/my_robot_interfaces/lib:/usr/lib/x86_64-linux-gnu/gazebo-11/plugins:/opt/ros/humble/opt/rviz_ogre_vendor/lib:/opt/ros/humble/lib/x86_64-linux-gnu:/opt/ros/humble/lib:/usr/share/gazebo/../../lib/x86_64-linux-gnu/gazebo-11/plugins /usr/bin/cmake --build /root/ros2_ws/build/my_cpp_pkg -- -j4 -l4
[0.785s] [ 33%] Built target add_two_ints_server
[0.787s] [ 33%] Built target robot_news_station
[0.808s] [ 58%] Built target cpp_node
[0.812s] [ 66%] Built target smartphone
[1.016s] [ 91%] Built target add_two_ints_client
[1.021s] [100%] Built target add_two_ints_client_no_oop
[1.099s] Invoked command in '/root/ros2_ws/build/my_cpp_pkg' returned '0': CMAKE_PREFIX_PATH=/root/ros2_ws/install/my_robot_interfaces:/root/ros2_ws/install/my_robot_bringup:/root/ros2_ws/install/my_cpp_pkg:/root/ros2_ws/install/my_py_pkg:/opt/ros/humble LD_LIBRARY_PATH=/root/ros2_ws/install/my_robot_interfaces/lib:/usr/lib/x86_64-linux-gnu/gazebo-11/plugins:/opt/ros/humble/opt/rviz_ogre_vendor/lib:/opt/ros/humble/lib/x86_64-linux-gnu:/opt/ros/humble/lib:/usr/share/gazebo/../../lib/x86_64-linux-gnu/gazebo-11/plugins /usr/bin/cmake --build /root/ros2_ws/build/my_cpp_pkg -- -j4 -l4
[1.944s] Invoking command in '/root/ros2_ws/build/my_cpp_pkg': CMAKE_PREFIX_PATH=/root/ros2_ws/install/my_robot_interfaces:/root/ros2_ws/install/my_robot_bringup:/root/ros2_ws/install/my_cpp_pkg:/root/ros2_ws/install/my_py_pkg:/opt/ros/humble LD_LIBRARY_PATH=/root/ros2_ws/install/my_robot_interfaces/lib:/usr/lib/x86_64-linux-gnu/gazebo-11/plugins:/opt/ros/humble/opt/rviz_ogre_vendor/lib:/opt/ros/humble/lib/x86_64-linux-gnu:/opt/ros/humble/lib:/usr/share/gazebo/../../lib/x86_64-linux-gnu/gazebo-11/plugins /usr/bin/cmake --install /root/ros2_ws/build/my_cpp_pkg
[2.000s] -- Install configuration: ""
[2.004s] -- Up-to-date: /root/ros2_ws/install/my_cpp_pkg/lib/my_cpp_pkg/cpp_node
[2.011s] -- Up-to-date: /root/ros2_ws/install/my_cpp_pkg/lib/my_cpp_pkg/robot_news_station
[2.022s] -- Up-to-date: /root/ros2_ws/install/my_cpp_pkg/lib/my_cpp_pkg/smartphone
[2.028s] -- Up-to-date: /root/ros2_ws/install/my_cpp_pkg/lib/my_cpp_pkg/add_two_ints_server
[2.036s] -- Up-to-date: /root/ros2_ws/install/my_cpp_pkg/lib/my_cpp_pkg/add_two_ints_client
[2.040s] -- Up-to-date: /root/ros2_ws/install/my_cpp_pkg/lib/my_cpp_pkg/add_two_ints_client_no_oop
[2.047s] -- Up-to-date: /root/ros2_ws/install/my_cpp_pkg/share/ament_index/resource_index/package_run_dependencies/my_cpp_pkg
[2.049s] -- Up-to-date: /root/ros2_ws/install/my_cpp_pkg/share/ament_index/resource_index/parent_prefix_path/my_cpp_pkg
[2.053s] -- Up-to-date: /root/ros2_ws/install/my_cpp_pkg/share/my_cpp_pkg/environment/ament_prefix_path.sh
[2.055s] -- Up-to-date: /root/ros2_ws/install/my_cpp_pkg/share/my_cpp_pkg/environment/ament_prefix_path.dsv
[2.060s] -- Up-to-date: /root/ros2_ws/install/my_cpp_pkg/share/my_cpp_pkg/environment/path.sh
[2.063s] -- Up-to-date: /root/ros2_ws/install/my_cpp_pkg/share/my_cpp_pkg/environment/path.dsv
[2.065s] -- Up-to-date: /root/ros2_ws/install/my_cpp_pkg/share/my_cpp_pkg/local_setup.bash
[2.070s] -- Up-to-date: /root/ros2_ws/install/my_cpp_pkg/share/my_cpp_pkg/local_setup.sh
[2.075s] -- Up-to-date: /root/ros2_ws/install/my_cpp_pkg/share/my_cpp_pkg/local_setup.zsh
[2.079s] -- Up-to-date: /root/ros2_ws/install/my_cpp_pkg/share/my_cpp_pkg/local_setup.dsv
[2.086s] -- Installing: /root/ros2_ws/install/my_cpp_pkg/share/my_cpp_pkg/package.dsv
[2.112s] -- Up-to-date: /root/ros2_ws/install/my_cpp_pkg/share/ament_index/resource_index/packages/my_cpp_pkg
[2.115s] -- Up-to-date: /root/ros2_ws/install/my_cpp_pkg/share/my_cpp_pkg/cmake/my_cpp_pkgConfig.cmake
[2.118s] -- Up-to-date: /root/ros2_ws/install/my_cpp_pkg/share/my_cpp_pkg/cmake/my_cpp_pkgConfig-version.cmake
[2.119s] -- Up-to-date: /root/ros2_ws/install/my_cpp_pkg/share/my_cpp_pkg/package.xml
[2.128s] Invoked command in '/root/ros2_ws/build/my_cpp_pkg' returned '0': CMAKE_PREFIX_PATH=/root/ros2_ws/install/my_robot_interfaces:/root/ros2_ws/install/my_robot_bringup:/root/ros2_ws/install/my_cpp_pkg:/root/ros2_ws/install/my_py_pkg:/opt/ros/humble LD_LIBRARY_PATH=/root/ros2_ws/install/my_robot_interfaces/lib:/usr/lib/x86_64-linux-gnu/gazebo-11/plugins:/opt/ros/humble/opt/rviz_ogre_vendor/lib:/opt/ros/humble/lib/x86_64-linux-gnu:/opt/ros/humble/lib:/usr/share/gazebo/../../lib/x86_64-linux-gnu/gazebo-11/plugins /usr/bin/cmake --install /root/ros2_ws/build/my_cpp_pkg
