[0.077s] DEBUG:colcon:Command line arguments: ['/usr/bin/colcon', 'build', '--packages-select', 'turtle_sim_catch_them_all', '--symlink-install']
[0.077s] DEBUG:colcon:Parsed command line arguments: Namespace(log_base=None, log_level=None, verb_name='build', build_base='build', install_base='install', merge_install=False, symlink_install=True, test_result_base=None, continue_on_error=False, executor='parallel', parallel_workers=12, event_handlers=None, ignore_user_meta=False, metas=['./colcon.meta'], base_paths=['.'], packages_ignore=None, packages_ignore_regex=None, paths=None, packages_up_to=None, packages_up_to_regex=None, packages_above=None, packages_above_and_dependencies=None, packages_above_depth=None, packages_select_by_dep=None, packages_skip_by_dep=None, packages_skip_up_to=None, packages_select_build_failed=False, packages_skip_build_finished=False, packages_select_test_failures=False, packages_skip_test_passed=False, packages_select=['turtle_sim_catch_them_all'], packages_skip=None, packages_select_regex=None, packages_skip_regex=None, packages_start=None, packages_end=None, cmake_args=None, cmake_target=None, cmake_target_skip_unavailable=False, cmake_clean_cache=False, cmake_clean_first=False, cmake_force_configure=False, ament_cmake_args=None, catkin_cmake_args=None, catkin_skip_building_tests=False, verb_parser=<colcon_defaults.argument_parser.defaults.DefaultArgumentsDecorator object at 0x7a371cd346d0>, verb_extension=<colcon_core.verb.build.BuildVerb object at 0x7a371cd34280>, main=<bound method BuildVerb.main of <colcon_core.verb.build.BuildVerb object at 0x7a371cd34280>>)
[0.203s] Level 1:colcon.colcon_core.package_discovery:discover_packages(colcon_meta) check parameters
[0.203s] Level 1:colcon.colcon_core.package_discovery:discover_packages(recursive) check parameters
[0.203s] Level 1:colcon.colcon_core.package_discovery:discover_packages(ignore) check parameters
[0.203s] Level 1:colcon.colcon_core.package_discovery:discover_packages(path) check parameters
[0.203s] Level 1:colcon.colcon_core.package_discovery:discover_packages(colcon_meta) discover
[0.203s] Level 1:colcon.colcon_core.package_discovery:discover_packages(recursive) discover
[0.203s] INFO:colcon.colcon_core.package_discovery:Crawling recursively for packages in '/home/samuel/Learning_ROS/final_project_ros2_ws'
[0.204s] Level 1:colcon.colcon_core.package_identification:_identify(.) by extensions ['ignore', 'ignore_ament_install']
[0.204s] Level 1:colcon.colcon_core.package_identification:_identify(.) by extension 'ignore'
[0.204s] Level 1:colcon.colcon_core.package_identification:_identify(.) by extension 'ignore_ament_install'
[0.204s] Level 1:colcon.colcon_core.package_identification:_identify(.) by extensions ['colcon_pkg']
[0.204s] Level 1:colcon.colcon_core.package_identification:_identify(.) by extension 'colcon_pkg'
[0.204s] Level 1:colcon.colcon_core.package_identification:_identify(.) by extensions ['colcon_meta']
[0.204s] Level 1:colcon.colcon_core.package_identification:_identify(.) by extension 'colcon_meta'
[0.204s] Level 1:colcon.colcon_core.package_identification:_identify(.) by extensions ['ros']
[0.204s] Level 1:colcon.colcon_core.package_identification:_identify(.) by extension 'ros'
[0.212s] Level 1:colcon.colcon_core.package_identification:_identify(.) by extensions ['cmake', 'python']
[0.212s] Level 1:colcon.colcon_core.package_identification:_identify(.) by extension 'cmake'
[0.212s] Level 1:colcon.colcon_core.package_identification:_identify(.) by extension 'python'
[0.212s] Level 1:colcon.colcon_core.package_identification:_identify(.) by extensions ['python_setup_py']
[0.212s] Level 1:colcon.colcon_core.package_identification:_identify(.) by extension 'python_setup_py'
[0.212s] Level 1:colcon.colcon_core.package_identification:_identify(build) by extensions ['ignore', 'ignore_ament_install']
[0.212s] Level 1:colcon.colcon_core.package_identification:_identify(build) by extension 'ignore'
[0.212s] Level 1:colcon.colcon_core.package_identification:_identify(build) ignored
[0.213s] Level 1:colcon.colcon_core.package_identification:_identify(install) by extensions ['ignore', 'ignore_ament_install']
[0.213s] Level 1:colcon.colcon_core.package_identification:_identify(install) by extension 'ignore'
[0.213s] Level 1:colcon.colcon_core.package_identification:_identify(install) ignored
[0.213s] Level 1:colcon.colcon_core.package_identification:_identify(log) by extensions ['ignore', 'ignore_ament_install']
[0.213s] Level 1:colcon.colcon_core.package_identification:_identify(log) by extension 'ignore'
[0.213s] Level 1:colcon.colcon_core.package_identification:_identify(log) ignored
[0.213s] Level 1:colcon.colcon_core.package_identification:_identify(src) by extensions ['ignore', 'ignore_ament_install']
[0.213s] Level 1:colcon.colcon_core.package_identification:_identify(src) by extension 'ignore'
[0.213s] Level 1:colcon.colcon_core.package_identification:_identify(src) by extension 'ignore_ament_install'
[0.213s] Level 1:colcon.colcon_core.package_identification:_identify(src) by extensions ['colcon_pkg']
[0.213s] Level 1:colcon.colcon_core.package_identification:_identify(src) by extension 'colcon_pkg'
[0.213s] Level 1:colcon.colcon_core.package_identification:_identify(src) by extensions ['colcon_meta']
[0.213s] Level 1:colcon.colcon_core.package_identification:_identify(src) by extension 'colcon_meta'
[0.213s] Level 1:colcon.colcon_core.package_identification:_identify(src) by extensions ['ros']
[0.213s] Level 1:colcon.colcon_core.package_identification:_identify(src) by extension 'ros'
[0.213s] Level 1:colcon.colcon_core.package_identification:_identify(src) by extensions ['cmake', 'python']
[0.213s] Level 1:colcon.colcon_core.package_identification:_identify(src) by extension 'cmake'
[0.213s] Level 1:colcon.colcon_core.package_identification:_identify(src) by extension 'python'
[0.213s] Level 1:colcon.colcon_core.package_identification:_identify(src) by extensions ['python_setup_py']
[0.213s] Level 1:colcon.colcon_core.package_identification:_identify(src) by extension 'python_setup_py'
[0.213s] Level 1:colcon.colcon_core.package_identification:_identify(src/turtle_sim_catch_them_all) by extensions ['ignore', 'ignore_ament_install']
[0.213s] Level 1:colcon.colcon_core.package_identification:_identify(src/turtle_sim_catch_them_all) by extension 'ignore'
[0.214s] Level 1:colcon.colcon_core.package_identification:_identify(src/turtle_sim_catch_them_all) by extension 'ignore_ament_install'
[0.214s] Level 1:colcon.colcon_core.package_identification:_identify(src/turtle_sim_catch_them_all) by extensions ['colcon_pkg']
[0.214s] Level 1:colcon.colcon_core.package_identification:_identify(src/turtle_sim_catch_them_all) by extension 'colcon_pkg'
[0.214s] Level 1:colcon.colcon_core.package_identification:_identify(src/turtle_sim_catch_them_all) by extensions ['colcon_meta']
[0.214s] Level 1:colcon.colcon_core.package_identification:_identify(src/turtle_sim_catch_them_all) by extension 'colcon_meta'
[0.214s] Level 1:colcon.colcon_core.package_identification:_identify(src/turtle_sim_catch_them_all) by extensions ['ros']
[0.214s] Level 1:colcon.colcon_core.package_identification:_identify(src/turtle_sim_catch_them_all) by extension 'ros'
[0.215s] DEBUG:colcon.colcon_core.package_identification:Package 'src/turtle_sim_catch_them_all' with type 'ros.ament_python' and name 'turtle_sim_catch_them_all'
[0.216s] Level 1:colcon.colcon_core.package_discovery:discover_packages(recursive) using defaults
[0.216s] Level 1:colcon.colcon_core.package_discovery:discover_packages(ignore) discover
[0.216s] Level 1:colcon.colcon_core.package_discovery:discover_packages(ignore) using defaults
[0.216s] Level 1:colcon.colcon_core.package_discovery:discover_packages(path) discover
[0.216s] Level 1:colcon.colcon_core.package_discovery:discover_packages(path) using defaults
[0.234s] Level 5:colcon.colcon_core.verb:set package 'turtle_sim_catch_them_all' build argument 'cmake_args' from command line to 'None'
[0.234s] Level 5:colcon.colcon_core.verb:set package 'turtle_sim_catch_them_all' build argument 'cmake_target' from command line to 'None'
[0.234s] Level 5:colcon.colcon_core.verb:set package 'turtle_sim_catch_them_all' build argument 'cmake_target_skip_unavailable' from command line to 'False'
[0.234s] Level 5:colcon.colcon_core.verb:set package 'turtle_sim_catch_them_all' build argument 'cmake_clean_cache' from command line to 'False'
[0.234s] Level 5:colcon.colcon_core.verb:set package 'turtle_sim_catch_them_all' build argument 'cmake_clean_first' from command line to 'False'
[0.234s] Level 5:colcon.colcon_core.verb:set package 'turtle_sim_catch_them_all' build argument 'cmake_force_configure' from command line to 'False'
[0.234s] Level 5:colcon.colcon_core.verb:set package 'turtle_sim_catch_them_all' build argument 'ament_cmake_args' from command line to 'None'
[0.234s] Level 5:colcon.colcon_core.verb:set package 'turtle_sim_catch_them_all' build argument 'catkin_cmake_args' from command line to 'None'
[0.234s] Level 5:colcon.colcon_core.verb:set package 'turtle_sim_catch_them_all' build argument 'catkin_skip_building_tests' from command line to 'False'
[0.234s] DEBUG:colcon.colcon_core.verb:Building package 'turtle_sim_catch_them_all' with the following arguments: {'ament_cmake_args': None, 'build_base': '/home/samuel/Learning_ROS/final_project_ros2_ws/build/turtle_sim_catch_them_all', 'catkin_cmake_args': None, 'catkin_skip_building_tests': False, 'cmake_args': None, 'cmake_clean_cache': False, 'cmake_clean_first': False, 'cmake_force_configure': False, 'cmake_target': None, 'cmake_target_skip_unavailable': False, 'install_base': '/home/samuel/Learning_ROS/final_project_ros2_ws/install/turtle_sim_catch_them_all', 'merge_install': False, 'path': '/home/samuel/Learning_ROS/final_project_ros2_ws/src/turtle_sim_catch_them_all', 'symlink_install': True, 'test_result_base': None}
[0.234s] INFO:colcon.colcon_core.executor:Executing jobs using 'parallel' executor
[0.235s] DEBUG:colcon.colcon_parallel_executor.executor.parallel:run_until_complete
[0.235s] INFO:colcon.colcon_ros.task.ament_python.build:Building ROS package in '/home/samuel/Learning_ROS/final_project_ros2_ws/src/turtle_sim_catch_them_all' with build type 'ament_python'
[0.235s] Level 1:colcon.colcon_core.shell:create_environment_hook('turtle_sim_catch_them_all', 'ament_prefix_path')
[0.238s] INFO:colcon.colcon_core.plugin_system:Skipping extension 'colcon_core.shell.bat': Not used on non-Windows systems
[0.238s] INFO:colcon.colcon_core.shell:Creating environment hook '/home/samuel/Learning_ROS/final_project_ros2_ws/install/turtle_sim_catch_them_all/share/turtle_sim_catch_them_all/hook/ament_prefix_path.ps1'
[0.239s] INFO:colcon.colcon_core.shell:Creating environment descriptor '/home/samuel/Learning_ROS/final_project_ros2_ws/install/turtle_sim_catch_them_all/share/turtle_sim_catch_them_all/hook/ament_prefix_path.dsv'
[0.239s] INFO:colcon.colcon_core.shell:Creating environment hook '/home/samuel/Learning_ROS/final_project_ros2_ws/install/turtle_sim_catch_them_all/share/turtle_sim_catch_them_all/hook/ament_prefix_path.sh'
[0.240s] INFO:colcon.colcon_core.shell:Skip shell extension 'powershell' for command environment: Not usable outside of PowerShell
[0.240s] DEBUG:colcon.colcon_core.shell:Skip shell extension 'dsv' for command environment
[0.449s] INFO:colcon.colcon_core.task.python.build:Building Python package in '/home/samuel/Learning_ROS/final_project_ros2_ws/src/turtle_sim_catch_them_all'
[0.449s] INFO:colcon.colcon_core.shell:Skip shell extension 'powershell' for command environment: Not usable outside of PowerShell
[0.449s] DEBUG:colcon.colcon_core.shell:Skip shell extension 'dsv' for command environment
[0.763s] DEBUG:colcon.colcon_core.event_handler.log_command:Invoking command in '/home/samuel/Learning_ROS/final_project_ros2_ws/build/turtle_sim_catch_them_all': PYTHONPATH=/home/samuel/Learning_ROS/final_project_ros2_ws/build/turtle_sim_catch_them_all/prefix_override:/usr/lib/python3/dist-packages/colcon_core/task/python/colcon_distutils_commands:/home/samuel/Learning_ROS/final_project_ros2_ws/install/turtle_sim_catch_them_all/lib/python3.10/site-packages:${PYTHONPATH} /usr/bin/python3 -W ignore:setup.py install is deprecated setup.py develop --editable --build-directory /home/samuel/Learning_ROS/final_project_ros2_ws/build/turtle_sim_catch_them_all/build --no-deps symlink_data
[1.120s] Level 1:colcon.colcon_core.shell:create_environment_hook('turtle_sim_catch_them_all', 'pythonpath_develop')
[1.120s] INFO:colcon.colcon_core.shell:Creating environment hook '/home/samuel/Learning_ROS/final_project_ros2_ws/build/turtle_sim_catch_them_all/share/turtle_sim_catch_them_all/hook/pythonpath_develop.ps1'
[1.121s] DEBUG:colcon.colcon_core.event_handler.log_command:Invoked command in '/home/samuel/Learning_ROS/final_project_ros2_ws/build/turtle_sim_catch_them_all' returned '0': PYTHONPATH=/home/samuel/Learning_ROS/final_project_ros2_ws/build/turtle_sim_catch_them_all/prefix_override:/usr/lib/python3/dist-packages/colcon_core/task/python/colcon_distutils_commands:/home/samuel/Learning_ROS/final_project_ros2_ws/install/turtle_sim_catch_them_all/lib/python3.10/site-packages:${PYTHONPATH} /usr/bin/python3 -W ignore:setup.py install is deprecated setup.py develop --editable --build-directory /home/samuel/Learning_ROS/final_project_ros2_ws/build/turtle_sim_catch_them_all/build --no-deps symlink_data
[1.121s] INFO:colcon.colcon_core.shell:Creating environment descriptor '/home/samuel/Learning_ROS/final_project_ros2_ws/build/turtle_sim_catch_them_all/share/turtle_sim_catch_them_all/hook/pythonpath_develop.dsv'
[1.122s] INFO:colcon.colcon_core.shell:Creating environment hook '/home/samuel/Learning_ROS/final_project_ros2_ws/build/turtle_sim_catch_them_all/share/turtle_sim_catch_them_all/hook/pythonpath_develop.sh'
[1.127s] Level 1:colcon.colcon_core.environment:checking '/home/samuel/Learning_ROS/final_project_ros2_ws/install/turtle_sim_catch_them_all' for CMake module files
[1.127s] Level 1:colcon.colcon_core.environment:checking '/home/samuel/Learning_ROS/final_project_ros2_ws/install/turtle_sim_catch_them_all' for CMake config files
[1.128s] Level 1:colcon.colcon_core.environment:checking '/home/samuel/Learning_ROS/final_project_ros2_ws/install/turtle_sim_catch_them_all/lib'
[1.128s] Level 1:colcon.colcon_core.environment:checking '/home/samuel/Learning_ROS/final_project_ros2_ws/install/turtle_sim_catch_them_all/bin'
[1.128s] Level 1:colcon.colcon_core.environment:checking '/home/samuel/Learning_ROS/final_project_ros2_ws/install/turtle_sim_catch_them_all/lib/pkgconfig/turtle_sim_catch_them_all.pc'
[1.128s] Level 1:colcon.colcon_core.environment:checking '/home/samuel/Learning_ROS/final_project_ros2_ws/install/turtle_sim_catch_them_all/lib/python3.10/site-packages'
[1.128s] Level 1:colcon.colcon_core.shell:create_environment_hook('turtle_sim_catch_them_all', 'pythonpath')
[1.129s] INFO:colcon.colcon_core.shell:Creating environment hook '/home/samuel/Learning_ROS/final_project_ros2_ws/install/turtle_sim_catch_them_all/share/turtle_sim_catch_them_all/hook/pythonpath.ps1'
[1.129s] INFO:colcon.colcon_core.shell:Creating environment descriptor '/home/samuel/Learning_ROS/final_project_ros2_ws/install/turtle_sim_catch_them_all/share/turtle_sim_catch_them_all/hook/pythonpath.dsv'
[1.129s] INFO:colcon.colcon_core.shell:Creating environment hook '/home/samuel/Learning_ROS/final_project_ros2_ws/install/turtle_sim_catch_them_all/share/turtle_sim_catch_them_all/hook/pythonpath.sh'
[1.129s] Level 1:colcon.colcon_core.environment:checking '/home/samuel/Learning_ROS/final_project_ros2_ws/install/turtle_sim_catch_them_all/bin'
[1.129s] Level 1:colcon.colcon_core.environment:create_environment_scripts_only(turtle_sim_catch_them_all)
[1.130s] INFO:colcon.colcon_core.shell:Creating package script '/home/samuel/Learning_ROS/final_project_ros2_ws/install/turtle_sim_catch_them_all/share/turtle_sim_catch_them_all/package.ps1'
[1.130s] INFO:colcon.colcon_core.shell:Creating package descriptor '/home/samuel/Learning_ROS/final_project_ros2_ws/install/turtle_sim_catch_them_all/share/turtle_sim_catch_them_all/package.dsv'
[1.131s] INFO:colcon.colcon_core.shell:Creating package script '/home/samuel/Learning_ROS/final_project_ros2_ws/install/turtle_sim_catch_them_all/share/turtle_sim_catch_them_all/package.sh'
[1.132s] INFO:colcon.colcon_core.shell:Creating package script '/home/samuel/Learning_ROS/final_project_ros2_ws/install/turtle_sim_catch_them_all/share/turtle_sim_catch_them_all/package.bash'
[1.132s] INFO:colcon.colcon_core.shell:Creating package script '/home/samuel/Learning_ROS/final_project_ros2_ws/install/turtle_sim_catch_them_all/share/turtle_sim_catch_them_all/package.zsh'
[1.133s] Level 1:colcon.colcon_core.environment:create_file_with_runtime_dependencies(/home/samuel/Learning_ROS/final_project_ros2_ws/install/turtle_sim_catch_them_all/share/colcon-core/packages/turtle_sim_catch_them_all)
[1.133s] DEBUG:colcon.colcon_parallel_executor.executor.parallel:closing loop
[1.133s] DEBUG:colcon.colcon_parallel_executor.executor.parallel:loop closed
[1.133s] DEBUG:colcon.colcon_parallel_executor.executor.parallel:run_until_complete finished with '0'
[1.133s] DEBUG:colcon.colcon_core.event_reactor:joining thread
[1.138s] INFO:colcon.colcon_core.plugin_system:Skipping extension 'colcon_notification.desktop_notification.terminal_notifier': Not used on non-Darwin systems
[1.138s] INFO:colcon.colcon_core.plugin_system:Skipping extension 'colcon_notification.desktop_notification.win32': Not used on non-Windows systems
[1.138s] INFO:colcon.colcon_notification.desktop_notification:Sending desktop notification using 'notify2'
[1.149s] DEBUG:colcon.colcon_core.event_reactor:joined thread
[1.149s] INFO:colcon.colcon_core.shell:Creating prefix script '/home/samuel/Learning_ROS/final_project_ros2_ws/install/local_setup.ps1'
[1.151s] INFO:colcon.colcon_core.shell:Creating prefix util module '/home/samuel/Learning_ROS/final_project_ros2_ws/install/_local_setup_util_ps1.py'
[1.153s] INFO:colcon.colcon_core.shell:Creating prefix chain script '/home/samuel/Learning_ROS/final_project_ros2_ws/install/setup.ps1'
[1.155s] INFO:colcon.colcon_core.shell:Creating prefix script '/home/samuel/Learning_ROS/final_project_ros2_ws/install/local_setup.sh'
[1.156s] INFO:colcon.colcon_core.shell:Creating prefix util module '/home/samuel/Learning_ROS/final_project_ros2_ws/install/_local_setup_util_sh.py'
[1.156s] INFO:colcon.colcon_core.shell:Creating prefix chain script '/home/samuel/Learning_ROS/final_project_ros2_ws/install/setup.sh'
[1.158s] INFO:colcon.colcon_core.shell:Creating prefix script '/home/samuel/Learning_ROS/final_project_ros2_ws/install/local_setup.bash'
[1.159s] INFO:colcon.colcon_core.shell:Creating prefix chain script '/home/samuel/Learning_ROS/final_project_ros2_ws/install/setup.bash'
[1.160s] INFO:colcon.colcon_core.shell:Creating prefix script '/home/samuel/Learning_ROS/final_project_ros2_ws/install/local_setup.zsh'
[1.161s] INFO:colcon.colcon_core.shell:Creating prefix chain script '/home/samuel/Learning_ROS/final_project_ros2_ws/install/setup.zsh'
