[0.012s] Invoking command in '/home/samuel/Learning_ROS/ros_ws1/build/my_cpp_pkg': CMAKE_PREFIX_PATH=${CMAKE_PREFIX_PATH}:/home/samuel/Learning_ROS/ros_ws1/install/my_py_pkg:/opt/ros/humble /usr/bin/cmake --build /home/samuel/Learning_ROS/ros_ws1/build/my_cpp_pkg -- -j12 -l12
[0.064s] -- Found ament_cmake: 1.3.10 (/opt/ros/humble/share/ament_cmake/cmake)
[0.184s] -- Found rclcpp: 16.0.10 (/opt/ros/humble/share/rclcpp/cmake)
[0.221s] -- Found rosidl_generator_c: 3.1.5 (/opt/ros/humble/share/rosidl_generator_c/cmake)
[0.224s] -- Found rosidl_adapter: 3.1.5 (/opt/ros/humble/share/rosidl_adapter/cmake)
[0.233s] -- Found rosidl_generator_cpp: 3.1.5 (/opt/ros/humble/share/rosidl_generator_cpp/cmake)
[0.245s] -- Using all available rosidl_typesupport_c: rosidl_typesupport_fastrtps_c;rosidl_typesupport_introspection_c
[0.259s] -- Using all available rosidl_typesupport_cpp: rosidl_typesupport_fastrtps_cpp;rosidl_typesupport_introspection_cpp
[0.298s] -- Found rmw_implementation_cmake: 6.1.2 (/opt/ros/humble/share/rmw_implementation_cmake/cmake)
[0.300s] -- Found rmw_fastrtps_cpp: 6.2.7 (/opt/ros/humble/share/rmw_fastrtps_cpp/cmake)
[0.406s] -- Using RMW implementation 'rmw_fastrtps_cpp' as default
[0.462s] -- Found example_interfaces: 0.9.3 (/opt/ros/humble/share/example_interfaces/cmake)
[0.560s] -- Configuring done
[0.564s] [33mCMake Warning (dev) at CMakeLists.txt:29 (add_executable):
[0.564s]   Policy CMP0115 is not set: Source file extensions must be explicit.  Run
[0.564s]   "cmake --help-policy CMP0115" for policy details.  Use the cmake_policy
[0.564s]   command to set the policy and suppress this warning.
[0.564s] 
[0.564s]   File:
[0.564s] 
[0.564s]     /home/samuel/Learning_ROS/ros_ws1/src/my_cpp_pkg/src/add_two_ints_client_no_oop.cpp
[0.565s] This warning is for project developers.  Use -Wno-dev to suppress it.
[0.565s] [0m
[0.585s] -- Generating done
[0.587s] -- Build files have been written to: /home/samuel/Learning_ROS/ros_ws1/build/my_cpp_pkg
[0.611s] [35m[1mConsolidate compiler generated dependencies of target cpp_node[0m
[0.611s] [35m[1mConsolidate compiler generated dependencies of target robot_news_station[0m
[0.612s] [35m[1mConsolidate compiler generated dependencies of target smartphone[0m
[0.612s] [35m[1mConsolidate compiler generated dependencies of target add_two_ints_server[0m
[0.620s] [ 10%] [32mBuilding CXX object CMakeFiles/add_two_ints_client_no_oop.dir/src/add_two_ints_client_no_oop.cpp.o[0m
[0.628s] [ 30%] Built target cpp_node
[0.629s] [ 50%] Built target robot_news_station
[0.629s] [ 70%] Built target smartphone
[0.631s] [ 90%] Built target add_two_ints_server
[2.369s] [01m[K/home/samuel/Learning_ROS/ros_ws1/src/my_cpp_pkg/src/add_two_ints_client_no_oop.cpp:[m[K In function ‘[01m[Kint main(int, char**)[m[K’:
[2.369s] [01m[K/home/samuel/Learning_ROS/ros_ws1/src/my_cpp_pkg/src/add_two_ints_client_no_oop.cpp:18:69:[m[K [01;31m[Kerror: [m[K‘[01m[Krclcpp::executor[m[K’ has not been declared
[2.369s]    18 |     if (rclcpp::spin_until_future_complete(node, future) == rclcpp::[01;31m[Kexecutor[m[K::FutureReturnCode::SUCCESS)
[2.369s]       |                                                                     [01;31m[K^~~~~~~~[m[K
[2.806s] gmake[2]: *** [CMakeFiles/add_two_ints_client_no_oop.dir/build.make:76: CMakeFiles/add_two_ints_client_no_oop.dir/src/add_two_ints_client_no_oop.cpp.o] Error 1
[2.806s] gmake[1]: *** [CMakeFiles/Makefile2:249: CMakeFiles/add_two_ints_client_no_oop.dir/all] Error 2
[2.807s] gmake: *** [Makefile:146: all] Error 2
[2.810s] Invoked command in '/home/samuel/Learning_ROS/ros_ws1/build/my_cpp_pkg' returned '2': CMAKE_PREFIX_PATH=${CMAKE_PREFIX_PATH}:/home/samuel/Learning_ROS/ros_ws1/install/my_py_pkg:/opt/ros/humble /usr/bin/cmake --build /home/samuel/Learning_ROS/ros_ws1/build/my_cpp_pkg -- -j12 -l12
