[0.009s] Invoking command in '/home/samuel/Learning_ROS/ros_ws1/build/my_robot_interfaces': CMAKE_PREFIX_PATH=${CMAKE_PREFIX_PATH}:/home/samuel/Learning_ROS/ros_ws1/install/my_py_pkg:/opt/ros/humble /usr/bin/cmake --build /home/samuel/Learning_ROS/ros_ws1/build/my_robot_interfaces -- -j12 -l12
[0.045s] [35m[1mConsolidate compiler generated dependencies of target my_robot_interfaces__rosidl_generator_c[0m
[0.053s] [  1%] Built target my_robot_interfaces__cpp
[0.055s] [ 12%] Built target my_robot_interfaces__rosidl_generator_c
[0.064s] [35m[1mConsolidate compiler generated dependencies of target my_robot_interfaces__rosidl_typesupport_cpp[0m
[0.064s] [35m[1mConsolidate compiler generated dependencies of target my_robot_interfaces__rosidl_typesupport_fastrtps_cpp[0m
[0.064s] [35m[1mConsolidate compiler generated dependencies of target my_robot_interfaces__rosidl_typesupport_introspection_cpp[0m
[0.065s] [35m[1mConsolidate compiler generated dependencies of target my_robot_interfaces__rosidl_typesupport_c[0m
[0.066s] [35m[1mConsolidate compiler generated dependencies of target my_robot_interfaces__rosidl_typesupport_fastrtps_c[0m
[0.066s] [ 12%] Built target ament_cmake_python_copy_my_robot_interfaces
[0.067s] [35m[1mConsolidate compiler generated dependencies of target my_robot_interfaces__rosidl_typesupport_introspection_c[0m
[0.077s] [ 23%] Built target my_robot_interfaces__rosidl_typesupport_c
[0.078s] [ 45%] Built target my_robot_interfaces__rosidl_typesupport_introspection_cpp
[0.078s] [ 45%] Built target my_robot_interfaces__rosidl_typesupport_cpp
[0.078s] [ 56%] Built target my_robot_interfaces__rosidl_typesupport_introspection_c
[0.079s] [ 67%] Built target my_robot_interfaces__rosidl_typesupport_fastrtps_cpp
[0.081s] [ 78%] Built target my_robot_interfaces__rosidl_typesupport_fastrtps_c
[0.099s] [ 78%] Built target my_robot_interfaces
[0.119s] [ 80%] Built target my_robot_interfaces__py
[0.128s] [35m[1mConsolidate compiler generated dependencies of target my_robot_interfaces__rosidl_generator_py[0m
[0.141s] [ 89%] Built target my_robot_interfaces__rosidl_generator_py
[0.150s] [35m[1mConsolidate compiler generated dependencies of target my_robot_interfaces__rosidl_typesupport_fastrtps_c__pyext[0m
[0.151s] [35m[1mConsolidate compiler generated dependencies of target my_robot_interfaces__rosidl_typesupport_c__pyext[0m
[0.152s] [35m[1mConsolidate compiler generated dependencies of target my_robot_interfaces__rosidl_typesupport_introspection_c__pyext[0m
[0.162s] [ 96%] Built target my_robot_interfaces__rosidl_typesupport_c__pyext
[0.162s] [ 96%] Built target my_robot_interfaces__rosidl_typesupport_fastrtps_c__pyext
[0.163s] [100%] Built target my_robot_interfaces__rosidl_typesupport_introspection_c__pyext
[0.264s] running egg_info
[0.264s] writing my_robot_interfaces.egg-info/PKG-INFO
[0.264s] writing dependency_links to my_robot_interfaces.egg-info/dependency_links.txt
[0.264s] writing top-level names to my_robot_interfaces.egg-info/top_level.txt
[0.266s] reading manifest file 'my_robot_interfaces.egg-info/SOURCES.txt'
[0.266s] writing manifest file 'my_robot_interfaces.egg-info/SOURCES.txt'
[0.286s] [100%] Built target ament_cmake_python_build_my_robot_interfaces_egg
[0.299s] Invoked command in '/home/samuel/Learning_ROS/ros_ws1/build/my_robot_interfaces' returned '0': CMAKE_PREFIX_PATH=${CMAKE_PREFIX_PATH}:/home/samuel/Learning_ROS/ros_ws1/install/my_py_pkg:/opt/ros/humble /usr/bin/cmake --build /home/samuel/Learning_ROS/ros_ws1/build/my_robot_interfaces -- -j12 -l12
[0.458s] Invoking command in '/home/samuel/Learning_ROS/ros_ws1/build/my_robot_interfaces': CMAKE_PREFIX_PATH=${CMAKE_PREFIX_PATH}:/home/samuel/Learning_ROS/ros_ws1/install/my_py_pkg:/opt/ros/humble /usr/bin/cmake --install /home/samuel/Learning_ROS/ros_ws1/build/my_robot_interfaces
[0.467s] -- Install configuration: ""
[0.468s] -- Up-to-date: /home/samuel/Learning_ROS/ros_ws1/install/my_robot_interfaces/share/ament_index/resource_index/rosidl_interfaces/my_robot_interfaces
[0.468s] -- Up-to-date: /home/samuel/Learning_ROS/ros_ws1/install/my_robot_interfaces/include/my_robot_interfaces/my_robot_interfaces
[0.468s] -- Up-to-date: /home/samuel/Learning_ROS/ros_ws1/install/my_robot_interfaces/include/my_robot_interfaces/my_robot_interfaces/msg
[0.468s] -- Up-to-date: /home/samuel/Learning_ROS/ros_ws1/install/my_robot_interfaces/include/my_robot_interfaces/my_robot_interfaces/msg/rosidl_generator_c__visibility_control.h
[0.468s] -- Up-to-date: /home/samuel/Learning_ROS/ros_ws1/install/my_robot_interfaces/include/my_robot_interfaces/my_robot_interfaces/msg/detail
[0.468s] -- Up-to-date: /home/samuel/Learning_ROS/ros_ws1/install/my_robot_interfaces/include/my_robot_interfaces/my_robot_interfaces/msg/detail/led_state_array__struct.h
[0.468s] -- Up-to-date: /home/samuel/Learning_ROS/ros_ws1/install/my_robot_interfaces/include/my_robot_interfaces/my_robot_interfaces/msg/detail/led_state_array__functions.c
[0.468s] -- Up-to-date: /home/samuel/Learning_ROS/ros_ws1/install/my_robot_interfaces/include/my_robot_interfaces/my_robot_interfaces/msg/detail/led_state_array__type_support.h
[0.469s] -- Up-to-date: /home/samuel/Learning_ROS/ros_ws1/install/my_robot_interfaces/include/my_robot_interfaces/my_robot_interfaces/msg/detail/hardware_status__struct.h
[0.469s] -- Up-to-date: /home/samuel/Learning_ROS/ros_ws1/install/my_robot_interfaces/include/my_robot_interfaces/my_robot_interfaces/msg/detail/led_state_array__functions.h
[0.469s] -- Up-to-date: /home/samuel/Learning_ROS/ros_ws1/install/my_robot_interfaces/include/my_robot_interfaces/my_robot_interfaces/msg/detail/hardware_status__functions.h
[0.469s] -- Up-to-date: /home/samuel/Learning_ROS/ros_ws1/install/my_robot_interfaces/include/my_robot_interfaces/my_robot_interfaces/msg/detail/hardware_status__functions.c
[0.469s] -- Up-to-date: /home/samuel/Learning_ROS/ros_ws1/install/my_robot_interfaces/include/my_robot_interfaces/my_robot_interfaces/msg/detail/hardware_status__type_support.h
[0.469s] -- Up-to-date: /home/samuel/Learning_ROS/ros_ws1/install/my_robot_interfaces/include/my_robot_interfaces/my_robot_interfaces/msg/hardware_status.h
[0.469s] -- Up-to-date: /home/samuel/Learning_ROS/ros_ws1/install/my_robot_interfaces/include/my_robot_interfaces/my_robot_interfaces/msg/led_state_array.h
[0.469s] -- Up-to-date: /home/samuel/Learning_ROS/ros_ws1/install/my_robot_interfaces/include/my_robot_interfaces/my_robot_interfaces/srv
[0.469s] -- Up-to-date: /home/samuel/Learning_ROS/ros_ws1/install/my_robot_interfaces/include/my_robot_interfaces/my_robot_interfaces/srv/detail
[0.469s] -- Up-to-date: /home/samuel/Learning_ROS/ros_ws1/install/my_robot_interfaces/include/my_robot_interfaces/my_robot_interfaces/srv/detail/set_led_panel__functions.c
[0.470s] -- Up-to-date: /home/samuel/Learning_ROS/ros_ws1/install/my_robot_interfaces/include/my_robot_interfaces/my_robot_interfaces/srv/detail/set_led_panel__type_support.h
[0.470s] -- Up-to-date: /home/samuel/Learning_ROS/ros_ws1/install/my_robot_interfaces/include/my_robot_interfaces/my_robot_interfaces/srv/detail/compute_rectangle_area__functions.c
[0.470s] -- Up-to-date: /home/samuel/Learning_ROS/ros_ws1/install/my_robot_interfaces/include/my_robot_interfaces/my_robot_interfaces/srv/detail/compute_rectangle_area__struct.h
[0.470s] -- Up-to-date: /home/samuel/Learning_ROS/ros_ws1/install/my_robot_interfaces/include/my_robot_interfaces/my_robot_interfaces/srv/detail/compute_rectangle_area__functions.h
[0.470s] -- Up-to-date: /home/samuel/Learning_ROS/ros_ws1/install/my_robot_interfaces/include/my_robot_interfaces/my_robot_interfaces/srv/detail/compute_rectangle_area__type_support.h
[0.470s] -- Up-to-date: /home/samuel/Learning_ROS/ros_ws1/install/my_robot_interfaces/include/my_robot_interfaces/my_robot_interfaces/srv/detail/set_led_panel__struct.h
[0.470s] -- Up-to-date: /home/samuel/Learning_ROS/ros_ws1/install/my_robot_interfaces/include/my_robot_interfaces/my_robot_interfaces/srv/detail/set_led_panel__functions.h
[0.470s] -- Up-to-date: /home/samuel/Learning_ROS/ros_ws1/install/my_robot_interfaces/include/my_robot_interfaces/my_robot_interfaces/srv/compute_rectangle_area.h
[0.470s] -- Up-to-date: /home/samuel/Learning_ROS/ros_ws1/install/my_robot_interfaces/include/my_robot_interfaces/my_robot_interfaces/srv/set_led_panel.h
[0.470s] -- Up-to-date: /home/samuel/Learning_ROS/ros_ws1/install/my_robot_interfaces/share/my_robot_interfaces/environment/library_path.sh
[0.471s] -- Up-to-date: /home/samuel/Learning_ROS/ros_ws1/install/my_robot_interfaces/share/my_robot_interfaces/environment/library_path.dsv
[0.471s] -- Up-to-date: /home/samuel/Learning_ROS/ros_ws1/install/my_robot_interfaces/lib/libmy_robot_interfaces__rosidl_generator_c.so
[0.471s] -- Up-to-date: /home/samuel/Learning_ROS/ros_ws1/install/my_robot_interfaces/include/my_robot_interfaces/my_robot_interfaces
[0.471s] -- Up-to-date: /home/samuel/Learning_ROS/ros_ws1/install/my_robot_interfaces/include/my_robot_interfaces/my_robot_interfaces/msg
[0.471s] -- Up-to-date: /home/samuel/Learning_ROS/ros_ws1/install/my_robot_interfaces/include/my_robot_interfaces/my_robot_interfaces/msg/detail
[0.471s] -- Up-to-date: /home/samuel/Learning_ROS/ros_ws1/install/my_robot_interfaces/include/my_robot_interfaces/my_robot_interfaces/msg/detail/led_state_array__rosidl_typesupport_fastrtps_c.h
[0.471s] -- Up-to-date: /home/samuel/Learning_ROS/ros_ws1/install/my_robot_interfaces/include/my_robot_interfaces/my_robot_interfaces/msg/detail/hardware_status__rosidl_typesupport_fastrtps_c.h
[0.471s] -- Up-to-date: /home/samuel/Learning_ROS/ros_ws1/install/my_robot_interfaces/include/my_robot_interfaces/my_robot_interfaces/msg/rosidl_typesupport_fastrtps_c__visibility_control.h
[0.471s] -- Up-to-date: /home/samuel/Learning_ROS/ros_ws1/install/my_robot_interfaces/include/my_robot_interfaces/my_robot_interfaces/srv
[0.472s] -- Up-to-date: /home/samuel/Learning_ROS/ros_ws1/install/my_robot_interfaces/include/my_robot_interfaces/my_robot_interfaces/srv/detail
[0.472s] -- Up-to-date: /home/samuel/Learning_ROS/ros_ws1/install/my_robot_interfaces/include/my_robot_interfaces/my_robot_interfaces/srv/detail/set_led_panel__rosidl_typesupport_fastrtps_c.h
[0.472s] -- Up-to-date: /home/samuel/Learning_ROS/ros_ws1/install/my_robot_interfaces/include/my_robot_interfaces/my_robot_interfaces/srv/detail/compute_rectangle_area__rosidl_typesupport_fastrtps_c.h
[0.472s] -- Up-to-date: /home/samuel/Learning_ROS/ros_ws1/install/my_robot_interfaces/lib/libmy_robot_interfaces__rosidl_typesupport_fastrtps_c.so
[0.472s] -- Up-to-date: /home/samuel/Learning_ROS/ros_ws1/install/my_robot_interfaces/include/my_robot_interfaces/my_robot_interfaces
[0.472s] -- Up-to-date: /home/samuel/Learning_ROS/ros_ws1/install/my_robot_interfaces/include/my_robot_interfaces/my_robot_interfaces/msg
[0.472s] -- Up-to-date: /home/samuel/Learning_ROS/ros_ws1/install/my_robot_interfaces/include/my_robot_interfaces/my_robot_interfaces/msg/detail
[0.472s] -- Up-to-date: /home/samuel/Learning_ROS/ros_ws1/install/my_robot_interfaces/include/my_robot_interfaces/my_robot_interfaces/msg/detail/hardware_status__type_support.c
[0.472s] -- Up-to-date: /home/samuel/Learning_ROS/ros_ws1/install/my_robot_interfaces/include/my_robot_interfaces/my_robot_interfaces/msg/detail/led_state_array__rosidl_typesupport_introspection_c.h
[0.472s] -- Up-to-date: /home/samuel/Learning_ROS/ros_ws1/install/my_robot_interfaces/include/my_robot_interfaces/my_robot_interfaces/msg/detail/hardware_status__rosidl_typesupport_introspection_c.h
[0.472s] -- Up-to-date: /home/samuel/Learning_ROS/ros_ws1/install/my_robot_interfaces/include/my_robot_interfaces/my_robot_interfaces/msg/detail/led_state_array__type_support.c
[0.473s] -- Up-to-date: /home/samuel/Learning_ROS/ros_ws1/install/my_robot_interfaces/include/my_robot_interfaces/my_robot_interfaces/msg/rosidl_typesupport_introspection_c__visibility_control.h
[0.473s] -- Up-to-date: /home/samuel/Learning_ROS/ros_ws1/install/my_robot_interfaces/include/my_robot_interfaces/my_robot_interfaces/srv
[0.473s] -- Up-to-date: /home/samuel/Learning_ROS/ros_ws1/install/my_robot_interfaces/include/my_robot_interfaces/my_robot_interfaces/srv/detail
[0.473s] -- Up-to-date: /home/samuel/Learning_ROS/ros_ws1/install/my_robot_interfaces/include/my_robot_interfaces/my_robot_interfaces/srv/detail/set_led_panel__type_support.c
[0.473s] -- Up-to-date: /home/samuel/Learning_ROS/ros_ws1/install/my_robot_interfaces/include/my_robot_interfaces/my_robot_interfaces/srv/detail/set_led_panel__rosidl_typesupport_introspection_c.h
[0.473s] -- Up-to-date: /home/samuel/Learning_ROS/ros_ws1/install/my_robot_interfaces/include/my_robot_interfaces/my_robot_interfaces/srv/detail/compute_rectangle_area__rosidl_typesupport_introspection_c.h
[0.473s] -- Up-to-date: /home/samuel/Learning_ROS/ros_ws1/install/my_robot_interfaces/include/my_robot_interfaces/my_robot_interfaces/srv/detail/compute_rectangle_area__type_support.c
[0.473s] -- Up-to-date: /home/samuel/Learning_ROS/ros_ws1/install/my_robot_interfaces/lib/libmy_robot_interfaces__rosidl_typesupport_introspection_c.so
[0.473s] -- Up-to-date: /home/samuel/Learning_ROS/ros_ws1/install/my_robot_interfaces/lib/libmy_robot_interfaces__rosidl_typesupport_c.so
[0.474s] -- Up-to-date: /home/samuel/Learning_ROS/ros_ws1/install/my_robot_interfaces/include/my_robot_interfaces/my_robot_interfaces
[0.474s] -- Up-to-date: /home/samuel/Learning_ROS/ros_ws1/install/my_robot_interfaces/include/my_robot_interfaces/my_robot_interfaces/msg
[0.474s] -- Up-to-date: /home/samuel/Learning_ROS/ros_ws1/install/my_robot_interfaces/include/my_robot_interfaces/my_robot_interfaces/msg/detail
[0.474s] -- Up-to-date: /home/samuel/Learning_ROS/ros_ws1/install/my_robot_interfaces/include/my_robot_interfaces/my_robot_interfaces/msg/detail/hardware_status__builder.hpp
[0.474s] -- Up-to-date: /home/samuel/Learning_ROS/ros_ws1/install/my_robot_interfaces/include/my_robot_interfaces/my_robot_interfaces/msg/detail/hardware_status__struct.hpp
[0.474s] -- Up-to-date: /home/samuel/Learning_ROS/ros_ws1/install/my_robot_interfaces/include/my_robot_interfaces/my_robot_interfaces/msg/detail/led_state_array__builder.hpp
[0.474s] -- Up-to-date: /home/samuel/Learning_ROS/ros_ws1/install/my_robot_interfaces/include/my_robot_interfaces/my_robot_interfaces/msg/detail/hardware_status__traits.hpp
[0.474s] -- Up-to-date: /home/samuel/Learning_ROS/ros_ws1/install/my_robot_interfaces/include/my_robot_interfaces/my_robot_interfaces/msg/detail/led_state_array__struct.hpp
[0.474s] -- Up-to-date: /home/samuel/Learning_ROS/ros_ws1/install/my_robot_interfaces/include/my_robot_interfaces/my_robot_interfaces/msg/detail/led_state_array__traits.hpp
[0.474s] -- Up-to-date: /home/samuel/Learning_ROS/ros_ws1/install/my_robot_interfaces/include/my_robot_interfaces/my_robot_interfaces/msg/led_state_array.hpp
[0.474s] -- Up-to-date: /home/samuel/Learning_ROS/ros_ws1/install/my_robot_interfaces/include/my_robot_interfaces/my_robot_interfaces/msg/hardware_status.hpp
[0.475s] -- Up-to-date: /home/samuel/Learning_ROS/ros_ws1/install/my_robot_interfaces/include/my_robot_interfaces/my_robot_interfaces/srv
[0.475s] -- Up-to-date: /home/samuel/Learning_ROS/ros_ws1/install/my_robot_interfaces/include/my_robot_interfaces/my_robot_interfaces/srv/detail
[0.475s] -- Up-to-date: /home/samuel/Learning_ROS/ros_ws1/install/my_robot_interfaces/include/my_robot_interfaces/my_robot_interfaces/srv/detail/compute_rectangle_area__struct.hpp
[0.475s] -- Up-to-date: /home/samuel/Learning_ROS/ros_ws1/install/my_robot_interfaces/include/my_robot_interfaces/my_robot_interfaces/srv/detail/set_led_panel__struct.hpp
[0.475s] -- Up-to-date: /home/samuel/Learning_ROS/ros_ws1/install/my_robot_interfaces/include/my_robot_interfaces/my_robot_interfaces/srv/detail/compute_rectangle_area__builder.hpp
[0.475s] -- Up-to-date: /home/samuel/Learning_ROS/ros_ws1/install/my_robot_interfaces/include/my_robot_interfaces/my_robot_interfaces/srv/detail/compute_rectangle_area__traits.hpp
[0.475s] -- Up-to-date: /home/samuel/Learning_ROS/ros_ws1/install/my_robot_interfaces/include/my_robot_interfaces/my_robot_interfaces/srv/detail/set_led_panel__traits.hpp
[0.475s] -- Up-to-date: /home/samuel/Learning_ROS/ros_ws1/install/my_robot_interfaces/include/my_robot_interfaces/my_robot_interfaces/srv/detail/set_led_panel__builder.hpp
[0.475s] -- Up-to-date: /home/samuel/Learning_ROS/ros_ws1/install/my_robot_interfaces/include/my_robot_interfaces/my_robot_interfaces/srv/compute_rectangle_area.hpp
[0.475s] -- Up-to-date: /home/samuel/Learning_ROS/ros_ws1/install/my_robot_interfaces/include/my_robot_interfaces/my_robot_interfaces/srv/set_led_panel.hpp
[0.475s] -- Up-to-date: /home/samuel/Learning_ROS/ros_ws1/install/my_robot_interfaces/include/my_robot_interfaces/my_robot_interfaces
[0.475s] -- Up-to-date: /home/samuel/Learning_ROS/ros_ws1/install/my_robot_interfaces/include/my_robot_interfaces/my_robot_interfaces/msg
[0.476s] -- Up-to-date: /home/samuel/Learning_ROS/ros_ws1/install/my_robot_interfaces/include/my_robot_interfaces/my_robot_interfaces/msg/detail
[0.476s] -- Up-to-date: /home/samuel/Learning_ROS/ros_ws1/install/my_robot_interfaces/include/my_robot_interfaces/my_robot_interfaces/msg/detail/hardware_status__rosidl_typesupport_fastrtps_cpp.hpp
[0.476s] -- Up-to-date: /home/samuel/Learning_ROS/ros_ws1/install/my_robot_interfaces/include/my_robot_interfaces/my_robot_interfaces/msg/detail/led_state_array__rosidl_typesupport_fastrtps_cpp.hpp
[0.476s] -- Up-to-date: /home/samuel/Learning_ROS/ros_ws1/install/my_robot_interfaces/include/my_robot_interfaces/my_robot_interfaces/msg/detail/dds_fastrtps
[0.476s] -- Up-to-date: /home/samuel/Learning_ROS/ros_ws1/install/my_robot_interfaces/include/my_robot_interfaces/my_robot_interfaces/msg/rosidl_typesupport_fastrtps_cpp__visibility_control.h
[0.476s] -- Up-to-date: /home/samuel/Learning_ROS/ros_ws1/install/my_robot_interfaces/include/my_robot_interfaces/my_robot_interfaces/srv
[0.476s] -- Up-to-date: /home/samuel/Learning_ROS/ros_ws1/install/my_robot_interfaces/include/my_robot_interfaces/my_robot_interfaces/srv/detail
[0.476s] -- Up-to-date: /home/samuel/Learning_ROS/ros_ws1/install/my_robot_interfaces/include/my_robot_interfaces/my_robot_interfaces/srv/detail/compute_rectangle_area__rosidl_typesupport_fastrtps_cpp.hpp
[0.476s] -- Up-to-date: /home/samuel/Learning_ROS/ros_ws1/install/my_robot_interfaces/include/my_robot_interfaces/my_robot_interfaces/srv/detail/set_led_panel__rosidl_typesupport_fastrtps_cpp.hpp
[0.476s] -- Up-to-date: /home/samuel/Learning_ROS/ros_ws1/install/my_robot_interfaces/include/my_robot_interfaces/my_robot_interfaces/srv/detail/dds_fastrtps
[0.476s] -- Up-to-date: /home/samuel/Learning_ROS/ros_ws1/install/my_robot_interfaces/lib/libmy_robot_interfaces__rosidl_typesupport_fastrtps_cpp.so
[0.476s] -- Up-to-date: /home/samuel/Learning_ROS/ros_ws1/install/my_robot_interfaces/include/my_robot_interfaces/my_robot_interfaces
[0.477s] -- Up-to-date: /home/samuel/Learning_ROS/ros_ws1/install/my_robot_interfaces/include/my_robot_interfaces/my_robot_interfaces/msg
[0.477s] -- Up-to-date: /home/samuel/Learning_ROS/ros_ws1/install/my_robot_interfaces/include/my_robot_interfaces/my_robot_interfaces/msg/detail
[0.477s] -- Up-to-date: /home/samuel/Learning_ROS/ros_ws1/install/my_robot_interfaces/include/my_robot_interfaces/my_robot_interfaces/msg/detail/led_state_array__type_support.cpp
[0.477s] -- Up-to-date: /home/samuel/Learning_ROS/ros_ws1/install/my_robot_interfaces/include/my_robot_interfaces/my_robot_interfaces/msg/detail/hardware_status__type_support.cpp
[0.477s] -- Up-to-date: /home/samuel/Learning_ROS/ros_ws1/install/my_robot_interfaces/include/my_robot_interfaces/my_robot_interfaces/msg/detail/hardware_status__rosidl_typesupport_introspection_cpp.hpp
[0.477s] -- Up-to-date: /home/samuel/Learning_ROS/ros_ws1/install/my_robot_interfaces/include/my_robot_interfaces/my_robot_interfaces/msg/detail/led_state_array__rosidl_typesupport_introspection_cpp.hpp
[0.477s] -- Up-to-date: /home/samuel/Learning_ROS/ros_ws1/install/my_robot_interfaces/include/my_robot_interfaces/my_robot_interfaces/srv
[0.477s] -- Up-to-date: /home/samuel/Learning_ROS/ros_ws1/install/my_robot_interfaces/include/my_robot_interfaces/my_robot_interfaces/srv/detail
[0.477s] -- Up-to-date: /home/samuel/Learning_ROS/ros_ws1/install/my_robot_interfaces/include/my_robot_interfaces/my_robot_interfaces/srv/detail/compute_rectangle_area__rosidl_typesupport_introspection_cpp.hpp
[0.477s] -- Up-to-date: /home/samuel/Learning_ROS/ros_ws1/install/my_robot_interfaces/include/my_robot_interfaces/my_robot_interfaces/srv/detail/set_led_panel__type_support.cpp
[0.477s] -- Up-to-date: /home/samuel/Learning_ROS/ros_ws1/install/my_robot_interfaces/include/my_robot_interfaces/my_robot_interfaces/srv/detail/set_led_panel__rosidl_typesupport_introspection_cpp.hpp
[0.477s] -- Up-to-date: /home/samuel/Learning_ROS/ros_ws1/install/my_robot_interfaces/include/my_robot_interfaces/my_robot_interfaces/srv/detail/compute_rectangle_area__type_support.cpp
[0.478s] -- Up-to-date: /home/samuel/Learning_ROS/ros_ws1/install/my_robot_interfaces/lib/libmy_robot_interfaces__rosidl_typesupport_introspection_cpp.so
[0.478s] -- Up-to-date: /home/samuel/Learning_ROS/ros_ws1/install/my_robot_interfaces/lib/libmy_robot_interfaces__rosidl_typesupport_cpp.so
[0.478s] -- Up-to-date: /home/samuel/Learning_ROS/ros_ws1/install/my_robot_interfaces/share/my_robot_interfaces/environment/pythonpath.sh
[0.478s] -- Up-to-date: /home/samuel/Learning_ROS/ros_ws1/install/my_robot_interfaces/share/my_robot_interfaces/environment/pythonpath.dsv
[0.478s] -- Up-to-date: /home/samuel/Learning_ROS/ros_ws1/install/my_robot_interfaces/local/lib/python3.10/dist-packages/my_robot_interfaces-0.0.0-py3.10.egg-info
[0.478s] -- Installing: /home/samuel/Learning_ROS/ros_ws1/install/my_robot_interfaces/local/lib/python3.10/dist-packages/my_robot_interfaces-0.0.0-py3.10.egg-info/dependency_links.txt
[0.478s] -- Installing: /home/samuel/Learning_ROS/ros_ws1/install/my_robot_interfaces/local/lib/python3.10/dist-packages/my_robot_interfaces-0.0.0-py3.10.egg-info/SOURCES.txt
[0.478s] -- Installing: /home/samuel/Learning_ROS/ros_ws1/install/my_robot_interfaces/local/lib/python3.10/dist-packages/my_robot_interfaces-0.0.0-py3.10.egg-info/top_level.txt
[0.478s] -- Installing: /home/samuel/Learning_ROS/ros_ws1/install/my_robot_interfaces/local/lib/python3.10/dist-packages/my_robot_interfaces-0.0.0-py3.10.egg-info/PKG-INFO
[0.478s] -- Up-to-date: /home/samuel/Learning_ROS/ros_ws1/install/my_robot_interfaces/local/lib/python3.10/dist-packages/my_robot_interfaces
[0.478s] -- Up-to-date: /home/samuel/Learning_ROS/ros_ws1/install/my_robot_interfaces/local/lib/python3.10/dist-packages/my_robot_interfaces/my_robot_interfaces_s__rosidl_typesupport_c.cpython-310-x86_64-linux-gnu.so
[0.478s] -- Up-to-date: /home/samuel/Learning_ROS/ros_ws1/install/my_robot_interfaces/local/lib/python3.10/dist-packages/my_robot_interfaces/my_robot_interfaces_s__rosidl_typesupport_fastrtps_c.cpython-310-x86_64-linux-gnu.so
[0.479s] -- Up-to-date: /home/samuel/Learning_ROS/ros_ws1/install/my_robot_interfaces/local/lib/python3.10/dist-packages/my_robot_interfaces/libmy_robot_interfaces__rosidl_generator_py.so
[0.479s] -- Up-to-date: /home/samuel/Learning_ROS/ros_ws1/install/my_robot_interfaces/local/lib/python3.10/dist-packages/my_robot_interfaces/__init__.py
[0.479s] -- Up-to-date: /home/samuel/Learning_ROS/ros_ws1/install/my_robot_interfaces/local/lib/python3.10/dist-packages/my_robot_interfaces/_my_robot_interfaces_s.ep.rosidl_typesupport_introspection_c.c
[0.479s] -- Up-to-date: /home/samuel/Learning_ROS/ros_ws1/install/my_robot_interfaces/local/lib/python3.10/dist-packages/my_robot_interfaces/_my_robot_interfaces_s.ep.rosidl_typesupport_c.c
[0.479s] -- Up-to-date: /home/samuel/Learning_ROS/ros_ws1/install/my_robot_interfaces/local/lib/python3.10/dist-packages/my_robot_interfaces/msg
[0.479s] -- Up-to-date: /home/samuel/Learning_ROS/ros_ws1/install/my_robot_interfaces/local/lib/python3.10/dist-packages/my_robot_interfaces/msg/_led_state_array_s.c
[0.479s] -- Up-to-date: /home/samuel/Learning_ROS/ros_ws1/install/my_robot_interfaces/local/lib/python3.10/dist-packages/my_robot_interfaces/msg/_hardware_status.py
[0.479s] -- Up-to-date: /home/samuel/Learning_ROS/ros_ws1/install/my_robot_interfaces/local/lib/python3.10/dist-packages/my_robot_interfaces/msg/_hardware_status_s.c
[0.479s] -- Up-to-date: /home/samuel/Learning_ROS/ros_ws1/install/my_robot_interfaces/local/lib/python3.10/dist-packages/my_robot_interfaces/msg/__init__.py
[0.479s] -- Up-to-date: /home/samuel/Learning_ROS/ros_ws1/install/my_robot_interfaces/local/lib/python3.10/dist-packages/my_robot_interfaces/msg/_led_state_array.py
[0.479s] -- Up-to-date: /home/samuel/Learning_ROS/ros_ws1/install/my_robot_interfaces/local/lib/python3.10/dist-packages/my_robot_interfaces/_my_robot_interfaces_s.ep.rosidl_typesupport_fastrtps_c.c
[0.479s] -- Up-to-date: /home/samuel/Learning_ROS/ros_ws1/install/my_robot_interfaces/local/lib/python3.10/dist-packages/my_robot_interfaces/srv
[0.480s] -- Up-to-date: /home/samuel/Learning_ROS/ros_ws1/install/my_robot_interfaces/local/lib/python3.10/dist-packages/my_robot_interfaces/srv/_set_led_panel_s.c
[0.480s] -- Up-to-date: /home/samuel/Learning_ROS/ros_ws1/install/my_robot_interfaces/local/lib/python3.10/dist-packages/my_robot_interfaces/srv/_compute_rectangle_area_s.c
[0.480s] -- Up-to-date: /home/samuel/Learning_ROS/ros_ws1/install/my_robot_interfaces/local/lib/python3.10/dist-packages/my_robot_interfaces/srv/__init__.py
[0.480s] -- Up-to-date: /home/samuel/Learning_ROS/ros_ws1/install/my_robot_interfaces/local/lib/python3.10/dist-packages/my_robot_interfaces/srv/_set_led_panel.py
[0.480s] -- Up-to-date: /home/samuel/Learning_ROS/ros_ws1/install/my_robot_interfaces/local/lib/python3.10/dist-packages/my_robot_interfaces/srv/_compute_rectangle_area.py
[0.480s] -- Up-to-date: /home/samuel/Learning_ROS/ros_ws1/install/my_robot_interfaces/local/lib/python3.10/dist-packages/my_robot_interfaces/my_robot_interfaces_s__rosidl_typesupport_introspection_c.cpython-310-x86_64-linux-gnu.so
[0.499s] Listing '/home/samuel/Learning_ROS/ros_ws1/install/my_robot_interfaces/local/lib/python3.10/dist-packages/my_robot_interfaces'...
[0.499s] Listing '/home/samuel/Learning_ROS/ros_ws1/install/my_robot_interfaces/local/lib/python3.10/dist-packages/my_robot_interfaces/msg'...
[0.499s] Listing '/home/samuel/Learning_ROS/ros_ws1/install/my_robot_interfaces/local/lib/python3.10/dist-packages/my_robot_interfaces/srv'...
[0.502s] -- Up-to-date: /home/samuel/Learning_ROS/ros_ws1/install/my_robot_interfaces/local/lib/python3.10/dist-packages/my_robot_interfaces/my_robot_interfaces_s__rosidl_typesupport_fastrtps_c.cpython-310-x86_64-linux-gnu.so
[0.503s] -- Up-to-date: /home/samuel/Learning_ROS/ros_ws1/install/my_robot_interfaces/local/lib/python3.10/dist-packages/my_robot_interfaces/my_robot_interfaces_s__rosidl_typesupport_introspection_c.cpython-310-x86_64-linux-gnu.so
[0.503s] -- Up-to-date: /home/samuel/Learning_ROS/ros_ws1/install/my_robot_interfaces/local/lib/python3.10/dist-packages/my_robot_interfaces/my_robot_interfaces_s__rosidl_typesupport_c.cpython-310-x86_64-linux-gnu.so
[0.503s] -- Up-to-date: /home/samuel/Learning_ROS/ros_ws1/install/my_robot_interfaces/lib/libmy_robot_interfaces__rosidl_generator_py.so
[0.503s] -- Up-to-date: /home/samuel/Learning_ROS/ros_ws1/install/my_robot_interfaces/share/my_robot_interfaces/msg/HardwareStatus.idl
[0.503s] -- Up-to-date: /home/samuel/Learning_ROS/ros_ws1/install/my_robot_interfaces/share/my_robot_interfaces/msg/LedStateArray.idl
[0.503s] -- Up-to-date: /home/samuel/Learning_ROS/ros_ws1/install/my_robot_interfaces/share/my_robot_interfaces/srv/ComputeRectangleArea.idl
[0.504s] -- Up-to-date: /home/samuel/Learning_ROS/ros_ws1/install/my_robot_interfaces/share/my_robot_interfaces/srv/SetLedPanel.idl
[0.504s] -- Up-to-date: /home/samuel/Learning_ROS/ros_ws1/install/my_robot_interfaces/share/my_robot_interfaces/msg/HardwareStatus.msg
[0.504s] -- Up-to-date: /home/samuel/Learning_ROS/ros_ws1/install/my_robot_interfaces/share/my_robot_interfaces/msg/LedStateArray.msg
[0.504s] -- Up-to-date: /home/samuel/Learning_ROS/ros_ws1/install/my_robot_interfaces/share/my_robot_interfaces/srv/ComputeRectangleArea.srv
[0.504s] -- Up-to-date: /home/samuel/Learning_ROS/ros_ws1/install/my_robot_interfaces/share/my_robot_interfaces/srv/ComputeRectangleArea_Request.msg
[0.504s] -- Up-to-date: /home/samuel/Learning_ROS/ros_ws1/install/my_robot_interfaces/share/my_robot_interfaces/srv/ComputeRectangleArea_Response.msg
[0.504s] -- Up-to-date: /home/samuel/Learning_ROS/ros_ws1/install/my_robot_interfaces/share/my_robot_interfaces/srv/SetLedPanel.srv
[0.504s] -- Up-to-date: /home/samuel/Learning_ROS/ros_ws1/install/my_robot_interfaces/share/my_robot_interfaces/srv/SetLedPanel_Request.msg
[0.504s] -- Up-to-date: /home/samuel/Learning_ROS/ros_ws1/install/my_robot_interfaces/share/my_robot_interfaces/srv/SetLedPanel_Response.msg
[0.505s] -- Up-to-date: /home/samuel/Learning_ROS/ros_ws1/install/my_robot_interfaces/share/ament_index/resource_index/package_run_dependencies/my_robot_interfaces
[0.505s] -- Up-to-date: /home/samuel/Learning_ROS/ros_ws1/install/my_robot_interfaces/share/ament_index/resource_index/parent_prefix_path/my_robot_interfaces
[0.505s] -- Up-to-date: /home/samuel/Learning_ROS/ros_ws1/install/my_robot_interfaces/share/my_robot_interfaces/environment/ament_prefix_path.sh
[0.505s] -- Up-to-date: /home/samuel/Learning_ROS/ros_ws1/install/my_robot_interfaces/share/my_robot_interfaces/environment/ament_prefix_path.dsv
[0.505s] -- Up-to-date: /home/samuel/Learning_ROS/ros_ws1/install/my_robot_interfaces/share/my_robot_interfaces/environment/path.sh
[0.505s] -- Up-to-date: /home/samuel/Learning_ROS/ros_ws1/install/my_robot_interfaces/share/my_robot_interfaces/environment/path.dsv
[0.505s] -- Up-to-date: /home/samuel/Learning_ROS/ros_ws1/install/my_robot_interfaces/share/my_robot_interfaces/local_setup.bash
[0.505s] -- Up-to-date: /home/samuel/Learning_ROS/ros_ws1/install/my_robot_interfaces/share/my_robot_interfaces/local_setup.sh
[0.505s] -- Up-to-date: /home/samuel/Learning_ROS/ros_ws1/install/my_robot_interfaces/share/my_robot_interfaces/local_setup.zsh
[0.505s] -- Up-to-date: /home/samuel/Learning_ROS/ros_ws1/install/my_robot_interfaces/share/my_robot_interfaces/local_setup.dsv
[0.506s] -- Installing: /home/samuel/Learning_ROS/ros_ws1/install/my_robot_interfaces/share/my_robot_interfaces/package.dsv
[0.506s] -- Up-to-date: /home/samuel/Learning_ROS/ros_ws1/install/my_robot_interfaces/share/ament_index/resource_index/packages/my_robot_interfaces
[0.506s] -- Up-to-date: /home/samuel/Learning_ROS/ros_ws1/install/my_robot_interfaces/share/my_robot_interfaces/cmake/export_my_robot_interfaces__rosidl_generator_cExport.cmake
[0.506s] -- Up-to-date: /home/samuel/Learning_ROS/ros_ws1/install/my_robot_interfaces/share/my_robot_interfaces/cmake/export_my_robot_interfaces__rosidl_generator_cExport-noconfig.cmake
[0.506s] -- Up-to-date: /home/samuel/Learning_ROS/ros_ws1/install/my_robot_interfaces/share/my_robot_interfaces/cmake/export_my_robot_interfaces__rosidl_typesupport_fastrtps_cExport.cmake
[0.506s] -- Up-to-date: /home/samuel/Learning_ROS/ros_ws1/install/my_robot_interfaces/share/my_robot_interfaces/cmake/export_my_robot_interfaces__rosidl_typesupport_fastrtps_cExport-noconfig.cmake
[0.506s] -- Up-to-date: /home/samuel/Learning_ROS/ros_ws1/install/my_robot_interfaces/share/my_robot_interfaces/cmake/my_robot_interfaces__rosidl_typesupport_introspection_cExport.cmake
[0.506s] -- Up-to-date: /home/samuel/Learning_ROS/ros_ws1/install/my_robot_interfaces/share/my_robot_interfaces/cmake/my_robot_interfaces__rosidl_typesupport_introspection_cExport-noconfig.cmake
[0.506s] -- Up-to-date: /home/samuel/Learning_ROS/ros_ws1/install/my_robot_interfaces/share/my_robot_interfaces/cmake/my_robot_interfaces__rosidl_typesupport_cExport.cmake
[0.506s] -- Up-to-date: /home/samuel/Learning_ROS/ros_ws1/install/my_robot_interfaces/share/my_robot_interfaces/cmake/my_robot_interfaces__rosidl_typesupport_cExport-noconfig.cmake
[0.506s] -- Up-to-date: /home/samuel/Learning_ROS/ros_ws1/install/my_robot_interfaces/share/my_robot_interfaces/cmake/export_my_robot_interfaces__rosidl_generator_cppExport.cmake
[0.507s] -- Up-to-date: /home/samuel/Learning_ROS/ros_ws1/install/my_robot_interfaces/share/my_robot_interfaces/cmake/export_my_robot_interfaces__rosidl_typesupport_fastrtps_cppExport.cmake
[0.507s] -- Up-to-date: /home/samuel/Learning_ROS/ros_ws1/install/my_robot_interfaces/share/my_robot_interfaces/cmake/export_my_robot_interfaces__rosidl_typesupport_fastrtps_cppExport-noconfig.cmake
[0.507s] -- Up-to-date: /home/samuel/Learning_ROS/ros_ws1/install/my_robot_interfaces/share/my_robot_interfaces/cmake/my_robot_interfaces__rosidl_typesupport_introspection_cppExport.cmake
[0.507s] -- Up-to-date: /home/samuel/Learning_ROS/ros_ws1/install/my_robot_interfaces/share/my_robot_interfaces/cmake/my_robot_interfaces__rosidl_typesupport_introspection_cppExport-noconfig.cmake
[0.507s] -- Up-to-date: /home/samuel/Learning_ROS/ros_ws1/install/my_robot_interfaces/share/my_robot_interfaces/cmake/my_robot_interfaces__rosidl_typesupport_cppExport.cmake
[0.507s] -- Up-to-date: /home/samuel/Learning_ROS/ros_ws1/install/my_robot_interfaces/share/my_robot_interfaces/cmake/my_robot_interfaces__rosidl_typesupport_cppExport-noconfig.cmake
[0.507s] -- Up-to-date: /home/samuel/Learning_ROS/ros_ws1/install/my_robot_interfaces/share/my_robot_interfaces/cmake/export_my_robot_interfaces__rosidl_generator_pyExport.cmake
[0.507s] -- Up-to-date: /home/samuel/Learning_ROS/ros_ws1/install/my_robot_interfaces/share/my_robot_interfaces/cmake/export_my_robot_interfaces__rosidl_generator_pyExport-noconfig.cmake
[0.507s] -- Up-to-date: /home/samuel/Learning_ROS/ros_ws1/install/my_robot_interfaces/share/my_robot_interfaces/cmake/rosidl_cmake-extras.cmake
[0.507s] -- Up-to-date: /home/samuel/Learning_ROS/ros_ws1/install/my_robot_interfaces/share/my_robot_interfaces/cmake/ament_cmake_export_include_directories-extras.cmake
[0.507s] -- Up-to-date: /home/samuel/Learning_ROS/ros_ws1/install/my_robot_interfaces/share/my_robot_interfaces/cmake/ament_cmake_export_libraries-extras.cmake
[0.507s] -- Up-to-date: /home/samuel/Learning_ROS/ros_ws1/install/my_robot_interfaces/share/my_robot_interfaces/cmake/ament_cmake_export_targets-extras.cmake
[0.508s] -- Up-to-date: /home/samuel/Learning_ROS/ros_ws1/install/my_robot_interfaces/share/my_robot_interfaces/cmake/rosidl_cmake_export_typesupport_targets-extras.cmake
[0.508s] -- Up-to-date: /home/samuel/Learning_ROS/ros_ws1/install/my_robot_interfaces/share/my_robot_interfaces/cmake/ament_cmake_export_dependencies-extras.cmake
[0.508s] -- Up-to-date: /home/samuel/Learning_ROS/ros_ws1/install/my_robot_interfaces/share/my_robot_interfaces/cmake/rosidl_cmake_export_typesupport_libraries-extras.cmake
[0.508s] -- Up-to-date: /home/samuel/Learning_ROS/ros_ws1/install/my_robot_interfaces/share/my_robot_interfaces/cmake/my_robot_interfacesConfig.cmake
[0.509s] -- Up-to-date: /home/samuel/Learning_ROS/ros_ws1/install/my_robot_interfaces/share/my_robot_interfaces/cmake/my_robot_interfacesConfig-version.cmake
[0.509s] -- Up-to-date: /home/samuel/Learning_ROS/ros_ws1/install/my_robot_interfaces/share/my_robot_interfaces/package.xml
[0.509s] Invoked command in '/home/samuel/Learning_ROS/ros_ws1/build/my_robot_interfaces' returned '0': CMAKE_PREFIX_PATH=${CMAKE_PREFIX_PATH}:/home/samuel/Learning_ROS/ros_ws1/install/my_py_pkg:/opt/ros/humble /usr/bin/cmake --install /home/samuel/Learning_ROS/ros_ws1/build/my_robot_interfaces
