[0.130s] Invoking command in '/root/ros2_ws/build/my_cpp_pkg': CMAKE_PREFIX_PATH=${CMAKE_PREFIX_PATH}:/root/ros2_ws/install/my_py_pkg:/opt/ros/humble /usr/bin/cmake /root/ros2_ws/src/my_cpp_pkg -DCMAKE_INSTALL_PREFIX=/root/ros2_ws/install/my_cpp_pkg
[1.265s] -- The C compiler identification is GNU 11.4.0
[1.826s] -- The CXX compiler identification is GNU 11.4.0
[1.914s] -- Detecting C compiler ABI info
[3.194s] -- Detecting C compiler ABI info - done
[3.280s] -- Check for working C compiler: /usr/bin/cc - skipped
[3.290s] -- Detecting C compile features
[3.292s] -- Detecting C compile features - done
[3.326s] -- Detecting CXX compiler ABI info
[4.716s] -- Detecting CXX compiler ABI info - done
[4.839s] -- Check for working CXX compiler: /usr/bin/c++ - skipped
[4.845s] -- Detecting CXX compile features
[4.850s] -- Detecting CXX compile features - done
[4.955s] -- Found ament_cmake: 1.3.10 (/opt/ros/humble/share/ament_cmake/cmake)
[5.746s] -- Found Python3: /usr/bin/python3 (found version "3.10.12") found components: Interpreter 
[6.441s] -- Found rclcpp: 16.0.10 (/opt/ros/humble/share/rclcpp/cmake)
[6.704s] -- Found rosidl_generator_c: 3.1.5 (/opt/ros/humble/share/rosidl_generator_c/cmake)
[6.730s] -- Found rosidl_adapter: 3.1.5 (/opt/ros/humble/share/rosidl_adapter/cmake)
[6.771s] -- Found rosidl_generator_cpp: 3.1.5 (/opt/ros/humble/share/rosidl_generator_cpp/cmake)
[6.985s] -- Using all available rosidl_typesupport_c: rosidl_typesupport_fastrtps_c;rosidl_typesupport_introspection_c
[7.056s] -- Using all available rosidl_typesupport_cpp: rosidl_typesupport_fastrtps_cpp;rosidl_typesupport_introspection_cpp
[7.360s] -- Found rmw_implementation_cmake: 6.1.2 (/opt/ros/humble/share/rmw_implementation_cmake/cmake)
[7.384s] -- Found rmw_fastrtps_cpp: 6.2.7 (/opt/ros/humble/share/rmw_fastrtps_cpp/cmake)
[8.608s] -- Found OpenSSL: /usr/lib/x86_64-linux-gnu/libcrypto.so (found version "3.0.2")  
[8.769s] -- Found FastRTPS: /opt/ros/humble/include  
[9.001s] -- Using RMW implementation 'rmw_fastrtps_cpp' as default
[9.104s] -- Looking for pthread.h
[10.753s] -- Looking for pthread.h - found
[10.762s] -- Performing Test CMAKE_HAVE_LIBC_PTHREAD
[11.963s] -- Performing Test CMAKE_HAVE_LIBC_PTHREAD - Success
[11.972s] -- Found Threads: TRUE  
[12.336s] -- Found example_interfaces: 0.9.3 (/opt/ros/humble/share/example_interfaces/cmake)
[13.368s] -- Configuring done
[13.411s] [33mCMake Warning (dev) at CMakeLists.txt:29 (add_executable):
[13.413s]   Policy CMP0115 is not set: Source file extensions must be explicit.  Run
[13.415s]   "cmake --help-policy CMP0115" for policy details.  Use the cmake_policy
[13.417s]   command to set the policy and suppress this warning.
[13.422s] 
[13.427s]   File:
[13.434s] 
[13.438s]     /root/ros2_ws/src/my_cpp_pkg/src/add_two_ints_client.cpp
[13.440s] This warning is for project developers.  Use -Wno-dev to suppress it.
[13.443s] [0m
[13.451s] [33mCMake Warning (dev) at CMakeLists.txt:32 (add_executable):
[13.459s]   Policy CMP0115 is not set: Source file extensions must be explicit.  Run
[13.464s]   "cmake --help-policy CMP0115" for policy details.  Use the cmake_policy
[13.466s]   command to set the policy and suppress this warning.
[13.511s] 
[13.537s]   File:
[13.558s] 
[13.560s]     /root/ros2_ws/src/my_cpp_pkg/src/add_two_ints_client_no_oop.cpp
[13.562s] This warning is for project developers.  Use -Wno-dev to suppress it.
[13.563s] [0m
[14.382s] -- Generating done
[14.519s] -- Build files have been written to: /root/ros2_ws/build/my_cpp_pkg
[14.559s] Invoked command in '/root/ros2_ws/build/my_cpp_pkg' returned '0': CMAKE_PREFIX_PATH=${CMAKE_PREFIX_PATH}:/root/ros2_ws/install/my_py_pkg:/opt/ros/humble /usr/bin/cmake /root/ros2_ws/src/my_cpp_pkg -DCMAKE_INSTALL_PREFIX=/root/ros2_ws/install/my_cpp_pkg
[14.578s] Invoking command in '/root/ros2_ws/build/my_cpp_pkg': CMAKE_PREFIX_PATH=${CMAKE_PREFIX_PATH}:/root/ros2_ws/install/my_py_pkg:/opt/ros/humble /usr/bin/cmake --build /root/ros2_ws/build/my_cpp_pkg -- -j4 -l4
[21.594s] [  8%] [32mBuilding CXX object CMakeFiles/cpp_node.dir/src/my_first_node.cpp.o[0m
[22.047s] [ 16%] [32mBuilding CXX object CMakeFiles/robot_news_station.dir/src/robot_news_station.cpp.o[0m
[22.506s] [ 25%] [32mBuilding CXX object CMakeFiles/smartphone.dir/src/smartphone.cpp.o[0m
[22.749s] [ 33%] [32mBuilding CXX object CMakeFiles/add_two_ints_server.dir/src/add_two_ints_server.cpp.o[0m
[64.538s] [ 41%] [32m[1mLinking CXX executable cpp_node[0m
[69.176s] [ 41%] Built target cpp_node
[70.268s] [ 50%] [32m[1mLinking CXX executable add_two_ints_server[0m
[73.405s] [ 50%] Built target add_two_ints_server
[76.148s] [ 58%] [32m[1mLinking CXX executable robot_news_station[0m
[80.099s] [ 58%] Built target robot_news_station
[139.479s] [ 66%] [32m[1mLinking CXX executable smartphone[0m
[153.377s] [ 66%] Built target smartphone
[155.873s] [ 75%] [32mBuilding CXX object CMakeFiles/add_two_ints_client_no_oop.dir/src/add_two_ints_client_no_oop.cpp.o[0m
[155.882s] [ 83%] [32mBuilding CXX object CMakeFiles/add_two_ints_client.dir/src/add_two_ints_client.cpp.o[0m
[221.898s] [ 91%] [32m[1mLinking CXX executable add_two_ints_client_no_oop[0m
[222.760s] [100%] [32m[1mLinking CXX executable add_two_ints_client[0m
[230.172s] [100%] Built target add_two_ints_client_no_oop
[230.272s] [100%] Built target add_two_ints_client
[230.709s] Invoked command in '/root/ros2_ws/build/my_cpp_pkg' returned '0': CMAKE_PREFIX_PATH=${CMAKE_PREFIX_PATH}:/root/ros2_ws/install/my_py_pkg:/opt/ros/humble /usr/bin/cmake --build /root/ros2_ws/build/my_cpp_pkg -- -j4 -l4
[232.307s] Invoking command in '/root/ros2_ws/build/my_cpp_pkg': CMAKE_PREFIX_PATH=${CMAKE_PREFIX_PATH}:/root/ros2_ws/install/my_py_pkg:/opt/ros/humble /usr/bin/cmake --install /root/ros2_ws/build/my_cpp_pkg
[232.848s] -- Install configuration: ""
[232.858s] -- Installing: /root/ros2_ws/install/my_cpp_pkg/lib/my_cpp_pkg/cpp_node
[232.975s] -- Set runtime path of "/root/ros2_ws/install/my_cpp_pkg/lib/my_cpp_pkg/cpp_node" to ""
[232.980s] -- Installing: /root/ros2_ws/install/my_cpp_pkg/lib/my_cpp_pkg/robot_news_station
[233.205s] -- Set runtime path of "/root/ros2_ws/install/my_cpp_pkg/lib/my_cpp_pkg/robot_news_station" to ""
[233.208s] -- Installing: /root/ros2_ws/install/my_cpp_pkg/lib/my_cpp_pkg/smartphone
[233.928s] -- Set runtime path of "/root/ros2_ws/install/my_cpp_pkg/lib/my_cpp_pkg/smartphone" to ""
[233.942s] -- Installing: /root/ros2_ws/install/my_cpp_pkg/lib/my_cpp_pkg/add_two_ints_server
[234.041s] -- Set runtime path of "/root/ros2_ws/install/my_cpp_pkg/lib/my_cpp_pkg/add_two_ints_server" to ""
[234.046s] -- Installing: /root/ros2_ws/install/my_cpp_pkg/lib/my_cpp_pkg/add_two_ints_client
[234.153s] -- Set runtime path of "/root/ros2_ws/install/my_cpp_pkg/lib/my_cpp_pkg/add_two_ints_client" to ""
[234.158s] -- Installing: /root/ros2_ws/install/my_cpp_pkg/lib/my_cpp_pkg/add_two_ints_client_no_oop
[234.264s] -- Set runtime path of "/root/ros2_ws/install/my_cpp_pkg/lib/my_cpp_pkg/add_two_ints_client_no_oop" to ""
[234.294s] -- Installing: /root/ros2_ws/install/my_cpp_pkg/share/ament_index/resource_index/package_run_dependencies/my_cpp_pkg
[234.392s] -- Installing: /root/ros2_ws/install/my_cpp_pkg/share/ament_index/resource_index/parent_prefix_path/my_cpp_pkg
[234.450s] -- Installing: /root/ros2_ws/install/my_cpp_pkg/share/my_cpp_pkg/environment/ament_prefix_path.sh
[234.474s] -- Installing: /root/ros2_ws/install/my_cpp_pkg/share/my_cpp_pkg/environment/ament_prefix_path.dsv
[234.537s] -- Installing: /root/ros2_ws/install/my_cpp_pkg/share/my_cpp_pkg/environment/path.sh
[234.560s] -- Installing: /root/ros2_ws/install/my_cpp_pkg/share/my_cpp_pkg/environment/path.dsv
[234.595s] -- Installing: /root/ros2_ws/install/my_cpp_pkg/share/my_cpp_pkg/local_setup.bash
[234.617s] -- Installing: /root/ros2_ws/install/my_cpp_pkg/share/my_cpp_pkg/local_setup.sh
[234.642s] -- Installing: /root/ros2_ws/install/my_cpp_pkg/share/my_cpp_pkg/local_setup.zsh
[234.661s] -- Installing: /root/ros2_ws/install/my_cpp_pkg/share/my_cpp_pkg/local_setup.dsv
[234.686s] -- Installing: /root/ros2_ws/install/my_cpp_pkg/share/my_cpp_pkg/package.dsv
[234.707s] -- Installing: /root/ros2_ws/install/my_cpp_pkg/share/ament_index/resource_index/packages/my_cpp_pkg
[234.738s] -- Installing: /root/ros2_ws/install/my_cpp_pkg/share/my_cpp_pkg/cmake/my_cpp_pkgConfig.cmake
[234.771s] -- Installing: /root/ros2_ws/install/my_cpp_pkg/share/my_cpp_pkg/cmake/my_cpp_pkgConfig-version.cmake
[234.811s] -- Installing: /root/ros2_ws/install/my_cpp_pkg/share/my_cpp_pkg/package.xml
[235.968s] Invoked command in '/root/ros2_ws/build/my_cpp_pkg' returned '0': CMAKE_PREFIX_PATH=${CMAKE_PREFIX_PATH}:/root/ros2_ws/install/my_py_pkg:/opt/ros/humble /usr/bin/cmake --install /root/ros2_ws/build/my_cpp_pkg
