-- Found ament_cmake: 1.3.10 (/opt/ros/humble/share/ament_cmake/cmake)
-- Found rclcpp: 16.0.10 (/opt/ros/humble/share/rclcpp/cmake)
-- Found rosidl_generator_c: 3.1.5 (/opt/ros/humble/share/rosidl_generator_c/cmake)
-- Found rosidl_adapter: 3.1.5 (/opt/ros/humble/share/rosidl_adapter/cmake)
-- Found rosidl_generator_cpp: 3.1.5 (/opt/ros/humble/share/rosidl_generator_cpp/cmake)
-- Using all available rosidl_typesupport_c: rosidl_typesupport_fastrtps_c;rosidl_typesupport_introspection_c
-- Using all available rosidl_typesupport_cpp: rosidl_typesupport_fastrtps_cpp;rosidl_typesupport_introspection_cpp
-- Found rmw_implementation_cmake: 6.1.2 (/opt/ros/humble/share/rmw_implementation_cmake/cmake)
-- Found rmw_fastrtps_cpp: 6.2.7 (/opt/ros/humble/share/rmw_fastrtps_cpp/cmake)
-- Using RMW implementation 'rmw_fastrtps_cpp' as default
-- Found example_interfaces: 0.9.3 (/opt/ros/humble/share/example_interfaces/cmake)
-- Found my_robot_interfaces: 0.0.0 (/root/ros2_ws/install/my_robot_interfaces/share/my_robot_interfaces/cmake)
-- Configuring done
[33mCMake Warning (dev) at CMakeLists.txt:30 (add_executable):
  Policy CMP0115 is not set: Source file extensions must be explicit.  Run
  "cmake --help-policy CMP0115" for policy details.  Use the cmake_policy
  command to set the policy and suppress this warning.

  File:

    /root/ros2_ws/src/my_cpp_pkg/src/add_two_ints_client.cpp
This warning is for project developers.  Use -Wno-dev to suppress it.
[0m
[33mCMake Warning (dev) at CMakeLists.txt:33 (add_executable):
  Policy CMP0115 is not set: Source file extensions must be explicit.  Run
  "cmake --help-policy CMP0115" for policy details.  Use the cmake_policy
  command to set the policy and suppress this warning.

  File:

    /root/ros2_ws/src/my_cpp_pkg/src/add_two_ints_client_no_oop.cpp
This warning is for project developers.  Use -Wno-dev to suppress it.
[0m
[33mCMake Warning (dev) at CMakeLists.txt:36 (add_executable):
  Policy CMP0115 is not set: Source file extensions must be explicit.  Run
  "cmake --help-policy CMP0115" for policy details.  Use the cmake_policy
  command to set the policy and suppress this warning.

  File:

    /root/ros2_ws/src/my_cpp_pkg/src/hw_status_publisher.cpp
This warning is for project developers.  Use -Wno-dev to suppress it.
[0m
-- Generating done
-- Build files have been written to: /root/ros2_ws/build/my_cpp_pkg
[35m[1mConsolidate compiler generated dependencies of target cpp_node[0m
[35m[1mConsolidate compiler generated dependencies of target add_two_ints_server[0m
[35m[1mConsolidate compiler generated dependencies of target robot_news_station[0m
[35m[1mConsolidate compiler generated dependencies of target smartphone[0m
[ 21%] Built target add_two_ints_server
[ 28%] Built target robot_news_station
[ 50%] Built target smartphone
[ 57%] Built target cpp_node
[35m[1mConsolidate compiler generated dependencies of target add_two_ints_client[0m
[35m[1mConsolidate compiler generated dependencies of target add_two_ints_client_no_oop[0m
[ 64%] [32mBuilding CXX object CMakeFiles/hardware_status_publisher.dir/src/hw_status_publisher.cpp.o[0m
[ 78%] Built target add_two_ints_client_no_oop
[ 92%] Built target add_two_ints_client
[01m[K/root/ros2_ws/src/my_cpp_pkg/src/hw_status_publisher.cpp:[m[K In constructor ‘[01m[KHardwareStatusPublisher::HardwareStatusPublisher()[m[K’:
[01m[K/root/ros2_ws/src/my_cpp_pkg/src/hw_status_publisher.cpp:9:13:[m[K [01;31m[Kerror: [m[K‘[01m[Kpub_[m[K’ was not declared in this scope
    9 |             [01;31m[Kpub_[m[K=this->create_publisher<my_robot_interfaces::msg::HardwareStatus>(
      |             [01;31m[K^~~~[m[K
[01m[K/root/ros2_ws/src/my_cpp_pkg/src/hw_status_publisher.cpp:11:13:[m[K [01;31m[Kerror: [m[K‘[01m[Ktimer_[m[K’ was not declared in this scope; did you mean ‘[01m[Ktimer_t[m[K’?
   11 |             [01;31m[Ktimer_[m[K = this->create_wall_timer(std::chrono::seconds(1),
      |             [01;31m[K^~~~~~[m[K
      |             [32m[Ktimer_t[m[K
[01m[K/root/ros2_ws/src/my_cpp_pkg/src/hw_status_publisher.cpp:[m[K In member function ‘[01m[Kvoid HardwareStatusPublisher::publishHardwareStatus()[m[K’:
[01m[K/root/ros2_ws/src/my_cpp_pkg/src/hw_status_publisher.cpp:23:13:[m[K [01;31m[Kerror: [m[K‘[01m[Kpub_[m[K’ was not declared in this scope
   23 |             [01;31m[Kpub_[m[K->publish(msg);
      |             [01;31m[K^~~~[m[K
gmake[2]: *** [CMakeFiles/hardware_status_publisher.dir/build.make:76: CMakeFiles/hardware_status_publisher.dir/src/hw_status_publisher.cpp.o] Error 1
gmake[1]: *** [CMakeFiles/Makefile2:305: CMakeFiles/hardware_status_publisher.dir/all] Error 2
gmake: *** [Makefile:146: all] Error 2
