[0.093s] Invoking command in '/root/ros2_ws/build/my_robot_interfaces': CMAKE_PREFIX_PATH=${CMAKE_PREFIX_PATH}:/root/ros2_ws/install/my_py_pkg:/opt/ros/humble /usr/bin/cmake /root/ros2_ws/src/my_robot_interfaces -DCMAKE_INSTALL_PREFIX=/root/ros2_ws/install/my_robot_interfaces
[0.216s] -- Found ament_cmake: 1.3.10 (/opt/ros/humble/share/ament_cmake/cmake)
[0.611s] -- Override CMake install command with custom implementation using symlinks instead of copying resources
[0.667s] -- Found rosidl_default_generators: 1.2.0 (/opt/ros/humble/share/rosidl_default_generators/cmake)
[0.679s] -- Using all available rosidl_typesupport_c: rosidl_typesupport_fastrtps_c;rosidl_typesupport_introspection_c
[0.684s] -- Found rosidl_adapter: 3.1.5 (/opt/ros/humble/share/rosidl_adapter/cmake)
[0.769s] -- Using all available rosidl_typesupport_cpp: rosidl_typesupport_fastrtps_cpp;rosidl_typesupport_introspection_cpp
[1.610s] -- Found ament_cmake_ros: 0.10.0 (/opt/ros/humble/share/ament_cmake_ros/cmake)
[2.278s] -- Using all available rosidl_typesupport_c: rosidl_typesupport_fastrtps_c;rosidl_typesupport_introspection_c
[3.127s] -- Using all available rosidl_typesupport_cpp: rosidl_typesupport_fastrtps_cpp;rosidl_typesupport_introspection_cpp
[3.190s] -- Found python_cmake_module: 0.10.0 (/opt/ros/humble/share/python_cmake_module/cmake)
[3.301s] -- Using PYTHON_EXECUTABLE: /usr/bin/python3
[3.304s] -- Using PYTHON_INCLUDE_DIRS: /usr/include/python3.10
[3.310s] -- Using PYTHON_LIBRARIES: /usr/lib/x86_64-linux-gnu/libpython3.10.so
[3.710s] -- Configuring done
[4.861s] -- Generating done
[5.044s] -- Build files have been written to: /root/ros2_ws/build/my_robot_interfaces
[5.057s] Invoked command in '/root/ros2_ws/build/my_robot_interfaces' returned '0': CMAKE_PREFIX_PATH=${CMAKE_PREFIX_PATH}:/root/ros2_ws/install/my_py_pkg:/opt/ros/humble /usr/bin/cmake /root/ros2_ws/src/my_robot_interfaces -DCMAKE_INSTALL_PREFIX=/root/ros2_ws/install/my_robot_interfaces
[5.066s] Invoking command in '/root/ros2_ws/build/my_robot_interfaces': CMAKE_PREFIX_PATH=${CMAKE_PREFIX_PATH}:/root/ros2_ws/install/my_py_pkg:/opt/ros/humble /usr/bin/cmake --build /root/ros2_ws/build/my_robot_interfaces -- -j4 -l4
[5.382s] [35m[1mConsolidate compiler generated dependencies of target my_robot_interfaces__rosidl_generator_c[0m
[5.478s] failed to create symbolic link '/root/ros2_ws/build/my_robot_interfaces/ament_cmake_python/my_robot_interfaces/my_robot_interfaces' because existing path cannot be removed: Is a directory
[5.481s] gmake[2]: *** [CMakeFiles/ament_cmake_python_symlink_my_robot_interfaces.dir/build.make:70: CMakeFiles/ament_cmake_python_symlink_my_robot_interfaces] Error 1
[5.483s] gmake[1]: *** [CMakeFiles/Makefile2:421: CMakeFiles/ament_cmake_python_symlink_my_robot_interfaces.dir/all] Error 2
[5.485s] gmake[1]: *** Waiting for unfinished jobs....
[5.487s] [  2%] Built target my_robot_interfaces__cpp
[5.621s] [ 12%] Built target my_robot_interfaces__rosidl_generator_c
[5.624s] gmake: *** [Makefile:146: all] Error 2
[5.646s] Invoked command in '/root/ros2_ws/build/my_robot_interfaces' returned '2': CMAKE_PREFIX_PATH=${CMAKE_PREFIX_PATH}:/root/ros2_ws/install/my_py_pkg:/opt/ros/humble /usr/bin/cmake --build /root/ros2_ws/build/my_robot_interfaces -- -j4 -l4
