[0.011s] Invoking command in '/home/samuel/Learning_ROS/ros_ws1/build/my_robot_bringup': CMAKE_PREFIX_PATH=${CMAKE_PREFIX_PATH}:/home/samuel/Learning_ROS/ros_ws1/install/my_py_pkg:/opt/ros/humble PYTHONPATH=/home/samuel/Learning_ROS/ros_ws1/install/my_py_pkg/lib/python3.10/site-packages:/home/samuel/Learning_ROS/ros_ws1/build/my_py_pkg:/home/samuel/Learning_ROS/ros_ws1/install/my_robot_interfaces/local/lib/python3.10/dist-packages:/opt/ros/humble/lib/python3.10/site-packages:/opt/ros/humble/local/lib/python3.10/dist-packages /usr/bin/cmake /home/samuel/Learning_ROS/ros_ws1/src/my_robot_bringup -DCMAKE_INSTALL_PREFIX=/home/samuel/Learning_ROS/ros_ws1/install/my_robot_bringup
[0.066s] -- The C compiler identification is GNU 11.4.0
[0.118s] -- The CXX compiler identification is GNU 11.4.0
[0.129s] -- Detecting C compiler ABI info
[0.200s] -- Detecting C compiler ABI info - done
[0.206s] -- Check for working C compiler: /usr/bin/cc - skipped
[0.207s] -- Detecting C compile features
[0.207s] -- Detecting C compile features - done
[0.209s] -- Detecting CXX compiler ABI info
[0.280s] -- Detecting CXX compiler ABI info - done
[0.292s] -- Check for working CXX compiler: /usr/bin/c++ - skipped
[0.293s] -- Detecting CXX compile features
[0.294s] -- Detecting CXX compile features - done
[0.298s] -- Found ament_cmake: 1.3.10 (/opt/ros/humble/share/ament_cmake/cmake)
[0.440s] -- Found Python3: /usr/bin/python3 (found version "3.10.12") found components: Interpreter 
[0.578s] -- Configuring done
[0.581s] -- Generating done
[0.582s] -- Build files have been written to: /home/samuel/Learning_ROS/ros_ws1/build/my_robot_bringup
[0.587s] Invoked command in '/home/samuel/Learning_ROS/ros_ws1/build/my_robot_bringup' returned '0': CMAKE_PREFIX_PATH=${CMAKE_PREFIX_PATH}:/home/samuel/Learning_ROS/ros_ws1/install/my_py_pkg:/opt/ros/humble PYTHONPATH=/home/samuel/Learning_ROS/ros_ws1/install/my_py_pkg/lib/python3.10/site-packages:/home/samuel/Learning_ROS/ros_ws1/build/my_py_pkg:/home/samuel/Learning_ROS/ros_ws1/install/my_robot_interfaces/local/lib/python3.10/dist-packages:/opt/ros/humble/lib/python3.10/site-packages:/opt/ros/humble/local/lib/python3.10/dist-packages /usr/bin/cmake /home/samuel/Learning_ROS/ros_ws1/src/my_robot_bringup -DCMAKE_INSTALL_PREFIX=/home/samuel/Learning_ROS/ros_ws1/install/my_robot_bringup
[0.589s] Invoking command in '/home/samuel/Learning_ROS/ros_ws1/build/my_robot_bringup': CMAKE_PREFIX_PATH=${CMAKE_PREFIX_PATH}:/home/samuel/Learning_ROS/ros_ws1/install/my_py_pkg:/opt/ros/humble PYTHONPATH=/home/samuel/Learning_ROS/ros_ws1/install/my_py_pkg/lib/python3.10/site-packages:/home/samuel/Learning_ROS/ros_ws1/build/my_py_pkg:/home/samuel/Learning_ROS/ros_ws1/install/my_robot_interfaces/local/lib/python3.10/dist-packages:/opt/ros/humble/lib/python3.10/site-packages:/opt/ros/humble/local/lib/python3.10/dist-packages /usr/bin/cmake --build /home/samuel/Learning_ROS/ros_ws1/build/my_robot_bringup -- -j12 -l12
[0.622s] Invoked command in '/home/samuel/Learning_ROS/ros_ws1/build/my_robot_bringup' returned '0': CMAKE_PREFIX_PATH=${CMAKE_PREFIX_PATH}:/home/samuel/Learning_ROS/ros_ws1/install/my_py_pkg:/opt/ros/humble PYTHONPATH=/home/samuel/Learning_ROS/ros_ws1/install/my_py_pkg/lib/python3.10/site-packages:/home/samuel/Learning_ROS/ros_ws1/build/my_py_pkg:/home/samuel/Learning_ROS/ros_ws1/install/my_robot_interfaces/local/lib/python3.10/dist-packages:/opt/ros/humble/lib/python3.10/site-packages:/opt/ros/humble/local/lib/python3.10/dist-packages /usr/bin/cmake --build /home/samuel/Learning_ROS/ros_ws1/build/my_robot_bringup -- -j12 -l12
[0.645s] Invoking command in '/home/samuel/Learning_ROS/ros_ws1/build/my_robot_bringup': CMAKE_PREFIX_PATH=${CMAKE_PREFIX_PATH}:/home/samuel/Learning_ROS/ros_ws1/install/my_py_pkg:/opt/ros/humble PYTHONPATH=/home/samuel/Learning_ROS/ros_ws1/install/my_py_pkg/lib/python3.10/site-packages:/home/samuel/Learning_ROS/ros_ws1/build/my_py_pkg:/home/samuel/Learning_ROS/ros_ws1/install/my_robot_interfaces/local/lib/python3.10/dist-packages:/opt/ros/humble/lib/python3.10/site-packages:/opt/ros/humble/local/lib/python3.10/dist-packages /usr/bin/cmake --install /home/samuel/Learning_ROS/ros_ws1/build/my_robot_bringup
[0.651s] -- Install configuration: ""
[0.651s] -- Installing: /home/samuel/Learning_ROS/ros_ws1/install/my_robot_bringup/share/my_robot_bringup/launch
[0.651s] -- Installing: /home/samuel/Learning_ROS/ros_ws1/install/my_robot_bringup/share/my_robot_bringup/launch/number_app.launch.py
[0.652s] -- Installing: /home/samuel/Learning_ROS/ros_ws1/install/my_robot_bringup/share/ament_index/resource_index/package_run_dependencies/my_robot_bringup
[0.652s] -- Installing: /home/samuel/Learning_ROS/ros_ws1/install/my_robot_bringup/share/ament_index/resource_index/parent_prefix_path/my_robot_bringup
[0.652s] -- Installing: /home/samuel/Learning_ROS/ros_ws1/install/my_robot_bringup/share/my_robot_bringup/environment/ament_prefix_path.sh
[0.652s] -- Installing: /home/samuel/Learning_ROS/ros_ws1/install/my_robot_bringup/share/my_robot_bringup/environment/ament_prefix_path.dsv
[0.653s] -- Installing: /home/samuel/Learning_ROS/ros_ws1/install/my_robot_bringup/share/my_robot_bringup/environment/path.sh
[0.653s] -- Installing: /home/samuel/Learning_ROS/ros_ws1/install/my_robot_bringup/share/my_robot_bringup/environment/path.dsv
[0.653s] -- Installing: /home/samuel/Learning_ROS/ros_ws1/install/my_robot_bringup/share/my_robot_bringup/local_setup.bash
[0.653s] -- Installing: /home/samuel/Learning_ROS/ros_ws1/install/my_robot_bringup/share/my_robot_bringup/local_setup.sh
[0.653s] -- Installing: /home/samuel/Learning_ROS/ros_ws1/install/my_robot_bringup/share/my_robot_bringup/local_setup.zsh
[0.653s] -- Installing: /home/samuel/Learning_ROS/ros_ws1/install/my_robot_bringup/share/my_robot_bringup/local_setup.dsv
[0.653s] -- Installing: /home/samuel/Learning_ROS/ros_ws1/install/my_robot_bringup/share/my_robot_bringup/package.dsv
[0.654s] -- Installing: /home/samuel/Learning_ROS/ros_ws1/install/my_robot_bringup/share/ament_index/resource_index/packages/my_robot_bringup
[0.654s] -- Installing: /home/samuel/Learning_ROS/ros_ws1/install/my_robot_bringup/share/my_robot_bringup/cmake/my_robot_bringupConfig.cmake
[0.654s] -- Installing: /home/samuel/Learning_ROS/ros_ws1/install/my_robot_bringup/share/my_robot_bringup/cmake/my_robot_bringupConfig-version.cmake
[0.654s] -- Installing: /home/samuel/Learning_ROS/ros_ws1/install/my_robot_bringup/share/my_robot_bringup/package.xml
[0.656s] Invoked command in '/home/samuel/Learning_ROS/ros_ws1/build/my_robot_bringup' returned '0': CMAKE_PREFIX_PATH=${CMAKE_PREFIX_PATH}:/home/samuel/Learning_ROS/ros_ws1/install/my_py_pkg:/opt/ros/humble PYTHONPATH=/home/samuel/Learning_ROS/ros_ws1/install/my_py_pkg/lib/python3.10/site-packages:/home/samuel/Learning_ROS/ros_ws1/build/my_py_pkg:/home/samuel/Learning_ROS/ros_ws1/install/my_robot_interfaces/local/lib/python3.10/dist-packages:/opt/ros/humble/lib/python3.10/site-packages:/opt/ros/humble/local/lib/python3.10/dist-packages /usr/bin/cmake --install /home/samuel/Learning_ROS/ros_ws1/build/my_robot_bringup
