[0.011s] Invoking command in '/home/samuel/Learning_ROS/final_project_ros2_ws/build/turtlesim_project_interfaces': CMAKE_PREFIX_PATH=${CMAKE_PREFIX_PATH}:/home/samuel/Learning_ROS/final_project_ros2_ws/install/turtle_sim_catch_them_all:/home/samuel/Learning_ROS/ros_ws1/install/my_py_pkg:/opt/ros/humble /usr/bin/cmake --build /home/samuel/Learning_ROS/final_project_ros2_ws/build/turtlesim_project_interfaces -- -j12 -l12
[0.033s] -- Found ament_cmake: 1.3.10 (/opt/ros/humble/share/ament_cmake/cmake)
[0.137s] -- Found rosidl_default_generators: 1.2.0 (/opt/ros/humble/share/rosidl_default_generators/cmake)
[0.138s] -- Using all available rosidl_typesupport_c: rosidl_typesupport_fastrtps_c;rosidl_typesupport_introspection_c
[0.140s] -- Found rosidl_adapter: 3.1.5 (/opt/ros/humble/share/rosidl_adapter/cmake)
[0.170s] -- Using all available rosidl_typesupport_cpp: rosidl_typesupport_fastrtps_cpp;rosidl_typesupport_introspection_cpp
[0.400s] -- Found ament_cmake_ros: 0.10.0 (/opt/ros/humble/share/ament_cmake_ros/cmake)
[0.575s] -- Using all available rosidl_typesupport_c: rosidl_typesupport_fastrtps_c;rosidl_typesupport_introspection_c
[0.794s] -- Using all available rosidl_typesupport_cpp: rosidl_typesupport_fastrtps_cpp;rosidl_typesupport_introspection_cpp
[0.816s] -- Found python_cmake_module: 0.10.0 (/opt/ros/humble/share/python_cmake_module/cmake)
[0.839s] -- Using PYTHON_EXECUTABLE: /usr/bin/python3
[0.839s] -- Using PYTHON_INCLUDE_DIRS: /usr/include/python3.10
[0.839s] -- Using PYTHON_LIBRARIES: /usr/lib/x86_64-linux-gnu/libpython3.10.so
[0.852s] -- Configuring done
[0.888s] -- Generating done
[0.892s] -- Build files have been written to: /home/samuel/Learning_ROS/final_project_ros2_ws/build/turtlesim_project_interfaces
[0.915s] [  2%] [34m[1mGenerating C code for ROS interfaces[0m
[0.924s] [  5%] [34m[1mGenerating C++ code for ROS interfaces[0m
[0.934s] [  5%] Built target ament_cmake_python_copy_turtlesim_project_interfaces
[1.140s] [35m[1mConsolidate compiler generated dependencies of target turtlesim_project_interfaces__rosidl_generator_c[0m
[1.145s] running egg_info
[1.145s] writing turtlesim_project_interfaces.egg-info/PKG-INFO
[1.145s] writing dependency_links to turtlesim_project_interfaces.egg-info/dependency_links.txt
[1.147s] writing top-level names to turtlesim_project_interfaces.egg-info/top_level.txt
[1.148s] reading manifest file 'turtlesim_project_interfaces.egg-info/SOURCES.txt'
[1.148s] writing manifest file 'turtlesim_project_interfaces.egg-info/SOURCES.txt'
[1.152s] [  7%] [32mBuilding C object CMakeFiles/turtlesim_project_interfaces__rosidl_generator_c.dir/rosidl_generator_c/turtlesim_project_interfaces/msg/detail/turtle__functions.c.o[0m
[1.152s] [ 10%] [32mBuilding C object CMakeFiles/turtlesim_project_interfaces__rosidl_generator_c.dir/rosidl_generator_c/turtlesim_project_interfaces/msg/detail/turtle_array__functions.c.o[0m
[1.158s] [ 10%] Built target turtlesim_project_interfaces__cpp
[1.168s] [ 15%] [34m[1mGenerating C++ type support dispatch for ROS interfaces[0m
[1.168s] [ 15%] [34m[1mGenerating C++ introspection for ROS interfaces[0m
[1.168s] [ 17%] [34m[1mGenerating C++ type support for eProsima Fast-RTPS[0m
[1.170s] [ 17%] Built target ament_cmake_python_build_turtlesim_project_interfaces_egg
[1.192s] [ 20%] [32m[1mLinking C shared library libturtlesim_project_interfaces__rosidl_generator_c.so[0m
[1.224s] [ 20%] Built target turtlesim_project_interfaces__rosidl_generator_c
[1.234s] [ 25%] [34m[1mGenerating C introspection for ROS interfaces[0m
[1.234s] [ 25%] [34m[1mGenerating C type support for eProsima Fast-RTPS[0m
[1.235s] [ 28%] [34m[1mGenerating C type support dispatch for ROS interfaces[0m
[1.356s] [35m[1mConsolidate compiler generated dependencies of target turtlesim_project_interfaces__rosidl_typesupport_cpp[0m
[1.371s] [ 30%] [32mBuilding CXX object CMakeFiles/turtlesim_project_interfaces__rosidl_typesupport_cpp.dir/rosidl_typesupport_cpp/turtlesim_project_interfaces/msg/turtle__type_support.cpp.o[0m
[1.372s] [ 33%] [32mBuilding CXX object CMakeFiles/turtlesim_project_interfaces__rosidl_typesupport_cpp.dir/rosidl_typesupport_cpp/turtlesim_project_interfaces/msg/turtle_array__type_support.cpp.o[0m
[1.384s] [35m[1mConsolidate compiler generated dependencies of target turtlesim_project_interfaces__rosidl_typesupport_introspection_cpp[0m
[1.395s] [35m[1mConsolidate compiler generated dependencies of target turtlesim_project_interfaces__rosidl_typesupport_fastrtps_cpp[0m
[1.396s] [ 35%] [32mBuilding CXX object CMakeFiles/turtlesim_project_interfaces__rosidl_typesupport_introspection_cpp.dir/rosidl_typesupport_introspection_cpp/turtlesim_project_interfaces/msg/detail/turtle__type_support.cpp.o[0m
[1.398s] [ 38%] [32mBuilding CXX object CMakeFiles/turtlesim_project_interfaces__rosidl_typesupport_introspection_cpp.dir/rosidl_typesupport_introspection_cpp/turtlesim_project_interfaces/msg/detail/turtle_array__type_support.cpp.o[0m
[1.410s] [ 41%] [32mBuilding CXX object CMakeFiles/turtlesim_project_interfaces__rosidl_typesupport_fastrtps_cpp.dir/rosidl_typesupport_fastrtps_cpp/turtlesim_project_interfaces/msg/detail/dds_fastrtps/turtle__type_support.cpp.o[0m
[1.412s] [ 43%] [32mBuilding CXX object CMakeFiles/turtlesim_project_interfaces__rosidl_typesupport_fastrtps_cpp.dir/rosidl_typesupport_fastrtps_cpp/turtlesim_project_interfaces/msg/detail/dds_fastrtps/turtle_array__type_support.cpp.o[0m
[1.442s] [35m[1mConsolidate compiler generated dependencies of target turtlesim_project_interfaces__rosidl_typesupport_c[0m
[1.455s] [ 46%] [32mBuilding CXX object CMakeFiles/turtlesim_project_interfaces__rosidl_typesupport_c.dir/rosidl_typesupport_c/turtlesim_project_interfaces/msg/turtle__type_support.cpp.o[0m
[1.461s] [ 48%] [32mBuilding CXX object CMakeFiles/turtlesim_project_interfaces__rosidl_typesupport_c.dir/rosidl_typesupport_c/turtlesim_project_interfaces/msg/turtle_array__type_support.cpp.o[0m
[1.463s] [35m[1mConsolidate compiler generated dependencies of target turtlesim_project_interfaces__rosidl_typesupport_introspection_c[0m
[1.472s] [35m[1mConsolidate compiler generated dependencies of target turtlesim_project_interfaces__rosidl_typesupport_fastrtps_c[0m
[1.479s] [ 51%] [32mBuilding C object CMakeFiles/turtlesim_project_interfaces__rosidl_typesupport_introspection_c.dir/rosidl_typesupport_introspection_c/turtlesim_project_interfaces/msg/detail/turtle__type_support.c.o[0m
[1.479s] [ 53%] [32mBuilding C object CMakeFiles/turtlesim_project_interfaces__rosidl_typesupport_introspection_c.dir/rosidl_typesupport_introspection_c/turtlesim_project_interfaces/msg/detail/turtle_array__type_support.c.o[0m
[1.489s] [ 58%] [32mBuilding CXX object CMakeFiles/turtlesim_project_interfaces__rosidl_typesupport_fastrtps_c.dir/rosidl_typesupport_fastrtps_c/turtlesim_project_interfaces/msg/detail/turtle__type_support_c.cpp.o[0m
[1.491s] [ 58%] [32mBuilding CXX object CMakeFiles/turtlesim_project_interfaces__rosidl_typesupport_fastrtps_c.dir/rosidl_typesupport_fastrtps_c/turtlesim_project_interfaces/msg/detail/turtle_array__type_support_c.cpp.o[0m
[1.497s] [ 61%] [32m[1mLinking CXX shared library libturtlesim_project_interfaces__rosidl_typesupport_c.so[0m
[1.523s] [ 64%] [32m[1mLinking C shared library libturtlesim_project_interfaces__rosidl_typesupport_introspection_c.so[0m
[1.544s] [ 64%] Built target turtlesim_project_interfaces__rosidl_typesupport_c
[1.560s] [ 64%] Built target turtlesim_project_interfaces__rosidl_typesupport_introspection_c
[1.642s] [ 66%] [32m[1mLinking CXX shared library libturtlesim_project_interfaces__rosidl_typesupport_cpp.so[0m
[1.679s] [ 66%] Built target turtlesim_project_interfaces__rosidl_typesupport_cpp
[1.765s] [ 69%] [32m[1mLinking CXX shared library libturtlesim_project_interfaces__rosidl_typesupport_fastrtps_cpp.so[0m
[1.825s] [ 71%] [32m[1mLinking CXX shared library libturtlesim_project_interfaces__rosidl_typesupport_introspection_cpp.so[0m
[1.827s] [ 71%] Built target turtlesim_project_interfaces__rosidl_typesupport_fastrtps_cpp
[1.834s] [ 74%] [32m[1mLinking CXX shared library libturtlesim_project_interfaces__rosidl_typesupport_fastrtps_c.so[0m
[1.886s] [ 74%] Built target turtlesim_project_interfaces__rosidl_typesupport_introspection_cpp
[1.896s] [ 74%] Built target turtlesim_project_interfaces__rosidl_typesupport_fastrtps_c
[1.915s] [ 74%] Built target turtlesim_project_interfaces
[1.932s] [ 76%] [34m[1mGenerating Python code for ROS interfaces[0m
[2.218s] [ 76%] Built target turtlesim_project_interfaces__py
[2.227s] [35m[1mConsolidate compiler generated dependencies of target turtlesim_project_interfaces__rosidl_generator_py[0m
[2.239s] [ 79%] [32mBuilding C object CMakeFiles/turtlesim_project_interfaces__rosidl_generator_py.dir/rosidl_generator_py/turtlesim_project_interfaces/msg/_turtle_s.c.o[0m
[2.240s] [ 82%] [32mBuilding C object CMakeFiles/turtlesim_project_interfaces__rosidl_generator_py.dir/rosidl_generator_py/turtlesim_project_interfaces/msg/_turtle_array_s.c.o[0m
[2.324s] [ 84%] [32m[1mLinking C shared library rosidl_generator_py/turtlesim_project_interfaces/libturtlesim_project_interfaces__rosidl_generator_py.so[0m
[2.359s] [ 84%] Built target turtlesim_project_interfaces__rosidl_generator_py
[2.367s] [35m[1mConsolidate compiler generated dependencies of target turtlesim_project_interfaces__rosidl_typesupport_fastrtps_c__pyext[0m
[2.367s] [35m[1mConsolidate compiler generated dependencies of target turtlesim_project_interfaces__rosidl_typesupport_introspection_c__pyext[0m
[2.370s] [35m[1mConsolidate compiler generated dependencies of target turtlesim_project_interfaces__rosidl_typesupport_c__pyext[0m
[2.379s] [ 87%] [32mBuilding C object CMakeFiles/turtlesim_project_interfaces__rosidl_typesupport_fastrtps_c__pyext.dir/rosidl_generator_py/turtlesim_project_interfaces/_turtlesim_project_interfaces_s.ep.rosidl_typesupport_fastrtps_c.c.o[0m
[2.380s] [ 89%] [32mBuilding C object CMakeFiles/turtlesim_project_interfaces__rosidl_typesupport_introspection_c__pyext.dir/rosidl_generator_py/turtlesim_project_interfaces/_turtlesim_project_interfaces_s.ep.rosidl_typesupport_introspection_c.c.o[0m
[2.381s] [ 92%] [32mBuilding C object CMakeFiles/turtlesim_project_interfaces__rosidl_typesupport_c__pyext.dir/rosidl_generator_py/turtlesim_project_interfaces/_turtlesim_project_interfaces_s.ep.rosidl_typesupport_c.c.o[0m
[2.458s] [ 94%] [32m[1mLinking C shared library rosidl_generator_py/turtlesim_project_interfaces/turtlesim_project_interfaces_s__rosidl_typesupport_c.cpython-310-x86_64-linux-gnu.so[0m
[2.458s] [ 97%] [32m[1mLinking C shared library rosidl_generator_py/turtlesim_project_interfaces/turtlesim_project_interfaces_s__rosidl_typesupport_introspection_c.cpython-310-x86_64-linux-gnu.so[0m
[2.462s] [100%] [32m[1mLinking C shared library rosidl_generator_py/turtlesim_project_interfaces/turtlesim_project_interfaces_s__rosidl_typesupport_fastrtps_c.cpython-310-x86_64-linux-gnu.so[0m
[2.487s] [100%] Built target turtlesim_project_interfaces__rosidl_typesupport_c__pyext
[2.490s] [100%] Built target turtlesim_project_interfaces__rosidl_typesupport_introspection_c__pyext
[2.492s] [100%] Built target turtlesim_project_interfaces__rosidl_typesupport_fastrtps_c__pyext
[2.504s] Invoked command in '/home/samuel/Learning_ROS/final_project_ros2_ws/build/turtlesim_project_interfaces' returned '0': CMAKE_PREFIX_PATH=${CMAKE_PREFIX_PATH}:/home/samuel/Learning_ROS/final_project_ros2_ws/install/turtle_sim_catch_them_all:/home/samuel/Learning_ROS/ros_ws1/install/my_py_pkg:/opt/ros/humble /usr/bin/cmake --build /home/samuel/Learning_ROS/final_project_ros2_ws/build/turtlesim_project_interfaces -- -j12 -l12
[2.582s] Invoking command in '/home/samuel/Learning_ROS/final_project_ros2_ws/build/turtlesim_project_interfaces': CMAKE_PREFIX_PATH=${CMAKE_PREFIX_PATH}:/home/samuel/Learning_ROS/final_project_ros2_ws/install/turtle_sim_catch_them_all:/home/samuel/Learning_ROS/ros_ws1/install/my_py_pkg:/opt/ros/humble /usr/bin/cmake --install /home/samuel/Learning_ROS/final_project_ros2_ws/build/turtlesim_project_interfaces
[2.588s] -- Install configuration: ""
[2.589s] -- Up-to-date: /home/samuel/Learning_ROS/final_project_ros2_ws/install/turtlesim_project_interfaces/share/ament_index/resource_index/rosidl_interfaces/turtlesim_project_interfaces
[2.589s] -- Up-to-date: /home/samuel/Learning_ROS/final_project_ros2_ws/install/turtlesim_project_interfaces/include/turtlesim_project_interfaces/turtlesim_project_interfaces
[2.589s] -- Up-to-date: /home/samuel/Learning_ROS/final_project_ros2_ws/install/turtlesim_project_interfaces/include/turtlesim_project_interfaces/turtlesim_project_interfaces/msg
[2.589s] -- Up-to-date: /home/samuel/Learning_ROS/final_project_ros2_ws/install/turtlesim_project_interfaces/include/turtlesim_project_interfaces/turtlesim_project_interfaces/msg/rosidl_generator_c__visibility_control.h
[2.589s] -- Up-to-date: /home/samuel/Learning_ROS/final_project_ros2_ws/install/turtlesim_project_interfaces/include/turtlesim_project_interfaces/turtlesim_project_interfaces/msg/detail
[2.589s] -- Installing: /home/samuel/Learning_ROS/final_project_ros2_ws/install/turtlesim_project_interfaces/include/turtlesim_project_interfaces/turtlesim_project_interfaces/msg/detail/turtle_array__functions.h
[2.589s] -- Installing: /home/samuel/Learning_ROS/final_project_ros2_ws/install/turtlesim_project_interfaces/include/turtlesim_project_interfaces/turtlesim_project_interfaces/msg/detail/turtle__functions.h
[2.589s] -- Installing: /home/samuel/Learning_ROS/final_project_ros2_ws/install/turtlesim_project_interfaces/include/turtlesim_project_interfaces/turtlesim_project_interfaces/msg/detail/turtle_array__struct.h
[2.589s] -- Installing: /home/samuel/Learning_ROS/final_project_ros2_ws/install/turtlesim_project_interfaces/include/turtlesim_project_interfaces/turtlesim_project_interfaces/msg/detail/turtle__type_support.h
[2.589s] -- Installing: /home/samuel/Learning_ROS/final_project_ros2_ws/install/turtlesim_project_interfaces/include/turtlesim_project_interfaces/turtlesim_project_interfaces/msg/detail/turtle__struct.h
[2.590s] -- Installing: /home/samuel/Learning_ROS/final_project_ros2_ws/install/turtlesim_project_interfaces/include/turtlesim_project_interfaces/turtlesim_project_interfaces/msg/detail/turtle_array__type_support.h
[2.590s] -- Installing: /home/samuel/Learning_ROS/final_project_ros2_ws/install/turtlesim_project_interfaces/include/turtlesim_project_interfaces/turtlesim_project_interfaces/msg/detail/turtle__functions.c
[2.590s] -- Installing: /home/samuel/Learning_ROS/final_project_ros2_ws/install/turtlesim_project_interfaces/include/turtlesim_project_interfaces/turtlesim_project_interfaces/msg/detail/turtle_array__functions.c
[2.590s] -- Installing: /home/samuel/Learning_ROS/final_project_ros2_ws/install/turtlesim_project_interfaces/include/turtlesim_project_interfaces/turtlesim_project_interfaces/msg/turtle.h
[2.590s] -- Installing: /home/samuel/Learning_ROS/final_project_ros2_ws/install/turtlesim_project_interfaces/include/turtlesim_project_interfaces/turtlesim_project_interfaces/msg/turtle_array.h
[2.590s] -- Up-to-date: /home/samuel/Learning_ROS/final_project_ros2_ws/install/turtlesim_project_interfaces/share/turtlesim_project_interfaces/environment/library_path.sh
[2.591s] -- Installing: /home/samuel/Learning_ROS/final_project_ros2_ws/install/turtlesim_project_interfaces/share/turtlesim_project_interfaces/environment/library_path.dsv
[2.591s] -- Installing: /home/samuel/Learning_ROS/final_project_ros2_ws/install/turtlesim_project_interfaces/lib/libturtlesim_project_interfaces__rosidl_generator_c.so
[2.591s] -- Set runtime path of "/home/samuel/Learning_ROS/final_project_ros2_ws/install/turtlesim_project_interfaces/lib/libturtlesim_project_interfaces__rosidl_generator_c.so" to ""
[2.591s] -- Up-to-date: /home/samuel/Learning_ROS/final_project_ros2_ws/install/turtlesim_project_interfaces/include/turtlesim_project_interfaces/turtlesim_project_interfaces
[2.591s] -- Up-to-date: /home/samuel/Learning_ROS/final_project_ros2_ws/install/turtlesim_project_interfaces/include/turtlesim_project_interfaces/turtlesim_project_interfaces/msg
[2.592s] -- Up-to-date: /home/samuel/Learning_ROS/final_project_ros2_ws/install/turtlesim_project_interfaces/include/turtlesim_project_interfaces/turtlesim_project_interfaces/msg/detail
[2.592s] -- Installing: /home/samuel/Learning_ROS/final_project_ros2_ws/install/turtlesim_project_interfaces/include/turtlesim_project_interfaces/turtlesim_project_interfaces/msg/detail/turtle_array__rosidl_typesupport_fastrtps_c.h
[2.592s] -- Installing: /home/samuel/Learning_ROS/final_project_ros2_ws/install/turtlesim_project_interfaces/include/turtlesim_project_interfaces/turtlesim_project_interfaces/msg/detail/turtle__rosidl_typesupport_fastrtps_c.h
[2.592s] -- Up-to-date: /home/samuel/Learning_ROS/final_project_ros2_ws/install/turtlesim_project_interfaces/include/turtlesim_project_interfaces/turtlesim_project_interfaces/msg/rosidl_typesupport_fastrtps_c__visibility_control.h
[2.592s] -- Installing: /home/samuel/Learning_ROS/final_project_ros2_ws/install/turtlesim_project_interfaces/lib/libturtlesim_project_interfaces__rosidl_typesupport_fastrtps_c.so
[2.592s] -- Set runtime path of "/home/samuel/Learning_ROS/final_project_ros2_ws/install/turtlesim_project_interfaces/lib/libturtlesim_project_interfaces__rosidl_typesupport_fastrtps_c.so" to ""
[2.592s] -- Up-to-date: /home/samuel/Learning_ROS/final_project_ros2_ws/install/turtlesim_project_interfaces/include/turtlesim_project_interfaces/turtlesim_project_interfaces
[2.592s] -- Up-to-date: /home/samuel/Learning_ROS/final_project_ros2_ws/install/turtlesim_project_interfaces/include/turtlesim_project_interfaces/turtlesim_project_interfaces/msg
[2.593s] -- Up-to-date: /home/samuel/Learning_ROS/final_project_ros2_ws/install/turtlesim_project_interfaces/include/turtlesim_project_interfaces/turtlesim_project_interfaces/msg/detail
[2.593s] -- Installing: /home/samuel/Learning_ROS/final_project_ros2_ws/install/turtlesim_project_interfaces/include/turtlesim_project_interfaces/turtlesim_project_interfaces/msg/detail/turtle__type_support.c
[2.593s] -- Installing: /home/samuel/Learning_ROS/final_project_ros2_ws/install/turtlesim_project_interfaces/include/turtlesim_project_interfaces/turtlesim_project_interfaces/msg/detail/turtle_array__type_support.c
[2.593s] -- Installing: /home/samuel/Learning_ROS/final_project_ros2_ws/install/turtlesim_project_interfaces/include/turtlesim_project_interfaces/turtlesim_project_interfaces/msg/detail/turtle__rosidl_typesupport_introspection_c.h
[2.593s] -- Installing: /home/samuel/Learning_ROS/final_project_ros2_ws/install/turtlesim_project_interfaces/include/turtlesim_project_interfaces/turtlesim_project_interfaces/msg/detail/turtle_array__rosidl_typesupport_introspection_c.h
[2.593s] -- Up-to-date: /home/samuel/Learning_ROS/final_project_ros2_ws/install/turtlesim_project_interfaces/include/turtlesim_project_interfaces/turtlesim_project_interfaces/msg/rosidl_typesupport_introspection_c__visibility_control.h
[2.593s] -- Installing: /home/samuel/Learning_ROS/final_project_ros2_ws/install/turtlesim_project_interfaces/lib/libturtlesim_project_interfaces__rosidl_typesupport_introspection_c.so
[2.594s] -- Set runtime path of "/home/samuel/Learning_ROS/final_project_ros2_ws/install/turtlesim_project_interfaces/lib/libturtlesim_project_interfaces__rosidl_typesupport_introspection_c.so" to ""
[2.594s] -- Installing: /home/samuel/Learning_ROS/final_project_ros2_ws/install/turtlesim_project_interfaces/lib/libturtlesim_project_interfaces__rosidl_typesupport_c.so
[2.594s] -- Set runtime path of "/home/samuel/Learning_ROS/final_project_ros2_ws/install/turtlesim_project_interfaces/lib/libturtlesim_project_interfaces__rosidl_typesupport_c.so" to ""
[2.594s] -- Up-to-date: /home/samuel/Learning_ROS/final_project_ros2_ws/install/turtlesim_project_interfaces/include/turtlesim_project_interfaces/turtlesim_project_interfaces
[2.594s] -- Up-to-date: /home/samuel/Learning_ROS/final_project_ros2_ws/install/turtlesim_project_interfaces/include/turtlesim_project_interfaces/turtlesim_project_interfaces/msg
[2.595s] -- Up-to-date: /home/samuel/Learning_ROS/final_project_ros2_ws/install/turtlesim_project_interfaces/include/turtlesim_project_interfaces/turtlesim_project_interfaces/msg/detail
[2.595s] -- Installing: /home/samuel/Learning_ROS/final_project_ros2_ws/install/turtlesim_project_interfaces/include/turtlesim_project_interfaces/turtlesim_project_interfaces/msg/detail/turtle__struct.hpp
[2.595s] -- Installing: /home/samuel/Learning_ROS/final_project_ros2_ws/install/turtlesim_project_interfaces/include/turtlesim_project_interfaces/turtlesim_project_interfaces/msg/detail/turtle__builder.hpp
[2.595s] -- Installing: /home/samuel/Learning_ROS/final_project_ros2_ws/install/turtlesim_project_interfaces/include/turtlesim_project_interfaces/turtlesim_project_interfaces/msg/detail/turtle_array__traits.hpp
[2.595s] -- Installing: /home/samuel/Learning_ROS/final_project_ros2_ws/install/turtlesim_project_interfaces/include/turtlesim_project_interfaces/turtlesim_project_interfaces/msg/detail/turtle_array__struct.hpp
[2.595s] -- Installing: /home/samuel/Learning_ROS/final_project_ros2_ws/install/turtlesim_project_interfaces/include/turtlesim_project_interfaces/turtlesim_project_interfaces/msg/detail/turtle_array__builder.hpp
[2.595s] -- Installing: /home/samuel/Learning_ROS/final_project_ros2_ws/install/turtlesim_project_interfaces/include/turtlesim_project_interfaces/turtlesim_project_interfaces/msg/detail/turtle__traits.hpp
[2.595s] -- Installing: /home/samuel/Learning_ROS/final_project_ros2_ws/install/turtlesim_project_interfaces/include/turtlesim_project_interfaces/turtlesim_project_interfaces/msg/turtle.hpp
[2.595s] -- Installing: /home/samuel/Learning_ROS/final_project_ros2_ws/install/turtlesim_project_interfaces/include/turtlesim_project_interfaces/turtlesim_project_interfaces/msg/turtle_array.hpp
[2.596s] -- Up-to-date: /home/samuel/Learning_ROS/final_project_ros2_ws/install/turtlesim_project_interfaces/include/turtlesim_project_interfaces/turtlesim_project_interfaces
[2.596s] -- Up-to-date: /home/samuel/Learning_ROS/final_project_ros2_ws/install/turtlesim_project_interfaces/include/turtlesim_project_interfaces/turtlesim_project_interfaces/msg
[2.596s] -- Up-to-date: /home/samuel/Learning_ROS/final_project_ros2_ws/install/turtlesim_project_interfaces/include/turtlesim_project_interfaces/turtlesim_project_interfaces/msg/detail
[2.596s] -- Installing: /home/samuel/Learning_ROS/final_project_ros2_ws/install/turtlesim_project_interfaces/include/turtlesim_project_interfaces/turtlesim_project_interfaces/msg/detail/turtle__rosidl_typesupport_fastrtps_cpp.hpp
[2.596s] -- Up-to-date: /home/samuel/Learning_ROS/final_project_ros2_ws/install/turtlesim_project_interfaces/include/turtlesim_project_interfaces/turtlesim_project_interfaces/msg/detail/dds_fastrtps
[2.596s] -- Installing: /home/samuel/Learning_ROS/final_project_ros2_ws/install/turtlesim_project_interfaces/include/turtlesim_project_interfaces/turtlesim_project_interfaces/msg/detail/turtle_array__rosidl_typesupport_fastrtps_cpp.hpp
[2.596s] -- Up-to-date: /home/samuel/Learning_ROS/final_project_ros2_ws/install/turtlesim_project_interfaces/include/turtlesim_project_interfaces/turtlesim_project_interfaces/msg/rosidl_typesupport_fastrtps_cpp__visibility_control.h
[2.596s] -- Installing: /home/samuel/Learning_ROS/final_project_ros2_ws/install/turtlesim_project_interfaces/lib/libturtlesim_project_interfaces__rosidl_typesupport_fastrtps_cpp.so
[2.597s] -- Set runtime path of "/home/samuel/Learning_ROS/final_project_ros2_ws/install/turtlesim_project_interfaces/lib/libturtlesim_project_interfaces__rosidl_typesupport_fastrtps_cpp.so" to ""
[2.597s] -- Up-to-date: /home/samuel/Learning_ROS/final_project_ros2_ws/install/turtlesim_project_interfaces/include/turtlesim_project_interfaces/turtlesim_project_interfaces
[2.597s] -- Up-to-date: /home/samuel/Learning_ROS/final_project_ros2_ws/install/turtlesim_project_interfaces/include/turtlesim_project_interfaces/turtlesim_project_interfaces/msg
[2.597s] -- Up-to-date: /home/samuel/Learning_ROS/final_project_ros2_ws/install/turtlesim_project_interfaces/include/turtlesim_project_interfaces/turtlesim_project_interfaces/msg/detail
[2.597s] -- Installing: /home/samuel/Learning_ROS/final_project_ros2_ws/install/turtlesim_project_interfaces/include/turtlesim_project_interfaces/turtlesim_project_interfaces/msg/detail/turtle_array__rosidl_typesupport_introspection_cpp.hpp
[2.597s] -- Installing: /home/samuel/Learning_ROS/final_project_ros2_ws/install/turtlesim_project_interfaces/include/turtlesim_project_interfaces/turtlesim_project_interfaces/msg/detail/turtle_array__type_support.cpp
[2.597s] -- Installing: /home/samuel/Learning_ROS/final_project_ros2_ws/install/turtlesim_project_interfaces/include/turtlesim_project_interfaces/turtlesim_project_interfaces/msg/detail/turtle__rosidl_typesupport_introspection_cpp.hpp
[2.597s] -- Installing: /home/samuel/Learning_ROS/final_project_ros2_ws/install/turtlesim_project_interfaces/include/turtlesim_project_interfaces/turtlesim_project_interfaces/msg/detail/turtle__type_support.cpp
[2.598s] -- Installing: /home/samuel/Learning_ROS/final_project_ros2_ws/install/turtlesim_project_interfaces/lib/libturtlesim_project_interfaces__rosidl_typesupport_introspection_cpp.so
[2.598s] -- Set runtime path of "/home/samuel/Learning_ROS/final_project_ros2_ws/install/turtlesim_project_interfaces/lib/libturtlesim_project_interfaces__rosidl_typesupport_introspection_cpp.so" to ""
[2.598s] -- Installing: /home/samuel/Learning_ROS/final_project_ros2_ws/install/turtlesim_project_interfaces/lib/libturtlesim_project_interfaces__rosidl_typesupport_cpp.so
[2.599s] -- Set runtime path of "/home/samuel/Learning_ROS/final_project_ros2_ws/install/turtlesim_project_interfaces/lib/libturtlesim_project_interfaces__rosidl_typesupport_cpp.so" to ""
[2.599s] -- Up-to-date: /home/samuel/Learning_ROS/final_project_ros2_ws/install/turtlesim_project_interfaces/share/turtlesim_project_interfaces/environment/pythonpath.sh
[2.599s] -- Installing: /home/samuel/Learning_ROS/final_project_ros2_ws/install/turtlesim_project_interfaces/share/turtlesim_project_interfaces/environment/pythonpath.dsv
[2.599s] -- Up-to-date: /home/samuel/Learning_ROS/final_project_ros2_ws/install/turtlesim_project_interfaces/local/lib/python3.10/dist-packages/turtlesim_project_interfaces-0.0.0-py3.10.egg-info
[2.599s] -- Installing: /home/samuel/Learning_ROS/final_project_ros2_ws/install/turtlesim_project_interfaces/local/lib/python3.10/dist-packages/turtlesim_project_interfaces-0.0.0-py3.10.egg-info/dependency_links.txt
[2.599s] -- Installing: /home/samuel/Learning_ROS/final_project_ros2_ws/install/turtlesim_project_interfaces/local/lib/python3.10/dist-packages/turtlesim_project_interfaces-0.0.0-py3.10.egg-info/SOURCES.txt
[2.599s] -- Installing: /home/samuel/Learning_ROS/final_project_ros2_ws/install/turtlesim_project_interfaces/local/lib/python3.10/dist-packages/turtlesim_project_interfaces-0.0.0-py3.10.egg-info/top_level.txt
[2.600s] -- Installing: /home/samuel/Learning_ROS/final_project_ros2_ws/install/turtlesim_project_interfaces/local/lib/python3.10/dist-packages/turtlesim_project_interfaces-0.0.0-py3.10.egg-info/PKG-INFO
[2.600s] -- Up-to-date: /home/samuel/Learning_ROS/final_project_ros2_ws/install/turtlesim_project_interfaces/local/lib/python3.10/dist-packages/turtlesim_project_interfaces
[2.600s] -- Installing: /home/samuel/Learning_ROS/final_project_ros2_ws/install/turtlesim_project_interfaces/local/lib/python3.10/dist-packages/turtlesim_project_interfaces/_turtlesim_project_interfaces_s.ep.rosidl_typesupport_introspection_c.c
[2.600s] -- Installing: /home/samuel/Learning_ROS/final_project_ros2_ws/install/turtlesim_project_interfaces/local/lib/python3.10/dist-packages/turtlesim_project_interfaces/_turtlesim_project_interfaces_s.ep.rosidl_typesupport_fastrtps_c.c
[2.600s] -- Installing: /home/samuel/Learning_ROS/final_project_ros2_ws/install/turtlesim_project_interfaces/local/lib/python3.10/dist-packages/turtlesim_project_interfaces/turtlesim_project_interfaces_s__rosidl_typesupport_introspection_c.cpython-310-x86_64-linux-gnu.so
[2.600s] -- Installing: /home/samuel/Learning_ROS/final_project_ros2_ws/install/turtlesim_project_interfaces/local/lib/python3.10/dist-packages/turtlesim_project_interfaces/_turtlesim_project_interfaces_s.ep.rosidl_typesupport_c.c
[2.600s] -- Installing: /home/samuel/Learning_ROS/final_project_ros2_ws/install/turtlesim_project_interfaces/local/lib/python3.10/dist-packages/turtlesim_project_interfaces/libturtlesim_project_interfaces__rosidl_generator_py.so
[2.601s] -- Installing: /home/samuel/Learning_ROS/final_project_ros2_ws/install/turtlesim_project_interfaces/local/lib/python3.10/dist-packages/turtlesim_project_interfaces/turtlesim_project_interfaces_s__rosidl_typesupport_c.cpython-310-x86_64-linux-gnu.so
[2.601s] -- Installing: /home/samuel/Learning_ROS/final_project_ros2_ws/install/turtlesim_project_interfaces/local/lib/python3.10/dist-packages/turtlesim_project_interfaces/__init__.py
[2.601s] -- Up-to-date: /home/samuel/Learning_ROS/final_project_ros2_ws/install/turtlesim_project_interfaces/local/lib/python3.10/dist-packages/turtlesim_project_interfaces/msg
[2.601s] -- Installing: /home/samuel/Learning_ROS/final_project_ros2_ws/install/turtlesim_project_interfaces/local/lib/python3.10/dist-packages/turtlesim_project_interfaces/msg/_turtle_s.c
[2.601s] -- Installing: /home/samuel/Learning_ROS/final_project_ros2_ws/install/turtlesim_project_interfaces/local/lib/python3.10/dist-packages/turtlesim_project_interfaces/msg/_turtle_array.py
[2.601s] -- Installing: /home/samuel/Learning_ROS/final_project_ros2_ws/install/turtlesim_project_interfaces/local/lib/python3.10/dist-packages/turtlesim_project_interfaces/msg/__init__.py
[2.602s] -- Installing: /home/samuel/Learning_ROS/final_project_ros2_ws/install/turtlesim_project_interfaces/local/lib/python3.10/dist-packages/turtlesim_project_interfaces/msg/_turtle_array_s.c
[2.602s] -- Installing: /home/samuel/Learning_ROS/final_project_ros2_ws/install/turtlesim_project_interfaces/local/lib/python3.10/dist-packages/turtlesim_project_interfaces/msg/_turtle.py
[2.602s] -- Installing: /home/samuel/Learning_ROS/final_project_ros2_ws/install/turtlesim_project_interfaces/local/lib/python3.10/dist-packages/turtlesim_project_interfaces/turtlesim_project_interfaces_s__rosidl_typesupport_fastrtps_c.cpython-310-x86_64-linux-gnu.so
[2.633s] Listing '/home/samuel/Learning_ROS/final_project_ros2_ws/install/turtlesim_project_interfaces/local/lib/python3.10/dist-packages/turtlesim_project_interfaces'...
[2.633s] Compiling '/home/samuel/Learning_ROS/final_project_ros2_ws/install/turtlesim_project_interfaces/local/lib/python3.10/dist-packages/turtlesim_project_interfaces/__init__.py'...
[2.633s] Listing '/home/samuel/Learning_ROS/final_project_ros2_ws/install/turtlesim_project_interfaces/local/lib/python3.10/dist-packages/turtlesim_project_interfaces/msg'...
[2.634s] Compiling '/home/samuel/Learning_ROS/final_project_ros2_ws/install/turtlesim_project_interfaces/local/lib/python3.10/dist-packages/turtlesim_project_interfaces/msg/__init__.py'...
[2.634s] Compiling '/home/samuel/Learning_ROS/final_project_ros2_ws/install/turtlesim_project_interfaces/local/lib/python3.10/dist-packages/turtlesim_project_interfaces/msg/_turtle.py'...
[2.634s] Compiling '/home/samuel/Learning_ROS/final_project_ros2_ws/install/turtlesim_project_interfaces/local/lib/python3.10/dist-packages/turtlesim_project_interfaces/msg/_turtle_array.py'...
[2.637s] -- Installing: /home/samuel/Learning_ROS/final_project_ros2_ws/install/turtlesim_project_interfaces/local/lib/python3.10/dist-packages/turtlesim_project_interfaces/turtlesim_project_interfaces_s__rosidl_typesupport_fastrtps_c.cpython-310-x86_64-linux-gnu.so
[2.637s] -- Set runtime path of "/home/samuel/Learning_ROS/final_project_ros2_ws/install/turtlesim_project_interfaces/local/lib/python3.10/dist-packages/turtlesim_project_interfaces/turtlesim_project_interfaces_s__rosidl_typesupport_fastrtps_c.cpython-310-x86_64-linux-gnu.so" to ""
[2.637s] -- Installing: /home/samuel/Learning_ROS/final_project_ros2_ws/install/turtlesim_project_interfaces/local/lib/python3.10/dist-packages/turtlesim_project_interfaces/turtlesim_project_interfaces_s__rosidl_typesupport_introspection_c.cpython-310-x86_64-linux-gnu.so
[2.638s] -- Set runtime path of "/home/samuel/Learning_ROS/final_project_ros2_ws/install/turtlesim_project_interfaces/local/lib/python3.10/dist-packages/turtlesim_project_interfaces/turtlesim_project_interfaces_s__rosidl_typesupport_introspection_c.cpython-310-x86_64-linux-gnu.so" to ""
[2.638s] -- Installing: /home/samuel/Learning_ROS/final_project_ros2_ws/install/turtlesim_project_interfaces/local/lib/python3.10/dist-packages/turtlesim_project_interfaces/turtlesim_project_interfaces_s__rosidl_typesupport_c.cpython-310-x86_64-linux-gnu.so
[2.638s] -- Set runtime path of "/home/samuel/Learning_ROS/final_project_ros2_ws/install/turtlesim_project_interfaces/local/lib/python3.10/dist-packages/turtlesim_project_interfaces/turtlesim_project_interfaces_s__rosidl_typesupport_c.cpython-310-x86_64-linux-gnu.so" to ""
[2.639s] -- Installing: /home/samuel/Learning_ROS/final_project_ros2_ws/install/turtlesim_project_interfaces/lib/libturtlesim_project_interfaces__rosidl_generator_py.so
[2.639s] -- Set runtime path of "/home/samuel/Learning_ROS/final_project_ros2_ws/install/turtlesim_project_interfaces/lib/libturtlesim_project_interfaces__rosidl_generator_py.so" to ""
[2.639s] -- Up-to-date: /home/samuel/Learning_ROS/final_project_ros2_ws/install/turtlesim_project_interfaces/share/turtlesim_project_interfaces/msg/Turtle.idl
[2.639s] -- Installing: /home/samuel/Learning_ROS/final_project_ros2_ws/install/turtlesim_project_interfaces/share/turtlesim_project_interfaces/msg/TurtleArray.idl
[2.639s] -- Up-to-date: /home/samuel/Learning_ROS/final_project_ros2_ws/install/turtlesim_project_interfaces/share/turtlesim_project_interfaces/msg/Turtle.msg
[2.639s] -- Installing: /home/samuel/Learning_ROS/final_project_ros2_ws/install/turtlesim_project_interfaces/share/turtlesim_project_interfaces/msg/TurtleArray.msg
[2.640s] -- Up-to-date: /home/samuel/Learning_ROS/final_project_ros2_ws/install/turtlesim_project_interfaces/share/ament_index/resource_index/package_run_dependencies/turtlesim_project_interfaces
[2.640s] -- Up-to-date: /home/samuel/Learning_ROS/final_project_ros2_ws/install/turtlesim_project_interfaces/share/ament_index/resource_index/parent_prefix_path/turtlesim_project_interfaces
[2.640s] -- Up-to-date: /home/samuel/Learning_ROS/final_project_ros2_ws/install/turtlesim_project_interfaces/share/turtlesim_project_interfaces/environment/ament_prefix_path.sh
[2.640s] -- Installing: /home/samuel/Learning_ROS/final_project_ros2_ws/install/turtlesim_project_interfaces/share/turtlesim_project_interfaces/environment/ament_prefix_path.dsv
[2.640s] -- Up-to-date: /home/samuel/Learning_ROS/final_project_ros2_ws/install/turtlesim_project_interfaces/share/turtlesim_project_interfaces/environment/path.sh
[2.640s] -- Installing: /home/samuel/Learning_ROS/final_project_ros2_ws/install/turtlesim_project_interfaces/share/turtlesim_project_interfaces/environment/path.dsv
[2.640s] -- Up-to-date: /home/samuel/Learning_ROS/final_project_ros2_ws/install/turtlesim_project_interfaces/share/turtlesim_project_interfaces/local_setup.bash
[2.640s] -- Up-to-date: /home/samuel/Learning_ROS/final_project_ros2_ws/install/turtlesim_project_interfaces/share/turtlesim_project_interfaces/local_setup.sh
[2.641s] -- Up-to-date: /home/samuel/Learning_ROS/final_project_ros2_ws/install/turtlesim_project_interfaces/share/turtlesim_project_interfaces/local_setup.zsh
[2.641s] -- Installing: /home/samuel/Learning_ROS/final_project_ros2_ws/install/turtlesim_project_interfaces/share/turtlesim_project_interfaces/local_setup.dsv
[2.641s] -- Installing: /home/samuel/Learning_ROS/final_project_ros2_ws/install/turtlesim_project_interfaces/share/turtlesim_project_interfaces/package.dsv
[2.641s] -- Up-to-date: /home/samuel/Learning_ROS/final_project_ros2_ws/install/turtlesim_project_interfaces/share/ament_index/resource_index/packages/turtlesim_project_interfaces
[2.641s] -- Up-to-date: /home/samuel/Learning_ROS/final_project_ros2_ws/install/turtlesim_project_interfaces/share/turtlesim_project_interfaces/cmake/export_turtlesim_project_interfaces__rosidl_generator_cExport.cmake
[2.641s] -- Up-to-date: /home/samuel/Learning_ROS/final_project_ros2_ws/install/turtlesim_project_interfaces/share/turtlesim_project_interfaces/cmake/export_turtlesim_project_interfaces__rosidl_generator_cExport-noconfig.cmake
[2.641s] -- Up-to-date: /home/samuel/Learning_ROS/final_project_ros2_ws/install/turtlesim_project_interfaces/share/turtlesim_project_interfaces/cmake/export_turtlesim_project_interfaces__rosidl_typesupport_fastrtps_cExport.cmake
[2.641s] -- Up-to-date: /home/samuel/Learning_ROS/final_project_ros2_ws/install/turtlesim_project_interfaces/share/turtlesim_project_interfaces/cmake/export_turtlesim_project_interfaces__rosidl_typesupport_fastrtps_cExport-noconfig.cmake
[2.641s] -- Up-to-date: /home/samuel/Learning_ROS/final_project_ros2_ws/install/turtlesim_project_interfaces/share/turtlesim_project_interfaces/cmake/turtlesim_project_interfaces__rosidl_typesupport_introspection_cExport.cmake
[2.641s] -- Up-to-date: /home/samuel/Learning_ROS/final_project_ros2_ws/install/turtlesim_project_interfaces/share/turtlesim_project_interfaces/cmake/turtlesim_project_interfaces__rosidl_typesupport_introspection_cExport-noconfig.cmake
[2.642s] -- Up-to-date: /home/samuel/Learning_ROS/final_project_ros2_ws/install/turtlesim_project_interfaces/share/turtlesim_project_interfaces/cmake/turtlesim_project_interfaces__rosidl_typesupport_cExport.cmake
[2.642s] -- Up-to-date: /home/samuel/Learning_ROS/final_project_ros2_ws/install/turtlesim_project_interfaces/share/turtlesim_project_interfaces/cmake/turtlesim_project_interfaces__rosidl_typesupport_cExport-noconfig.cmake
[2.642s] -- Up-to-date: /home/samuel/Learning_ROS/final_project_ros2_ws/install/turtlesim_project_interfaces/share/turtlesim_project_interfaces/cmake/export_turtlesim_project_interfaces__rosidl_generator_cppExport.cmake
[2.642s] -- Up-to-date: /home/samuel/Learning_ROS/final_project_ros2_ws/install/turtlesim_project_interfaces/share/turtlesim_project_interfaces/cmake/export_turtlesim_project_interfaces__rosidl_typesupport_fastrtps_cppExport.cmake
[2.642s] -- Up-to-date: /home/samuel/Learning_ROS/final_project_ros2_ws/install/turtlesim_project_interfaces/share/turtlesim_project_interfaces/cmake/export_turtlesim_project_interfaces__rosidl_typesupport_fastrtps_cppExport-noconfig.cmake
[2.642s] -- Up-to-date: /home/samuel/Learning_ROS/final_project_ros2_ws/install/turtlesim_project_interfaces/share/turtlesim_project_interfaces/cmake/turtlesim_project_interfaces__rosidl_typesupport_introspection_cppExport.cmake
[2.642s] -- Up-to-date: /home/samuel/Learning_ROS/final_project_ros2_ws/install/turtlesim_project_interfaces/share/turtlesim_project_interfaces/cmake/turtlesim_project_interfaces__rosidl_typesupport_introspection_cppExport-noconfig.cmake
[2.642s] -- Up-to-date: /home/samuel/Learning_ROS/final_project_ros2_ws/install/turtlesim_project_interfaces/share/turtlesim_project_interfaces/cmake/turtlesim_project_interfaces__rosidl_typesupport_cppExport.cmake
[2.642s] -- Up-to-date: /home/samuel/Learning_ROS/final_project_ros2_ws/install/turtlesim_project_interfaces/share/turtlesim_project_interfaces/cmake/turtlesim_project_interfaces__rosidl_typesupport_cppExport-noconfig.cmake
[2.642s] -- Up-to-date: /home/samuel/Learning_ROS/final_project_ros2_ws/install/turtlesim_project_interfaces/share/turtlesim_project_interfaces/cmake/export_turtlesim_project_interfaces__rosidl_generator_pyExport.cmake
[2.642s] -- Up-to-date: /home/samuel/Learning_ROS/final_project_ros2_ws/install/turtlesim_project_interfaces/share/turtlesim_project_interfaces/cmake/export_turtlesim_project_interfaces__rosidl_generator_pyExport-noconfig.cmake
[2.642s] -- Up-to-date: /home/samuel/Learning_ROS/final_project_ros2_ws/install/turtlesim_project_interfaces/share/turtlesim_project_interfaces/cmake/rosidl_cmake-extras.cmake
[2.642s] -- Up-to-date: /home/samuel/Learning_ROS/final_project_ros2_ws/install/turtlesim_project_interfaces/share/turtlesim_project_interfaces/cmake/ament_cmake_export_include_directories-extras.cmake
[2.642s] -- Up-to-date: /home/samuel/Learning_ROS/final_project_ros2_ws/install/turtlesim_project_interfaces/share/turtlesim_project_interfaces/cmake/ament_cmake_export_libraries-extras.cmake
[2.642s] -- Up-to-date: /home/samuel/Learning_ROS/final_project_ros2_ws/install/turtlesim_project_interfaces/share/turtlesim_project_interfaces/cmake/ament_cmake_export_targets-extras.cmake
[2.642s] -- Up-to-date: /home/samuel/Learning_ROS/final_project_ros2_ws/install/turtlesim_project_interfaces/share/turtlesim_project_interfaces/cmake/rosidl_cmake_export_typesupport_targets-extras.cmake
[2.642s] -- Up-to-date: /home/samuel/Learning_ROS/final_project_ros2_ws/install/turtlesim_project_interfaces/share/turtlesim_project_interfaces/cmake/ament_cmake_export_dependencies-extras.cmake
[2.642s] -- Up-to-date: /home/samuel/Learning_ROS/final_project_ros2_ws/install/turtlesim_project_interfaces/share/turtlesim_project_interfaces/cmake/rosidl_cmake_export_typesupport_libraries-extras.cmake
[2.643s] -- Up-to-date: /home/samuel/Learning_ROS/final_project_ros2_ws/install/turtlesim_project_interfaces/share/turtlesim_project_interfaces/cmake/turtlesim_project_interfacesConfig.cmake
[2.643s] -- Up-to-date: /home/samuel/Learning_ROS/final_project_ros2_ws/install/turtlesim_project_interfaces/share/turtlesim_project_interfaces/cmake/turtlesim_project_interfacesConfig-version.cmake
[2.643s] -- Up-to-date: /home/samuel/Learning_ROS/final_project_ros2_ws/install/turtlesim_project_interfaces/share/turtlesim_project_interfaces/package.xml
[2.644s] Invoked command in '/home/samuel/Learning_ROS/final_project_ros2_ws/build/turtlesim_project_interfaces' returned '0': CMAKE_PREFIX_PATH=${CMAKE_PREFIX_PATH}:/home/samuel/Learning_ROS/final_project_ros2_ws/install/turtle_sim_catch_them_all:/home/samuel/Learning_ROS/ros_ws1/install/my_py_pkg:/opt/ros/humble /usr/bin/cmake --install /home/samuel/Learning_ROS/final_project_ros2_ws/build/turtlesim_project_interfaces
