/home/samuel/Learning_ROS/ros_ws1/install/my_py_pkg/lib/python3.10/site-packages/my_py_pkg/smartphone.py
/home/samuel/Learning_ROS/ros_ws1/install/my_py_pkg/lib/python3.10/site-packages/my_py_pkg/battery_node.py
/home/samuel/Learning_ROS/ros_ws1/install/my_py_pkg/lib/python3.10/site-packages/my_py_pkg/number_publisher_node.py
/home/samuel/Learning_ROS/ros_ws1/install/my_py_pkg/lib/python3.10/site-packages/my_py_pkg/number_counter_node.py
/home/samuel/Learning_ROS/ros_ws1/install/my_py_pkg/lib/python3.10/site-packages/my_py_pkg/led_panel_node.py
/home/samuel/Learning_ROS/ros_ws1/install/my_py_pkg/lib/python3.10/site-packages/my_py_pkg/__init__.py
/home/samuel/Learning_ROS/ros_ws1/install/my_py_pkg/lib/python3.10/site-packages/my_py_pkg/add_two_ints_client.py
/home/samuel/Learning_ROS/ros_ws1/install/my_py_pkg/lib/python3.10/site-packages/my_py_pkg/add_two_ints_server.py
/home/samuel/Learning_ROS/ros_ws1/install/my_py_pkg/lib/python3.10/site-packages/my_py_pkg/add_two_ints_client_no_oop.py
/home/samuel/Learning_ROS/ros_ws1/install/my_py_pkg/lib/python3.10/site-packages/my_py_pkg/hw_status_publisher.py
/home/samuel/Learning_ROS/ros_ws1/install/my_py_pkg/lib/python3.10/site-packages/my_py_pkg/my_first_node.py
/home/samuel/Learning_ROS/ros_ws1/install/my_py_pkg/lib/python3.10/site-packages/my_py_pkg/template_python_client_node.py
/home/samuel/Learning_ROS/ros_ws1/install/my_py_pkg/lib/python3.10/site-packages/my_py_pkg/robot_news_station.py
/home/samuel/Learning_ROS/ros_ws1/install/my_py_pkg/lib/python3.10/site-packages/my_py_pkg/reset_counter_client_node.py
/home/samuel/Learning_ROS/ros_ws1/install/my_py_pkg/lib/python3.10/site-packages/my_py_pkg/template_python_node.py
/home/samuel/Learning_ROS/ros_ws1/install/my_py_pkg/lib/python3.10/site-packages/my_py_pkg/__pycache__/smartphone.cpython-310.pyc
/home/samuel/Learning_ROS/ros_ws1/install/my_py_pkg/lib/python3.10/site-packages/my_py_pkg/__pycache__/battery_node.cpython-310.pyc
/home/samuel/Learning_ROS/ros_ws1/install/my_py_pkg/lib/python3.10/site-packages/my_py_pkg/__pycache__/number_publisher_node.cpython-310.pyc
/home/samuel/Learning_ROS/ros_ws1/install/my_py_pkg/lib/python3.10/site-packages/my_py_pkg/__pycache__/number_counter_node.cpython-310.pyc
/home/samuel/Learning_ROS/ros_ws1/install/my_py_pkg/lib/python3.10/site-packages/my_py_pkg/__pycache__/led_panel_node.cpython-310.pyc
/home/samuel/Learning_ROS/ros_ws1/install/my_py_pkg/lib/python3.10/site-packages/my_py_pkg/__pycache__/__init__.cpython-310.pyc
/home/samuel/Learning_ROS/ros_ws1/install/my_py_pkg/lib/python3.10/site-packages/my_py_pkg/__pycache__/add_two_ints_client.cpython-310.pyc
/home/samuel/Learning_ROS/ros_ws1/install/my_py_pkg/lib/python3.10/site-packages/my_py_pkg/__pycache__/add_two_ints_server.cpython-310.pyc
/home/samuel/Learning_ROS/ros_ws1/install/my_py_pkg/lib/python3.10/site-packages/my_py_pkg/__pycache__/add_two_ints_client_no_oop.cpython-310.pyc
/home/samuel/Learning_ROS/ros_ws1/install/my_py_pkg/lib/python3.10/site-packages/my_py_pkg/__pycache__/hw_status_publisher.cpython-310.pyc
/home/samuel/Learning_ROS/ros_ws1/install/my_py_pkg/lib/python3.10/site-packages/my_py_pkg/__pycache__/my_first_node.cpython-310.pyc
/home/samuel/Learning_ROS/ros_ws1/install/my_py_pkg/lib/python3.10/site-packages/my_py_pkg/__pycache__/template_python_client_node.cpython-310.pyc
/home/samuel/Learning_ROS/ros_ws1/install/my_py_pkg/lib/python3.10/site-packages/my_py_pkg/__pycache__/robot_news_station.cpython-310.pyc
/home/samuel/Learning_ROS/ros_ws1/install/my_py_pkg/lib/python3.10/site-packages/my_py_pkg/__pycache__/reset_counter_client_node.cpython-310.pyc
/home/samuel/Learning_ROS/ros_ws1/install/my_py_pkg/lib/python3.10/site-packages/my_py_pkg/__pycache__/template_python_node.cpython-310.pyc
/home/samuel/Learning_ROS/ros_ws1/install/my_py_pkg/share/ament_index/resource_index/packages/my_py_pkg
/home/samuel/Learning_ROS/ros_ws1/install/my_py_pkg/share/my_py_pkg/package.xml
/home/samuel/Learning_ROS/ros_ws1/install/my_py_pkg/lib/python3.10/site-packages/my_py_pkg-0.0.0-py3.10.egg-info/requires.txt
/home/samuel/Learning_ROS/ros_ws1/install/my_py_pkg/lib/python3.10/site-packages/my_py_pkg-0.0.0-py3.10.egg-info/dependency_links.txt
/home/samuel/Learning_ROS/ros_ws1/install/my_py_pkg/lib/python3.10/site-packages/my_py_pkg-0.0.0-py3.10.egg-info/SOURCES.txt
/home/samuel/Learning_ROS/ros_ws1/install/my_py_pkg/lib/python3.10/site-packages/my_py_pkg-0.0.0-py3.10.egg-info/zip-safe
/home/samuel/Learning_ROS/ros_ws1/install/my_py_pkg/lib/python3.10/site-packages/my_py_pkg-0.0.0-py3.10.egg-info/entry_points.txt
/home/samuel/Learning_ROS/ros_ws1/install/my_py_pkg/lib/python3.10/site-packages/my_py_pkg-0.0.0-py3.10.egg-info/top_level.txt
/home/samuel/Learning_ROS/ros_ws1/install/my_py_pkg/lib/python3.10/site-packages/my_py_pkg-0.0.0-py3.10.egg-info/PKG-INFO
/home/samuel/Learning_ROS/ros_ws1/install/my_py_pkg/lib/my_py_pkg/add_two_ints_client
/home/samuel/Learning_ROS/ros_ws1/install/my_py_pkg/lib/my_py_pkg/add_two_ints_client_no_oop
/home/samuel/Learning_ROS/ros_ws1/install/my_py_pkg/lib/my_py_pkg/add_two_ints_server
/home/samuel/Learning_ROS/ros_ws1/install/my_py_pkg/lib/my_py_pkg/battery_node
/home/samuel/Learning_ROS/ros_ws1/install/my_py_pkg/lib/my_py_pkg/hw_status_publisher
/home/samuel/Learning_ROS/ros_ws1/install/my_py_pkg/lib/my_py_pkg/led_panel_node
/home/samuel/Learning_ROS/ros_ws1/install/my_py_pkg/lib/my_py_pkg/number_counter
/home/samuel/Learning_ROS/ros_ws1/install/my_py_pkg/lib/my_py_pkg/number_publisher
/home/samuel/Learning_ROS/ros_ws1/install/my_py_pkg/lib/my_py_pkg/py_node
/home/samuel/Learning_ROS/ros_ws1/install/my_py_pkg/lib/my_py_pkg/reset_counter_client_node
/home/samuel/Learning_ROS/ros_ws1/install/my_py_pkg/lib/my_py_pkg/robot_news_station
/home/samuel/Learning_ROS/ros_ws1/install/my_py_pkg/lib/my_py_pkg/smartphone
