running egg_info
writing ../../build/turtle_sim_catch_them_all/turtle_sim_catch_them_all.egg-info/PKG-INFO
writing dependency_links to ../../build/turtle_sim_catch_them_all/turtle_sim_catch_them_all.egg-info/dependency_links.txt
writing entry points to ../../build/turtle_sim_catch_them_all/turtle_sim_catch_them_all.egg-info/entry_points.txt
writing requirements to ../../build/turtle_sim_catch_them_all/turtle_sim_catch_them_all.egg-info/requires.txt
writing top-level names to ../../build/turtle_sim_catch_them_all/turtle_sim_catch_them_all.egg-info/top_level.txt
reading manifest file '../../build/turtle_sim_catch_them_all/turtle_sim_catch_them_all.egg-info/SOURCES.txt'
writing manifest file '../../build/turtle_sim_catch_them_all/turtle_sim_catch_them_all.egg-info/SOURCES.txt'
running build
running build_py
copying turtle_sim_catch_them_all/turtle_controller.py -> /home/samuel/Learning_ROS/final_project_ros2_ws/build/turtle_sim_catch_them_all/build/lib/turtle_sim_catch_them_all
running install
running install_lib
copying /home/samuel/Learning_ROS/final_project_ros2_ws/build/turtle_sim_catch_them_all/build/lib/turtle_sim_catch_them_all/turtle_controller.py -> /home/samuel/Learning_ROS/final_project_ros2_ws/install/turtle_sim_catch_them_all/lib/python3.10/site-packages/turtle_sim_catch_them_all
byte-compiling /home/samuel/Learning_ROS/final_project_ros2_ws/install/turtle_sim_catch_them_all/lib/python3.10/site-packages/turtle_sim_catch_them_all/turtle_controller.py to turtle_controller.cpython-310.pyc
running install_data
running install_egg_info
removing '/home/samuel/Learning_ROS/final_project_ros2_ws/install/turtle_sim_catch_them_all/lib/python3.10/site-packages/turtle_sim_catch_them_all-0.0.0-py3.10.egg-info' (and everything under it)
Copying ../../build/turtle_sim_catch_them_all/turtle_sim_catch_them_all.egg-info to /home/samuel/Learning_ROS/final_project_ros2_ws/install/turtle_sim_catch_them_all/lib/python3.10/site-packages/turtle_sim_catch_them_all-0.0.0-py3.10.egg-info
running install_scripts
Installing turtle_controller script to /home/samuel/Learning_ROS/final_project_ros2_ws/install/turtle_sim_catch_them_all/lib/turtle_sim_catch_them_all
writing list of installed files to '/home/samuel/Learning_ROS/final_project_ros2_ws/build/turtle_sim_catch_them_all/install.log'
