[2.194s] Invoking command in '/root/ros2_ws/build/my_py_pkg': PYTHONPATH=/root/ros2_ws/build/my_py_pkg/prefix_override:/usr/lib/python3/dist-packages/colcon_core/task/python/colcon_distutils_commands:/root/ros2_ws/install/my_py_pkg/lib/python3.10/site-packages:${PYTHONPATH} /usr/bin/python3 -W ignore:setup.py install is deprecated setup.py develop --editable --build-directory /root/ros2_ws/build/my_py_pkg/build --no-deps symlink_data
[2.954s] running develop
[3.565s] running egg_info
[3.568s] writing my_py_pkg.egg-info/PKG-INFO
[3.570s] writing dependency_links to my_py_pkg.egg-info/dependency_links.txt
[3.583s] writing entry points to my_py_pkg.egg-info/entry_points.txt
[3.601s] writing requirements to my_py_pkg.egg-info/requires.txt
[3.616s] writing top-level names to my_py_pkg.egg-info/top_level.txt
[3.665s] reading manifest file 'my_py_pkg.egg-info/SOURCES.txt'
[3.692s] writing manifest file 'my_py_pkg.egg-info/SOURCES.txt'
[3.698s] running build_ext
[3.703s] Creating /root/ros2_ws/install/my_py_pkg/lib/python3.10/site-packages/my-py-pkg.egg-link (link to .)
[3.710s] Installing add_two_ints_client script to /root/ros2_ws/install/my_py_pkg/lib/my_py_pkg
[3.717s] Installing add_two_ints_client_no_oop script to /root/ros2_ws/install/my_py_pkg/lib/my_py_pkg
[3.731s] Installing add_two_ints_server script to /root/ros2_ws/install/my_py_pkg/lib/my_py_pkg
[3.740s] Installing battery_node script to /root/ros2_ws/install/my_py_pkg/lib/my_py_pkg
[3.755s] Installing hw_status_publisher script to /root/ros2_ws/install/my_py_pkg/lib/my_py_pkg
[3.763s] Installing led_panel_node script to /root/ros2_ws/install/my_py_pkg/lib/my_py_pkg
[3.774s] Installing number_counter script to /root/ros2_ws/install/my_py_pkg/lib/my_py_pkg
[3.780s] Installing number_publisher script to /root/ros2_ws/install/my_py_pkg/lib/my_py_pkg
[3.788s] Installing py_node script to /root/ros2_ws/install/my_py_pkg/lib/my_py_pkg
[3.795s] Installing reset_counter_client_node script to /root/ros2_ws/install/my_py_pkg/lib/my_py_pkg
[3.800s] Installing robot_news_station script to /root/ros2_ws/install/my_py_pkg/lib/my_py_pkg
[3.809s] Installing smartphone script to /root/ros2_ws/install/my_py_pkg/lib/my_py_pkg
[3.819s] 
[3.823s] Installed /root/ros2_ws/build/my_py_pkg
[3.825s] running symlink_data
[3.901s] Invoked command in '/root/ros2_ws/build/my_py_pkg' returned '0': PYTHONPATH=/root/ros2_ws/build/my_py_pkg/prefix_override:/usr/lib/python3/dist-packages/colcon_core/task/python/colcon_distutils_commands:/root/ros2_ws/install/my_py_pkg/lib/python3.10/site-packages:${PYTHONPATH} /usr/bin/python3 -W ignore:setup.py install is deprecated setup.py develop --editable --build-directory /root/ros2_ws/build/my_py_pkg/build --no-deps symlink_data
