[0.492s] Invoking command in '/home/samuel/Learning_ROS/ros_ws1/src/my_py_pkg': PYTHONPATH=/home/samuel/Learning_ROS/ros_ws1/build/my_py_pkg/prefix_override:/usr/lib/python3/dist-packages/colcon_core/task/python/colcon_distutils_commands:/home/samuel/Learning_ROS/ros_ws1/install/my_py_pkg/lib/python3.10/site-packages:${PYTHONPATH} /usr/bin/python3 -W ignore:setup.py install is deprecated setup.py egg_info --egg-base ../../build/my_py_pkg build --build-base /home/samuel/Learning_ROS/ros_ws1/build/my_py_pkg/build install --record /home/samuel/Learning_ROS/ros_ws1/build/my_py_pkg/install.log --single-version-externally-managed install_data
[0.681s] running egg_info
[0.681s] creating ../../build/my_py_pkg/my_py_pkg.egg-info
[0.682s] writing ../../build/my_py_pkg/my_py_pkg.egg-info/PKG-INFO
[0.682s] writing dependency_links to ../../build/my_py_pkg/my_py_pkg.egg-info/dependency_links.txt
[0.682s] writing entry points to ../../build/my_py_pkg/my_py_pkg.egg-info/entry_points.txt
[0.682s] writing requirements to ../../build/my_py_pkg/my_py_pkg.egg-info/requires.txt
[0.682s] writing top-level names to ../../build/my_py_pkg/my_py_pkg.egg-info/top_level.txt
[0.682s] writing manifest file '../../build/my_py_pkg/my_py_pkg.egg-info/SOURCES.txt'
[0.683s] reading manifest file '../../build/my_py_pkg/my_py_pkg.egg-info/SOURCES.txt'
[0.684s] writing manifest file '../../build/my_py_pkg/my_py_pkg.egg-info/SOURCES.txt'
[0.684s] running build
[0.684s] running build_py
[0.684s] creating /home/samuel/Learning_ROS/ros_ws1/build/my_py_pkg/build
[0.684s] creating /home/samuel/Learning_ROS/ros_ws1/build/my_py_pkg/build/lib
[0.684s] creating /home/samuel/Learning_ROS/ros_ws1/build/my_py_pkg/build/lib/my_py_pkg
[0.684s] copying my_py_pkg/smartphone.py -> /home/samuel/Learning_ROS/ros_ws1/build/my_py_pkg/build/lib/my_py_pkg
[0.685s] copying my_py_pkg/battery_node.py -> /home/samuel/Learning_ROS/ros_ws1/build/my_py_pkg/build/lib/my_py_pkg
[0.685s] copying my_py_pkg/number_publisher_node.py -> /home/samuel/Learning_ROS/ros_ws1/build/my_py_pkg/build/lib/my_py_pkg
[0.685s] copying my_py_pkg/number_counter_node.py -> /home/samuel/Learning_ROS/ros_ws1/build/my_py_pkg/build/lib/my_py_pkg
[0.685s] copying my_py_pkg/led_panel_node.py -> /home/samuel/Learning_ROS/ros_ws1/build/my_py_pkg/build/lib/my_py_pkg
[0.685s] copying my_py_pkg/__init__.py -> /home/samuel/Learning_ROS/ros_ws1/build/my_py_pkg/build/lib/my_py_pkg
[0.685s] copying my_py_pkg/add_two_ints_client.py -> /home/samuel/Learning_ROS/ros_ws1/build/my_py_pkg/build/lib/my_py_pkg
[0.685s] copying my_py_pkg/add_two_ints_server.py -> /home/samuel/Learning_ROS/ros_ws1/build/my_py_pkg/build/lib/my_py_pkg
[0.685s] copying my_py_pkg/add_two_ints_client_no_oop.py -> /home/samuel/Learning_ROS/ros_ws1/build/my_py_pkg/build/lib/my_py_pkg
[0.685s] copying my_py_pkg/hw_status_publisher.py -> /home/samuel/Learning_ROS/ros_ws1/build/my_py_pkg/build/lib/my_py_pkg
[0.685s] copying my_py_pkg/my_first_node.py -> /home/samuel/Learning_ROS/ros_ws1/build/my_py_pkg/build/lib/my_py_pkg
[0.686s] copying my_py_pkg/template_python_client_node.py -> /home/samuel/Learning_ROS/ros_ws1/build/my_py_pkg/build/lib/my_py_pkg
[0.686s] copying my_py_pkg/robot_news_station.py -> /home/samuel/Learning_ROS/ros_ws1/build/my_py_pkg/build/lib/my_py_pkg
[0.686s] copying my_py_pkg/reset_counter_client_node.py -> /home/samuel/Learning_ROS/ros_ws1/build/my_py_pkg/build/lib/my_py_pkg
[0.686s] copying my_py_pkg/template_python_node.py -> /home/samuel/Learning_ROS/ros_ws1/build/my_py_pkg/build/lib/my_py_pkg
[0.686s] running install
[0.686s] running install_lib
[0.687s] creating /home/samuel/Learning_ROS/ros_ws1/install/my_py_pkg/lib/python3.10/site-packages/my_py_pkg
[0.687s] copying /home/samuel/Learning_ROS/ros_ws1/build/my_py_pkg/build/lib/my_py_pkg/smartphone.py -> /home/samuel/Learning_ROS/ros_ws1/install/my_py_pkg/lib/python3.10/site-packages/my_py_pkg
[0.687s] copying /home/samuel/Learning_ROS/ros_ws1/build/my_py_pkg/build/lib/my_py_pkg/battery_node.py -> /home/samuel/Learning_ROS/ros_ws1/install/my_py_pkg/lib/python3.10/site-packages/my_py_pkg
[0.687s] copying /home/samuel/Learning_ROS/ros_ws1/build/my_py_pkg/build/lib/my_py_pkg/number_publisher_node.py -> /home/samuel/Learning_ROS/ros_ws1/install/my_py_pkg/lib/python3.10/site-packages/my_py_pkg
[0.687s] copying /home/samuel/Learning_ROS/ros_ws1/build/my_py_pkg/build/lib/my_py_pkg/number_counter_node.py -> /home/samuel/Learning_ROS/ros_ws1/install/my_py_pkg/lib/python3.10/site-packages/my_py_pkg
[0.687s] copying /home/samuel/Learning_ROS/ros_ws1/build/my_py_pkg/build/lib/my_py_pkg/led_panel_node.py -> /home/samuel/Learning_ROS/ros_ws1/install/my_py_pkg/lib/python3.10/site-packages/my_py_pkg
[0.687s] copying /home/samuel/Learning_ROS/ros_ws1/build/my_py_pkg/build/lib/my_py_pkg/__init__.py -> /home/samuel/Learning_ROS/ros_ws1/install/my_py_pkg/lib/python3.10/site-packages/my_py_pkg
[0.687s] copying /home/samuel/Learning_ROS/ros_ws1/build/my_py_pkg/build/lib/my_py_pkg/add_two_ints_client.py -> /home/samuel/Learning_ROS/ros_ws1/install/my_py_pkg/lib/python3.10/site-packages/my_py_pkg
[0.687s] copying /home/samuel/Learning_ROS/ros_ws1/build/my_py_pkg/build/lib/my_py_pkg/add_two_ints_server.py -> /home/samuel/Learning_ROS/ros_ws1/install/my_py_pkg/lib/python3.10/site-packages/my_py_pkg
[0.688s] copying /home/samuel/Learning_ROS/ros_ws1/build/my_py_pkg/build/lib/my_py_pkg/add_two_ints_client_no_oop.py -> /home/samuel/Learning_ROS/ros_ws1/install/my_py_pkg/lib/python3.10/site-packages/my_py_pkg
[0.688s] copying /home/samuel/Learning_ROS/ros_ws1/build/my_py_pkg/build/lib/my_py_pkg/hw_status_publisher.py -> /home/samuel/Learning_ROS/ros_ws1/install/my_py_pkg/lib/python3.10/site-packages/my_py_pkg
[0.688s] copying /home/samuel/Learning_ROS/ros_ws1/build/my_py_pkg/build/lib/my_py_pkg/my_first_node.py -> /home/samuel/Learning_ROS/ros_ws1/install/my_py_pkg/lib/python3.10/site-packages/my_py_pkg
[0.688s] copying /home/samuel/Learning_ROS/ros_ws1/build/my_py_pkg/build/lib/my_py_pkg/template_python_client_node.py -> /home/samuel/Learning_ROS/ros_ws1/install/my_py_pkg/lib/python3.10/site-packages/my_py_pkg
[0.688s] copying /home/samuel/Learning_ROS/ros_ws1/build/my_py_pkg/build/lib/my_py_pkg/robot_news_station.py -> /home/samuel/Learning_ROS/ros_ws1/install/my_py_pkg/lib/python3.10/site-packages/my_py_pkg
[0.688s] copying /home/samuel/Learning_ROS/ros_ws1/build/my_py_pkg/build/lib/my_py_pkg/reset_counter_client_node.py -> /home/samuel/Learning_ROS/ros_ws1/install/my_py_pkg/lib/python3.10/site-packages/my_py_pkg
[0.688s] copying /home/samuel/Learning_ROS/ros_ws1/build/my_py_pkg/build/lib/my_py_pkg/template_python_node.py -> /home/samuel/Learning_ROS/ros_ws1/install/my_py_pkg/lib/python3.10/site-packages/my_py_pkg
[0.688s] byte-compiling /home/samuel/Learning_ROS/ros_ws1/install/my_py_pkg/lib/python3.10/site-packages/my_py_pkg/smartphone.py to smartphone.cpython-310.pyc
[0.689s] byte-compiling /home/samuel/Learning_ROS/ros_ws1/install/my_py_pkg/lib/python3.10/site-packages/my_py_pkg/battery_node.py to battery_node.cpython-310.pyc
[0.689s] byte-compiling /home/samuel/Learning_ROS/ros_ws1/install/my_py_pkg/lib/python3.10/site-packages/my_py_pkg/number_publisher_node.py to number_publisher_node.cpython-310.pyc
[0.689s] byte-compiling /home/samuel/Learning_ROS/ros_ws1/install/my_py_pkg/lib/python3.10/site-packages/my_py_pkg/number_counter_node.py to number_counter_node.cpython-310.pyc
[0.690s] byte-compiling /home/samuel/Learning_ROS/ros_ws1/install/my_py_pkg/lib/python3.10/site-packages/my_py_pkg/led_panel_node.py to led_panel_node.cpython-310.pyc
[0.690s] byte-compiling /home/samuel/Learning_ROS/ros_ws1/install/my_py_pkg/lib/python3.10/site-packages/my_py_pkg/__init__.py to __init__.cpython-310.pyc
[0.690s] byte-compiling /home/samuel/Learning_ROS/ros_ws1/install/my_py_pkg/lib/python3.10/site-packages/my_py_pkg/add_two_ints_client.py to add_two_ints_client.cpython-310.pyc
[0.691s] byte-compiling /home/samuel/Learning_ROS/ros_ws1/install/my_py_pkg/lib/python3.10/site-packages/my_py_pkg/add_two_ints_server.py to add_two_ints_server.cpython-310.pyc
[0.691s] byte-compiling /home/samuel/Learning_ROS/ros_ws1/install/my_py_pkg/lib/python3.10/site-packages/my_py_pkg/add_two_ints_client_no_oop.py to add_two_ints_client_no_oop.cpython-310.pyc
[0.691s] byte-compiling /home/samuel/Learning_ROS/ros_ws1/install/my_py_pkg/lib/python3.10/site-packages/my_py_pkg/hw_status_publisher.py to hw_status_publisher.cpython-310.pyc
[0.691s] byte-compiling /home/samuel/Learning_ROS/ros_ws1/install/my_py_pkg/lib/python3.10/site-packages/my_py_pkg/my_first_node.py to my_first_node.cpython-310.pyc
[0.692s] byte-compiling /home/samuel/Learning_ROS/ros_ws1/install/my_py_pkg/lib/python3.10/site-packages/my_py_pkg/template_python_client_node.py to template_python_client_node.cpython-310.pyc
[0.692s] byte-compiling /home/samuel/Learning_ROS/ros_ws1/install/my_py_pkg/lib/python3.10/site-packages/my_py_pkg/robot_news_station.py to robot_news_station.cpython-310.pyc
[0.692s] byte-compiling /home/samuel/Learning_ROS/ros_ws1/install/my_py_pkg/lib/python3.10/site-packages/my_py_pkg/reset_counter_client_node.py to reset_counter_client_node.cpython-310.pyc
[0.693s] byte-compiling /home/samuel/Learning_ROS/ros_ws1/install/my_py_pkg/lib/python3.10/site-packages/my_py_pkg/template_python_node.py to template_python_node.cpython-310.pyc
[0.693s] running install_data
[0.693s] creating /home/samuel/Learning_ROS/ros_ws1/install/my_py_pkg/share/ament_index
[0.693s] creating /home/samuel/Learning_ROS/ros_ws1/install/my_py_pkg/share/ament_index/resource_index
[0.693s] creating /home/samuel/Learning_ROS/ros_ws1/install/my_py_pkg/share/ament_index/resource_index/packages
[0.693s] copying resource/my_py_pkg -> /home/samuel/Learning_ROS/ros_ws1/install/my_py_pkg/share/ament_index/resource_index/packages
[0.693s] copying package.xml -> /home/samuel/Learning_ROS/ros_ws1/install/my_py_pkg/share/my_py_pkg
[0.693s] running install_egg_info
[0.694s] Copying ../../build/my_py_pkg/my_py_pkg.egg-info to /home/samuel/Learning_ROS/ros_ws1/install/my_py_pkg/lib/python3.10/site-packages/my_py_pkg-0.0.0-py3.10.egg-info
[0.695s] running install_scripts
[0.709s] Installing add_two_ints_client script to /home/samuel/Learning_ROS/ros_ws1/install/my_py_pkg/lib/my_py_pkg
[0.709s] Installing add_two_ints_client_no_oop script to /home/samuel/Learning_ROS/ros_ws1/install/my_py_pkg/lib/my_py_pkg
[0.710s] Installing add_two_ints_server script to /home/samuel/Learning_ROS/ros_ws1/install/my_py_pkg/lib/my_py_pkg
[0.710s] Installing battery_node script to /home/samuel/Learning_ROS/ros_ws1/install/my_py_pkg/lib/my_py_pkg
[0.710s] Installing hw_status_publisher script to /home/samuel/Learning_ROS/ros_ws1/install/my_py_pkg/lib/my_py_pkg
[0.710s] Installing led_panel_node script to /home/samuel/Learning_ROS/ros_ws1/install/my_py_pkg/lib/my_py_pkg
[0.710s] Installing number_counter script to /home/samuel/Learning_ROS/ros_ws1/install/my_py_pkg/lib/my_py_pkg
[0.710s] Installing number_publisher script to /home/samuel/Learning_ROS/ros_ws1/install/my_py_pkg/lib/my_py_pkg
[0.710s] Installing py_node script to /home/samuel/Learning_ROS/ros_ws1/install/my_py_pkg/lib/my_py_pkg
[0.710s] Installing reset_counter_client_node script to /home/samuel/Learning_ROS/ros_ws1/install/my_py_pkg/lib/my_py_pkg
[0.710s] Installing robot_news_station script to /home/samuel/Learning_ROS/ros_ws1/install/my_py_pkg/lib/my_py_pkg
[0.710s] Installing smartphone script to /home/samuel/Learning_ROS/ros_ws1/install/my_py_pkg/lib/my_py_pkg
[0.711s] writing list of installed files to '/home/samuel/Learning_ROS/ros_ws1/build/my_py_pkg/install.log'
[0.728s] Invoked command in '/home/samuel/Learning_ROS/ros_ws1/src/my_py_pkg' returned '0': PYTHONPATH=/home/samuel/Learning_ROS/ros_ws1/build/my_py_pkg/prefix_override:/usr/lib/python3/dist-packages/colcon_core/task/python/colcon_distutils_commands:/home/samuel/Learning_ROS/ros_ws1/install/my_py_pkg/lib/python3.10/site-packages:${PYTHONPATH} /usr/bin/python3 -W ignore:setup.py install is deprecated setup.py egg_info --egg-base ../../build/my_py_pkg build --build-base /home/samuel/Learning_ROS/ros_ws1/build/my_py_pkg/build install --record /home/samuel/Learning_ROS/ros_ws1/build/my_py_pkg/install.log --single-version-externally-managed install_data
