[0.074s] DEBUG:colcon:Command line arguments: ['/usr/bin/colcon', 'build']
[0.074s] DEBUG:colcon:Parsed command line arguments: Namespace(log_base=None, log_level=None, verb_name='build', build_base='build', install_base='install', merge_install=False, symlink_install=False, test_result_base=None, continue_on_error=False, executor='parallel', parallel_workers=12, event_handlers=None, ignore_user_meta=False, metas=['./colcon.meta'], base_paths=['.'], packages_ignore=None, packages_ignore_regex=None, paths=None, packages_up_to=None, packages_up_to_regex=None, packages_above=None, packages_above_and_dependencies=None, packages_above_depth=None, packages_select_by_dep=None, packages_skip_by_dep=None, packages_skip_up_to=None, packages_select_build_failed=False, packages_skip_build_finished=False, packages_select_test_failures=False, packages_skip_test_passed=False, packages_select=None, packages_skip=None, packages_select_regex=None, packages_skip_regex=None, packages_start=None, packages_end=None, cmake_args=None, cmake_target=None, cmake_target_skip_unavailable=False, cmake_clean_cache=False, cmake_clean_first=False, cmake_force_configure=False, ament_cmake_args=None, catkin_cmake_args=None, catkin_skip_building_tests=False, verb_parser=<colcon_defaults.argument_parser.defaults.DefaultArgumentsDecorator object at 0x7edf9ac50a30>, verb_extension=<colcon_core.verb.build.BuildVerb object at 0x7edf9ac505e0>, main=<bound method BuildVerb.main of <colcon_core.verb.build.BuildVerb object at 0x7edf9ac505e0>>)
[0.194s] Level 1:colcon.colcon_core.package_discovery:discover_packages(colcon_meta) check parameters
[0.194s] Level 1:colcon.colcon_core.package_discovery:discover_packages(recursive) check parameters
[0.194s] Level 1:colcon.colcon_core.package_discovery:discover_packages(ignore) check parameters
[0.194s] Level 1:colcon.colcon_core.package_discovery:discover_packages(path) check parameters
[0.194s] Level 1:colcon.colcon_core.package_discovery:discover_packages(colcon_meta) discover
[0.194s] Level 1:colcon.colcon_core.package_discovery:discover_packages(recursive) discover
[0.194s] INFO:colcon.colcon_core.package_discovery:Crawling recursively for packages in '/home/samuel/Learning_ROS/ros_ws1'
[0.194s] Level 1:colcon.colcon_core.package_identification:_identify(.) by extensions ['ignore', 'ignore_ament_install']
[0.194s] Level 1:colcon.colcon_core.package_identification:_identify(.) by extension 'ignore'
[0.194s] Level 1:colcon.colcon_core.package_identification:_identify(.) by extension 'ignore_ament_install'
[0.194s] Level 1:colcon.colcon_core.package_identification:_identify(.) by extensions ['colcon_pkg']
[0.194s] Level 1:colcon.colcon_core.package_identification:_identify(.) by extension 'colcon_pkg'
[0.194s] Level 1:colcon.colcon_core.package_identification:_identify(.) by extensions ['colcon_meta']
[0.194s] Level 1:colcon.colcon_core.package_identification:_identify(.) by extension 'colcon_meta'
[0.194s] Level 1:colcon.colcon_core.package_identification:_identify(.) by extensions ['ros']
[0.194s] Level 1:colcon.colcon_core.package_identification:_identify(.) by extension 'ros'
[0.202s] Level 1:colcon.colcon_core.package_identification:_identify(.) by extensions ['cmake', 'python']
[0.203s] Level 1:colcon.colcon_core.package_identification:_identify(.) by extension 'cmake'
[0.203s] Level 1:colcon.colcon_core.package_identification:_identify(.) by extension 'python'
[0.203s] Level 1:colcon.colcon_core.package_identification:_identify(.) by extensions ['python_setup_py']
[0.203s] Level 1:colcon.colcon_core.package_identification:_identify(.) by extension 'python_setup_py'
[0.203s] Level 1:colcon.colcon_core.package_identification:_identify(build) by extensions ['ignore', 'ignore_ament_install']
[0.203s] Level 1:colcon.colcon_core.package_identification:_identify(build) by extension 'ignore'
[0.203s] Level 1:colcon.colcon_core.package_identification:_identify(build) ignored
[0.203s] Level 1:colcon.colcon_core.package_identification:_identify(install) by extensions ['ignore', 'ignore_ament_install']
[0.203s] Level 1:colcon.colcon_core.package_identification:_identify(install) by extension 'ignore'
[0.203s] Level 1:colcon.colcon_core.package_identification:_identify(install) ignored
[0.203s] Level 1:colcon.colcon_core.package_identification:_identify(log) by extensions ['ignore', 'ignore_ament_install']
[0.203s] Level 1:colcon.colcon_core.package_identification:_identify(log) by extension 'ignore'
[0.203s] Level 1:colcon.colcon_core.package_identification:_identify(log) ignored
[0.203s] Level 1:colcon.colcon_core.package_identification:_identify(src) by extensions ['ignore', 'ignore_ament_install']
[0.203s] Level 1:colcon.colcon_core.package_identification:_identify(src) by extension 'ignore'
[0.203s] Level 1:colcon.colcon_core.package_identification:_identify(src) by extension 'ignore_ament_install'
[0.203s] Level 1:colcon.colcon_core.package_identification:_identify(src) by extensions ['colcon_pkg']
[0.203s] Level 1:colcon.colcon_core.package_identification:_identify(src) by extension 'colcon_pkg'
[0.203s] Level 1:colcon.colcon_core.package_identification:_identify(src) by extensions ['colcon_meta']
[0.203s] Level 1:colcon.colcon_core.package_identification:_identify(src) by extension 'colcon_meta'
[0.203s] Level 1:colcon.colcon_core.package_identification:_identify(src) by extensions ['ros']
[0.203s] Level 1:colcon.colcon_core.package_identification:_identify(src) by extension 'ros'
[0.203s] Level 1:colcon.colcon_core.package_identification:_identify(src) by extensions ['cmake', 'python']
[0.203s] Level 1:colcon.colcon_core.package_identification:_identify(src) by extension 'cmake'
[0.204s] Level 1:colcon.colcon_core.package_identification:_identify(src) by extension 'python'
[0.204s] Level 1:colcon.colcon_core.package_identification:_identify(src) by extensions ['python_setup_py']
[0.204s] Level 1:colcon.colcon_core.package_identification:_identify(src) by extension 'python_setup_py'
[0.204s] Level 1:colcon.colcon_core.package_identification:_identify(src/my_cpp_pkg) by extensions ['ignore', 'ignore_ament_install']
[0.204s] Level 1:colcon.colcon_core.package_identification:_identify(src/my_cpp_pkg) by extension 'ignore'
[0.204s] Level 1:colcon.colcon_core.package_identification:_identify(src/my_cpp_pkg) by extension 'ignore_ament_install'
[0.204s] Level 1:colcon.colcon_core.package_identification:_identify(src/my_cpp_pkg) by extensions ['colcon_pkg']
[0.204s] Level 1:colcon.colcon_core.package_identification:_identify(src/my_cpp_pkg) by extension 'colcon_pkg'
[0.204s] Level 1:colcon.colcon_core.package_identification:_identify(src/my_cpp_pkg) by extensions ['colcon_meta']
[0.204s] Level 1:colcon.colcon_core.package_identification:_identify(src/my_cpp_pkg) by extension 'colcon_meta'
[0.204s] Level 1:colcon.colcon_core.package_identification:_identify(src/my_cpp_pkg) by extensions ['ros']
[0.204s] Level 1:colcon.colcon_core.package_identification:_identify(src/my_cpp_pkg) by extension 'ros'
[0.206s] DEBUG:colcon.colcon_core.package_identification:Package 'src/my_cpp_pkg' with type 'ros.ament_cmake' and name 'my_cpp_pkg'
[0.206s] Level 1:colcon.colcon_core.package_identification:_identify(src/my_py_pkg) by extensions ['ignore', 'ignore_ament_install']
[0.206s] Level 1:colcon.colcon_core.package_identification:_identify(src/my_py_pkg) by extension 'ignore'
[0.206s] Level 1:colcon.colcon_core.package_identification:_identify(src/my_py_pkg) by extension 'ignore_ament_install'
[0.206s] Level 1:colcon.colcon_core.package_identification:_identify(src/my_py_pkg) by extensions ['colcon_pkg']
[0.206s] Level 1:colcon.colcon_core.package_identification:_identify(src/my_py_pkg) by extension 'colcon_pkg'
[0.206s] Level 1:colcon.colcon_core.package_identification:_identify(src/my_py_pkg) by extensions ['colcon_meta']
[0.206s] Level 1:colcon.colcon_core.package_identification:_identify(src/my_py_pkg) by extension 'colcon_meta'
[0.206s] Level 1:colcon.colcon_core.package_identification:_identify(src/my_py_pkg) by extensions ['ros']
[0.206s] Level 1:colcon.colcon_core.package_identification:_identify(src/my_py_pkg) by extension 'ros'
[0.206s] DEBUG:colcon.colcon_core.package_identification:Package 'src/my_py_pkg' with type 'ros.ament_python' and name 'my_py_pkg'
[0.207s] Level 1:colcon.colcon_core.package_identification:_identify(src/my_robot_bringup) by extensions ['ignore', 'ignore_ament_install']
[0.207s] Level 1:colcon.colcon_core.package_identification:_identify(src/my_robot_bringup) by extension 'ignore'
[0.207s] Level 1:colcon.colcon_core.package_identification:_identify(src/my_robot_bringup) by extension 'ignore_ament_install'
[0.207s] Level 1:colcon.colcon_core.package_identification:_identify(src/my_robot_bringup) by extensions ['colcon_pkg']
[0.207s] Level 1:colcon.colcon_core.package_identification:_identify(src/my_robot_bringup) by extension 'colcon_pkg'
[0.207s] Level 1:colcon.colcon_core.package_identification:_identify(src/my_robot_bringup) by extensions ['colcon_meta']
[0.207s] Level 1:colcon.colcon_core.package_identification:_identify(src/my_robot_bringup) by extension 'colcon_meta'
[0.207s] Level 1:colcon.colcon_core.package_identification:_identify(src/my_robot_bringup) by extensions ['ros']
[0.207s] Level 1:colcon.colcon_core.package_identification:_identify(src/my_robot_bringup) by extension 'ros'
[0.207s] DEBUG:colcon.colcon_core.package_identification:Package 'src/my_robot_bringup' with type 'ros.ament_cmake' and name 'my_robot_bringup'
[0.207s] Level 1:colcon.colcon_core.package_identification:_identify(src/my_robot_interfaces) by extensions ['ignore', 'ignore_ament_install']
[0.207s] Level 1:colcon.colcon_core.package_identification:_identify(src/my_robot_interfaces) by extension 'ignore'
[0.207s] Level 1:colcon.colcon_core.package_identification:_identify(src/my_robot_interfaces) by extension 'ignore_ament_install'
[0.207s] Level 1:colcon.colcon_core.package_identification:_identify(src/my_robot_interfaces) by extensions ['colcon_pkg']
[0.207s] Level 1:colcon.colcon_core.package_identification:_identify(src/my_robot_interfaces) by extension 'colcon_pkg'
[0.207s] Level 1:colcon.colcon_core.package_identification:_identify(src/my_robot_interfaces) by extensions ['colcon_meta']
[0.207s] Level 1:colcon.colcon_core.package_identification:_identify(src/my_robot_interfaces) by extension 'colcon_meta'
[0.207s] Level 1:colcon.colcon_core.package_identification:_identify(src/my_robot_interfaces) by extensions ['ros']
[0.207s] Level 1:colcon.colcon_core.package_identification:_identify(src/my_robot_interfaces) by extension 'ros'
[0.208s] DEBUG:colcon.colcon_core.package_identification:Package 'src/my_robot_interfaces' with type 'ros.ament_cmake' and name 'my_robot_interfaces'
[0.208s] Level 1:colcon.colcon_core.package_discovery:discover_packages(recursive) using defaults
[0.208s] Level 1:colcon.colcon_core.package_discovery:discover_packages(ignore) discover
[0.208s] Level 1:colcon.colcon_core.package_discovery:discover_packages(ignore) using defaults
[0.208s] Level 1:colcon.colcon_core.package_discovery:discover_packages(path) discover
[0.208s] Level 1:colcon.colcon_core.package_discovery:discover_packages(path) using defaults
[0.223s] Level 5:colcon.colcon_core.verb:set package 'my_cpp_pkg' build argument 'cmake_args' from command line to 'None'
[0.223s] Level 5:colcon.colcon_core.verb:set package 'my_cpp_pkg' build argument 'cmake_target' from command line to 'None'
[0.223s] Level 5:colcon.colcon_core.verb:set package 'my_cpp_pkg' build argument 'cmake_target_skip_unavailable' from command line to 'False'
[0.223s] Level 5:colcon.colcon_core.verb:set package 'my_cpp_pkg' build argument 'cmake_clean_cache' from command line to 'False'
[0.223s] Level 5:colcon.colcon_core.verb:set package 'my_cpp_pkg' build argument 'cmake_clean_first' from command line to 'False'
[0.223s] Level 5:colcon.colcon_core.verb:set package 'my_cpp_pkg' build argument 'cmake_force_configure' from command line to 'False'
[0.223s] Level 5:colcon.colcon_core.verb:set package 'my_cpp_pkg' build argument 'ament_cmake_args' from command line to 'None'
[0.223s] Level 5:colcon.colcon_core.verb:set package 'my_cpp_pkg' build argument 'catkin_cmake_args' from command line to 'None'
[0.223s] Level 5:colcon.colcon_core.verb:set package 'my_cpp_pkg' build argument 'catkin_skip_building_tests' from command line to 'False'
[0.223s] DEBUG:colcon.colcon_core.verb:Building package 'my_cpp_pkg' with the following arguments: {'ament_cmake_args': None, 'build_base': '/home/samuel/Learning_ROS/ros_ws1/build/my_cpp_pkg', 'catkin_cmake_args': None, 'catkin_skip_building_tests': False, 'cmake_args': None, 'cmake_clean_cache': False, 'cmake_clean_first': False, 'cmake_force_configure': False, 'cmake_target': None, 'cmake_target_skip_unavailable': False, 'install_base': '/home/samuel/Learning_ROS/ros_ws1/install/my_cpp_pkg', 'merge_install': False, 'path': '/home/samuel/Learning_ROS/ros_ws1/src/my_cpp_pkg', 'symlink_install': False, 'test_result_base': None}
[0.223s] Level 5:colcon.colcon_core.verb:set package 'my_robot_interfaces' build argument 'cmake_args' from command line to 'None'
[0.223s] Level 5:colcon.colcon_core.verb:set package 'my_robot_interfaces' build argument 'cmake_target' from command line to 'None'
[0.223s] Level 5:colcon.colcon_core.verb:set package 'my_robot_interfaces' build argument 'cmake_target_skip_unavailable' from command line to 'False'
[0.223s] Level 5:colcon.colcon_core.verb:set package 'my_robot_interfaces' build argument 'cmake_clean_cache' from command line to 'False'
[0.223s] Level 5:colcon.colcon_core.verb:set package 'my_robot_interfaces' build argument 'cmake_clean_first' from command line to 'False'
[0.223s] Level 5:colcon.colcon_core.verb:set package 'my_robot_interfaces' build argument 'cmake_force_configure' from command line to 'False'
[0.223s] Level 5:colcon.colcon_core.verb:set package 'my_robot_interfaces' build argument 'ament_cmake_args' from command line to 'None'
[0.223s] Level 5:colcon.colcon_core.verb:set package 'my_robot_interfaces' build argument 'catkin_cmake_args' from command line to 'None'
[0.223s] Level 5:colcon.colcon_core.verb:set package 'my_robot_interfaces' build argument 'catkin_skip_building_tests' from command line to 'False'
[0.223s] DEBUG:colcon.colcon_core.verb:Building package 'my_robot_interfaces' with the following arguments: {'ament_cmake_args': None, 'build_base': '/home/samuel/Learning_ROS/ros_ws1/build/my_robot_interfaces', 'catkin_cmake_args': None, 'catkin_skip_building_tests': False, 'cmake_args': None, 'cmake_clean_cache': False, 'cmake_clean_first': False, 'cmake_force_configure': False, 'cmake_target': None, 'cmake_target_skip_unavailable': False, 'install_base': '/home/samuel/Learning_ROS/ros_ws1/install/my_robot_interfaces', 'merge_install': False, 'path': '/home/samuel/Learning_ROS/ros_ws1/src/my_robot_interfaces', 'symlink_install': False, 'test_result_base': None}
[0.223s] Level 5:colcon.colcon_core.verb:set package 'my_py_pkg' build argument 'cmake_args' from command line to 'None'
[0.223s] Level 5:colcon.colcon_core.verb:set package 'my_py_pkg' build argument 'cmake_target' from command line to 'None'
[0.223s] Level 5:colcon.colcon_core.verb:set package 'my_py_pkg' build argument 'cmake_target_skip_unavailable' from command line to 'False'
[0.223s] Level 5:colcon.colcon_core.verb:set package 'my_py_pkg' build argument 'cmake_clean_cache' from command line to 'False'
[0.224s] Level 5:colcon.colcon_core.verb:set package 'my_py_pkg' build argument 'cmake_clean_first' from command line to 'False'
[0.224s] Level 5:colcon.colcon_core.verb:set package 'my_py_pkg' build argument 'cmake_force_configure' from command line to 'False'
[0.224s] Level 5:colcon.colcon_core.verb:set package 'my_py_pkg' build argument 'ament_cmake_args' from command line to 'None'
[0.224s] Level 5:colcon.colcon_core.verb:set package 'my_py_pkg' build argument 'catkin_cmake_args' from command line to 'None'
[0.224s] Level 5:colcon.colcon_core.verb:set package 'my_py_pkg' build argument 'catkin_skip_building_tests' from command line to 'False'
[0.224s] DEBUG:colcon.colcon_core.verb:Building package 'my_py_pkg' with the following arguments: {'ament_cmake_args': None, 'build_base': '/home/samuel/Learning_ROS/ros_ws1/build/my_py_pkg', 'catkin_cmake_args': None, 'catkin_skip_building_tests': False, 'cmake_args': None, 'cmake_clean_cache': False, 'cmake_clean_first': False, 'cmake_force_configure': False, 'cmake_target': None, 'cmake_target_skip_unavailable': False, 'install_base': '/home/samuel/Learning_ROS/ros_ws1/install/my_py_pkg', 'merge_install': False, 'path': '/home/samuel/Learning_ROS/ros_ws1/src/my_py_pkg', 'symlink_install': False, 'test_result_base': None}
[0.224s] Level 5:colcon.colcon_core.verb:set package 'my_robot_bringup' build argument 'cmake_args' from command line to 'None'
[0.224s] Level 5:colcon.colcon_core.verb:set package 'my_robot_bringup' build argument 'cmake_target' from command line to 'None'
[0.224s] Level 5:colcon.colcon_core.verb:set package 'my_robot_bringup' build argument 'cmake_target_skip_unavailable' from command line to 'False'
[0.224s] Level 5:colcon.colcon_core.verb:set package 'my_robot_bringup' build argument 'cmake_clean_cache' from command line to 'False'
[0.224s] Level 5:colcon.colcon_core.verb:set package 'my_robot_bringup' build argument 'cmake_clean_first' from command line to 'False'
[0.224s] Level 5:colcon.colcon_core.verb:set package 'my_robot_bringup' build argument 'cmake_force_configure' from command line to 'False'
[0.224s] Level 5:colcon.colcon_core.verb:set package 'my_robot_bringup' build argument 'ament_cmake_args' from command line to 'None'
[0.224s] Level 5:colcon.colcon_core.verb:set package 'my_robot_bringup' build argument 'catkin_cmake_args' from command line to 'None'
[0.224s] Level 5:colcon.colcon_core.verb:set package 'my_robot_bringup' build argument 'catkin_skip_building_tests' from command line to 'False'
[0.224s] DEBUG:colcon.colcon_core.verb:Building package 'my_robot_bringup' with the following arguments: {'ament_cmake_args': None, 'build_base': '/home/samuel/Learning_ROS/ros_ws1/build/my_robot_bringup', 'catkin_cmake_args': None, 'catkin_skip_building_tests': False, 'cmake_args': None, 'cmake_clean_cache': False, 'cmake_clean_first': False, 'cmake_force_configure': False, 'cmake_target': None, 'cmake_target_skip_unavailable': False, 'install_base': '/home/samuel/Learning_ROS/ros_ws1/install/my_robot_bringup', 'merge_install': False, 'path': '/home/samuel/Learning_ROS/ros_ws1/src/my_robot_bringup', 'symlink_install': False, 'test_result_base': None}
[0.224s] INFO:colcon.colcon_core.executor:Executing jobs using 'parallel' executor
[0.225s] DEBUG:colcon.colcon_parallel_executor.executor.parallel:run_until_complete
[0.225s] INFO:colcon.colcon_ros.task.ament_cmake.build:Building ROS package in '/home/samuel/Learning_ROS/ros_ws1/src/my_robot_interfaces' with build type 'ament_cmake'
[0.225s] INFO:colcon.colcon_cmake.task.cmake.build:Building CMake package in '/home/samuel/Learning_ROS/ros_ws1/src/my_robot_interfaces'
[0.227s] INFO:colcon.colcon_core.plugin_system:Skipping extension 'colcon_core.shell.bat': Not used on non-Windows systems
[0.227s] INFO:colcon.colcon_core.shell:Skip shell extension 'powershell' for command environment: Not usable outside of PowerShell
[0.227s] DEBUG:colcon.colcon_core.shell:Skip shell extension 'dsv' for command environment
[0.228s] WARNING:colcon.colcon_ros.prefix_path.ament:The path '/home/samuel/Learning_ROS/ros_ws1/install/my_py_pkg' in the environment variable AMENT_PREFIX_PATH doesn't exist
[0.228s] WARNING:colcon.colcon_ros.prefix_path.ament:The path '/home/samuel/Learning_ROS/ros_ws1/install/my_robot_interfaces' in the environment variable AMENT_PREFIX_PATH doesn't exist
[0.228s] WARNING:colcon.colcon_ros.prefix_path.ament:The path '/home/samuel/Learning_ROS/ros_ws1/install/my_robot_bringup' in the environment variable AMENT_PREFIX_PATH doesn't exist
[0.228s] WARNING:colcon.colcon_ros.prefix_path.catkin:The path '/home/samuel/Learning_ROS/ros_ws1/install/my_robot_interfaces' in the environment variable CMAKE_PREFIX_PATH doesn't exist
[0.228s] WARNING:colcon.colcon_ros.prefix_path.catkin:The path '/home/samuel/Learning_ROS/ros_ws1/install/my_robot_bringup' in the environment variable CMAKE_PREFIX_PATH doesn't exist
[0.230s] INFO:colcon.colcon_ros.task.ament_cmake.build:Building ROS package in '/home/samuel/Learning_ROS/ros_ws1/src/my_cpp_pkg' with build type 'ament_cmake'
[0.230s] INFO:colcon.colcon_cmake.task.cmake.build:Building CMake package in '/home/samuel/Learning_ROS/ros_ws1/src/my_cpp_pkg'
[0.231s] INFO:colcon.colcon_core.shell:Skip shell extension 'powershell' for command environment: Not usable outside of PowerShell
[0.231s] DEBUG:colcon.colcon_core.shell:Skip shell extension 'dsv' for command environment
[0.236s] DEBUG:colcon.colcon_core.event_handler.log_command:Invoking command in '/home/samuel/Learning_ROS/ros_ws1/build/my_robot_interfaces': CMAKE_PREFIX_PATH=${CMAKE_PREFIX_PATH}:/home/samuel/Learning_ROS/ros_ws1/install/my_py_pkg:/opt/ros/humble /usr/bin/cmake /home/samuel/Learning_ROS/ros_ws1/src/my_robot_interfaces -DCMAKE_INSTALL_PREFIX=/home/samuel/Learning_ROS/ros_ws1/install/my_robot_interfaces
[0.238s] DEBUG:colcon.colcon_core.event_handler.log_command:Invoking command in '/home/samuel/Learning_ROS/ros_ws1/build/my_cpp_pkg': CMAKE_PREFIX_PATH=${CMAKE_PREFIX_PATH}:/home/samuel/Learning_ROS/ros_ws1/install/my_py_pkg:/opt/ros/humble /usr/bin/cmake /home/samuel/Learning_ROS/ros_ws1/src/my_cpp_pkg -DCMAKE_INSTALL_PREFIX=/home/samuel/Learning_ROS/ros_ws1/install/my_cpp_pkg
[1.203s] DEBUG:colcon.colcon_core.event_handler.log_command:Invoked command in '/home/samuel/Learning_ROS/ros_ws1/build/my_cpp_pkg' returned '0': CMAKE_PREFIX_PATH=${CMAKE_PREFIX_PATH}:/home/samuel/Learning_ROS/ros_ws1/install/my_py_pkg:/opt/ros/humble /usr/bin/cmake /home/samuel/Learning_ROS/ros_ws1/src/my_cpp_pkg -DCMAKE_INSTALL_PREFIX=/home/samuel/Learning_ROS/ros_ws1/install/my_cpp_pkg
[1.205s] DEBUG:colcon.colcon_core.event_handler.log_command:Invoking command in '/home/samuel/Learning_ROS/ros_ws1/build/my_cpp_pkg': CMAKE_PREFIX_PATH=${CMAKE_PREFIX_PATH}:/home/samuel/Learning_ROS/ros_ws1/install/my_py_pkg:/opt/ros/humble /usr/bin/cmake --build /home/samuel/Learning_ROS/ros_ws1/build/my_cpp_pkg -- -j12 -l12
[1.243s] DEBUG:colcon.colcon_core.event_handler.log_command:Invoked command in '/home/samuel/Learning_ROS/ros_ws1/build/my_cpp_pkg' returned '0': CMAKE_PREFIX_PATH=${CMAKE_PREFIX_PATH}:/home/samuel/Learning_ROS/ros_ws1/install/my_py_pkg:/opt/ros/humble /usr/bin/cmake --build /home/samuel/Learning_ROS/ros_ws1/build/my_cpp_pkg -- -j12 -l12
[1.271s] DEBUG:colcon.colcon_core.event_handler.log_command:Invoking command in '/home/samuel/Learning_ROS/ros_ws1/build/my_cpp_pkg': CMAKE_PREFIX_PATH=${CMAKE_PREFIX_PATH}:/home/samuel/Learning_ROS/ros_ws1/install/my_py_pkg:/opt/ros/humble /usr/bin/cmake --install /home/samuel/Learning_ROS/ros_ws1/build/my_cpp_pkg
[1.280s] Level 1:colcon.colcon_core.environment:create_environment_scripts_only(my_cpp_pkg)
[1.281s] DEBUG:colcon.colcon_core.event_handler.log_command:Invoked command in '/home/samuel/Learning_ROS/ros_ws1/build/my_cpp_pkg' returned '0': CMAKE_PREFIX_PATH=${CMAKE_PREFIX_PATH}:/home/samuel/Learning_ROS/ros_ws1/install/my_py_pkg:/opt/ros/humble /usr/bin/cmake --install /home/samuel/Learning_ROS/ros_ws1/build/my_cpp_pkg
[1.283s] Level 1:colcon.colcon_core.environment:checking '/home/samuel/Learning_ROS/ros_ws1/install/my_cpp_pkg' for CMake module files
[1.284s] Level 1:colcon.colcon_core.environment:checking '/home/samuel/Learning_ROS/ros_ws1/install/my_cpp_pkg' for CMake config files
[1.284s] Level 1:colcon.colcon_core.shell:create_environment_hook('my_cpp_pkg', 'cmake_prefix_path')
[1.284s] INFO:colcon.colcon_core.shell:Creating environment hook '/home/samuel/Learning_ROS/ros_ws1/install/my_cpp_pkg/share/my_cpp_pkg/hook/cmake_prefix_path.ps1'
[1.285s] INFO:colcon.colcon_core.shell:Creating environment descriptor '/home/samuel/Learning_ROS/ros_ws1/install/my_cpp_pkg/share/my_cpp_pkg/hook/cmake_prefix_path.dsv'
[1.286s] INFO:colcon.colcon_core.shell:Creating environment hook '/home/samuel/Learning_ROS/ros_ws1/install/my_cpp_pkg/share/my_cpp_pkg/hook/cmake_prefix_path.sh'
[1.287s] Level 1:colcon.colcon_core.environment:checking '/home/samuel/Learning_ROS/ros_ws1/install/my_cpp_pkg/bin'
[1.287s] Level 1:colcon.colcon_core.environment:checking '/home/samuel/Learning_ROS/ros_ws1/install/my_cpp_pkg/lib/pkgconfig/my_cpp_pkg.pc'
[1.289s] Level 1:colcon.colcon_core.environment:checking '/home/samuel/Learning_ROS/ros_ws1/install/my_cpp_pkg/lib/python3.10/site-packages'
[1.290s] Level 1:colcon.colcon_core.environment:checking '/home/samuel/Learning_ROS/ros_ws1/install/my_cpp_pkg/bin'
[1.290s] INFO:colcon.colcon_core.shell:Creating package script '/home/samuel/Learning_ROS/ros_ws1/install/my_cpp_pkg/share/my_cpp_pkg/package.ps1'
[1.291s] INFO:colcon.colcon_core.shell:Creating package descriptor '/home/samuel/Learning_ROS/ros_ws1/install/my_cpp_pkg/share/my_cpp_pkg/package.dsv'
[1.292s] INFO:colcon.colcon_core.shell:Creating package script '/home/samuel/Learning_ROS/ros_ws1/install/my_cpp_pkg/share/my_cpp_pkg/package.sh'
[1.293s] INFO:colcon.colcon_core.shell:Creating package script '/home/samuel/Learning_ROS/ros_ws1/install/my_cpp_pkg/share/my_cpp_pkg/package.bash'
[1.294s] INFO:colcon.colcon_core.shell:Creating package script '/home/samuel/Learning_ROS/ros_ws1/install/my_cpp_pkg/share/my_cpp_pkg/package.zsh'
[1.294s] Level 1:colcon.colcon_core.environment:create_file_with_runtime_dependencies(/home/samuel/Learning_ROS/ros_ws1/install/my_cpp_pkg/share/colcon-core/packages/my_cpp_pkg)
[1.320s] Level 1:colcon.colcon_core.environment:create_environment_scripts_only(my_cpp_pkg)
[1.320s] Level 1:colcon.colcon_core.environment:checking '/home/samuel/Learning_ROS/ros_ws1/install/my_cpp_pkg' for CMake module files
[1.321s] Level 1:colcon.colcon_core.environment:checking '/home/samuel/Learning_ROS/ros_ws1/install/my_cpp_pkg' for CMake config files
[1.321s] Level 1:colcon.colcon_core.shell:create_environment_hook('my_cpp_pkg', 'cmake_prefix_path')
[1.321s] INFO:colcon.colcon_core.shell:Creating environment hook '/home/samuel/Learning_ROS/ros_ws1/install/my_cpp_pkg/share/my_cpp_pkg/hook/cmake_prefix_path.ps1'
[1.321s] INFO:colcon.colcon_core.shell:Creating environment descriptor '/home/samuel/Learning_ROS/ros_ws1/install/my_cpp_pkg/share/my_cpp_pkg/hook/cmake_prefix_path.dsv'
[1.322s] INFO:colcon.colcon_core.shell:Creating environment hook '/home/samuel/Learning_ROS/ros_ws1/install/my_cpp_pkg/share/my_cpp_pkg/hook/cmake_prefix_path.sh'
[1.322s] Level 1:colcon.colcon_core.environment:checking '/home/samuel/Learning_ROS/ros_ws1/install/my_cpp_pkg/bin'
[1.322s] Level 1:colcon.colcon_core.environment:checking '/home/samuel/Learning_ROS/ros_ws1/install/my_cpp_pkg/lib/pkgconfig/my_cpp_pkg.pc'
[1.323s] Level 1:colcon.colcon_core.environment:checking '/home/samuel/Learning_ROS/ros_ws1/install/my_cpp_pkg/lib/python3.10/site-packages'
[1.323s] Level 1:colcon.colcon_core.environment:checking '/home/samuel/Learning_ROS/ros_ws1/install/my_cpp_pkg/bin'
[1.323s] INFO:colcon.colcon_core.shell:Creating package script '/home/samuel/Learning_ROS/ros_ws1/install/my_cpp_pkg/share/my_cpp_pkg/package.ps1'
[1.324s] INFO:colcon.colcon_core.shell:Creating package descriptor '/home/samuel/Learning_ROS/ros_ws1/install/my_cpp_pkg/share/my_cpp_pkg/package.dsv'
[1.324s] INFO:colcon.colcon_core.shell:Creating package script '/home/samuel/Learning_ROS/ros_ws1/install/my_cpp_pkg/share/my_cpp_pkg/package.sh'
[1.324s] INFO:colcon.colcon_core.shell:Creating package script '/home/samuel/Learning_ROS/ros_ws1/install/my_cpp_pkg/share/my_cpp_pkg/package.bash'
[1.325s] INFO:colcon.colcon_core.shell:Creating package script '/home/samuel/Learning_ROS/ros_ws1/install/my_cpp_pkg/share/my_cpp_pkg/package.zsh'
[1.325s] Level 1:colcon.colcon_core.environment:create_file_with_runtime_dependencies(/home/samuel/Learning_ROS/ros_ws1/install/my_cpp_pkg/share/colcon-core/packages/my_cpp_pkg)
[1.531s] DEBUG:colcon.colcon_core.event_handler.log_command:Invoked command in '/home/samuel/Learning_ROS/ros_ws1/build/my_robot_interfaces' returned '0': CMAKE_PREFIX_PATH=${CMAKE_PREFIX_PATH}:/home/samuel/Learning_ROS/ros_ws1/install/my_py_pkg:/opt/ros/humble /usr/bin/cmake /home/samuel/Learning_ROS/ros_ws1/src/my_robot_interfaces -DCMAKE_INSTALL_PREFIX=/home/samuel/Learning_ROS/ros_ws1/install/my_robot_interfaces
[1.533s] DEBUG:colcon.colcon_core.event_handler.log_command:Invoking command in '/home/samuel/Learning_ROS/ros_ws1/build/my_robot_interfaces': CMAKE_PREFIX_PATH=${CMAKE_PREFIX_PATH}:/home/samuel/Learning_ROS/ros_ws1/install/my_py_pkg:/opt/ros/humble /usr/bin/cmake --build /home/samuel/Learning_ROS/ros_ws1/build/my_robot_interfaces -- -j12 -l12
[3.802s] DEBUG:colcon.colcon_core.event_handler.log_command:Invoked command in '/home/samuel/Learning_ROS/ros_ws1/build/my_robot_interfaces' returned '0': CMAKE_PREFIX_PATH=${CMAKE_PREFIX_PATH}:/home/samuel/Learning_ROS/ros_ws1/install/my_py_pkg:/opt/ros/humble /usr/bin/cmake --build /home/samuel/Learning_ROS/ros_ws1/build/my_robot_interfaces -- -j12 -l12
[3.902s] DEBUG:colcon.colcon_core.event_handler.log_command:Invoking command in '/home/samuel/Learning_ROS/ros_ws1/build/my_robot_interfaces': CMAKE_PREFIX_PATH=${CMAKE_PREFIX_PATH}:/home/samuel/Learning_ROS/ros_ws1/install/my_py_pkg:/opt/ros/humble /usr/bin/cmake --install /home/samuel/Learning_ROS/ros_ws1/build/my_robot_interfaces
[3.970s] Level 1:colcon.colcon_core.environment:create_environment_scripts_only(my_robot_interfaces)
[3.970s] DEBUG:colcon.colcon_core.event_handler.log_command:Invoked command in '/home/samuel/Learning_ROS/ros_ws1/build/my_robot_interfaces' returned '0': CMAKE_PREFIX_PATH=${CMAKE_PREFIX_PATH}:/home/samuel/Learning_ROS/ros_ws1/install/my_py_pkg:/opt/ros/humble /usr/bin/cmake --install /home/samuel/Learning_ROS/ros_ws1/build/my_robot_interfaces
[3.970s] Level 1:colcon.colcon_core.environment:checking '/home/samuel/Learning_ROS/ros_ws1/install/my_robot_interfaces' for CMake module files
[3.971s] Level 1:colcon.colcon_core.environment:checking '/home/samuel/Learning_ROS/ros_ws1/install/my_robot_interfaces' for CMake config files
[3.972s] Level 1:colcon.colcon_core.shell:create_environment_hook('my_robot_interfaces', 'cmake_prefix_path')
[3.972s] INFO:colcon.colcon_core.shell:Creating environment hook '/home/samuel/Learning_ROS/ros_ws1/install/my_robot_interfaces/share/my_robot_interfaces/hook/cmake_prefix_path.ps1'
[3.972s] INFO:colcon.colcon_core.shell:Creating environment descriptor '/home/samuel/Learning_ROS/ros_ws1/install/my_robot_interfaces/share/my_robot_interfaces/hook/cmake_prefix_path.dsv'
[3.973s] INFO:colcon.colcon_core.shell:Creating environment hook '/home/samuel/Learning_ROS/ros_ws1/install/my_robot_interfaces/share/my_robot_interfaces/hook/cmake_prefix_path.sh'
[3.973s] Level 1:colcon.colcon_core.environment:checking '/home/samuel/Learning_ROS/ros_ws1/install/my_robot_interfaces/lib'
[3.973s] Level 1:colcon.colcon_core.shell:create_environment_hook('my_robot_interfaces', 'ld_library_path_lib')
[3.973s] INFO:colcon.colcon_core.shell:Creating environment hook '/home/samuel/Learning_ROS/ros_ws1/install/my_robot_interfaces/share/my_robot_interfaces/hook/ld_library_path_lib.ps1'
[3.974s] INFO:colcon.colcon_core.shell:Creating environment descriptor '/home/samuel/Learning_ROS/ros_ws1/install/my_robot_interfaces/share/my_robot_interfaces/hook/ld_library_path_lib.dsv'
[3.974s] INFO:colcon.colcon_core.shell:Creating environment hook '/home/samuel/Learning_ROS/ros_ws1/install/my_robot_interfaces/share/my_robot_interfaces/hook/ld_library_path_lib.sh'
[3.974s] Level 1:colcon.colcon_core.environment:checking '/home/samuel/Learning_ROS/ros_ws1/install/my_robot_interfaces/bin'
[3.975s] Level 1:colcon.colcon_core.environment:checking '/home/samuel/Learning_ROS/ros_ws1/install/my_robot_interfaces/lib/pkgconfig/my_robot_interfaces.pc'
[3.975s] Level 1:colcon.colcon_core.environment:checking '/home/samuel/Learning_ROS/ros_ws1/install/my_robot_interfaces/lib/python3.10/site-packages'
[3.975s] Level 1:colcon.colcon_core.environment:checking '/home/samuel/Learning_ROS/ros_ws1/install/my_robot_interfaces/bin'
[3.975s] INFO:colcon.colcon_core.shell:Creating package script '/home/samuel/Learning_ROS/ros_ws1/install/my_robot_interfaces/share/my_robot_interfaces/package.ps1'
[3.976s] INFO:colcon.colcon_core.shell:Creating package descriptor '/home/samuel/Learning_ROS/ros_ws1/install/my_robot_interfaces/share/my_robot_interfaces/package.dsv'
[3.976s] INFO:colcon.colcon_core.shell:Creating package script '/home/samuel/Learning_ROS/ros_ws1/install/my_robot_interfaces/share/my_robot_interfaces/package.sh'
[3.977s] INFO:colcon.colcon_core.shell:Creating package script '/home/samuel/Learning_ROS/ros_ws1/install/my_robot_interfaces/share/my_robot_interfaces/package.bash'
[3.977s] INFO:colcon.colcon_core.shell:Creating package script '/home/samuel/Learning_ROS/ros_ws1/install/my_robot_interfaces/share/my_robot_interfaces/package.zsh'
[3.977s] Level 1:colcon.colcon_core.environment:create_file_with_runtime_dependencies(/home/samuel/Learning_ROS/ros_ws1/install/my_robot_interfaces/share/colcon-core/packages/my_robot_interfaces)
[4.079s] Level 1:colcon.colcon_core.environment:create_environment_scripts_only(my_robot_interfaces)
[4.079s] Level 1:colcon.colcon_core.environment:checking '/home/samuel/Learning_ROS/ros_ws1/install/my_robot_interfaces' for CMake module files
[4.079s] Level 1:colcon.colcon_core.environment:checking '/home/samuel/Learning_ROS/ros_ws1/install/my_robot_interfaces' for CMake config files
[4.080s] Level 1:colcon.colcon_core.shell:create_environment_hook('my_robot_interfaces', 'cmake_prefix_path')
[4.080s] INFO:colcon.colcon_core.shell:Creating environment hook '/home/samuel/Learning_ROS/ros_ws1/install/my_robot_interfaces/share/my_robot_interfaces/hook/cmake_prefix_path.ps1'
[4.080s] INFO:colcon.colcon_core.shell:Creating environment descriptor '/home/samuel/Learning_ROS/ros_ws1/install/my_robot_interfaces/share/my_robot_interfaces/hook/cmake_prefix_path.dsv'
[4.080s] INFO:colcon.colcon_core.shell:Creating environment hook '/home/samuel/Learning_ROS/ros_ws1/install/my_robot_interfaces/share/my_robot_interfaces/hook/cmake_prefix_path.sh'
[4.081s] Level 1:colcon.colcon_core.environment:checking '/home/samuel/Learning_ROS/ros_ws1/install/my_robot_interfaces/lib'
[4.081s] Level 1:colcon.colcon_core.shell:create_environment_hook('my_robot_interfaces', 'ld_library_path_lib')
[4.081s] INFO:colcon.colcon_core.shell:Creating environment hook '/home/samuel/Learning_ROS/ros_ws1/install/my_robot_interfaces/share/my_robot_interfaces/hook/ld_library_path_lib.ps1'
[4.081s] INFO:colcon.colcon_core.shell:Creating environment descriptor '/home/samuel/Learning_ROS/ros_ws1/install/my_robot_interfaces/share/my_robot_interfaces/hook/ld_library_path_lib.dsv'
[4.081s] INFO:colcon.colcon_core.shell:Creating environment hook '/home/samuel/Learning_ROS/ros_ws1/install/my_robot_interfaces/share/my_robot_interfaces/hook/ld_library_path_lib.sh'
[4.082s] Level 1:colcon.colcon_core.environment:checking '/home/samuel/Learning_ROS/ros_ws1/install/my_robot_interfaces/bin'
[4.082s] Level 1:colcon.colcon_core.environment:checking '/home/samuel/Learning_ROS/ros_ws1/install/my_robot_interfaces/lib/pkgconfig/my_robot_interfaces.pc'
[4.082s] Level 1:colcon.colcon_core.environment:checking '/home/samuel/Learning_ROS/ros_ws1/install/my_robot_interfaces/lib/python3.10/site-packages'
[4.082s] Level 1:colcon.colcon_core.environment:checking '/home/samuel/Learning_ROS/ros_ws1/install/my_robot_interfaces/bin'
[4.082s] INFO:colcon.colcon_core.shell:Creating package script '/home/samuel/Learning_ROS/ros_ws1/install/my_robot_interfaces/share/my_robot_interfaces/package.ps1'
[4.083s] INFO:colcon.colcon_core.shell:Creating package descriptor '/home/samuel/Learning_ROS/ros_ws1/install/my_robot_interfaces/share/my_robot_interfaces/package.dsv'
[4.083s] INFO:colcon.colcon_core.shell:Creating package script '/home/samuel/Learning_ROS/ros_ws1/install/my_robot_interfaces/share/my_robot_interfaces/package.sh'
[4.083s] INFO:colcon.colcon_core.shell:Creating package script '/home/samuel/Learning_ROS/ros_ws1/install/my_robot_interfaces/share/my_robot_interfaces/package.bash'
[4.084s] INFO:colcon.colcon_core.shell:Creating package script '/home/samuel/Learning_ROS/ros_ws1/install/my_robot_interfaces/share/my_robot_interfaces/package.zsh'
[4.084s] Level 1:colcon.colcon_core.environment:create_file_with_runtime_dependencies(/home/samuel/Learning_ROS/ros_ws1/install/my_robot_interfaces/share/colcon-core/packages/my_robot_interfaces)
[4.084s] INFO:colcon.colcon_ros.task.ament_python.build:Building ROS package in '/home/samuel/Learning_ROS/ros_ws1/src/my_py_pkg' with build type 'ament_python'
[4.084s] Level 1:colcon.colcon_core.shell:create_environment_hook('my_py_pkg', 'ament_prefix_path')
[4.084s] INFO:colcon.colcon_core.shell:Creating environment hook '/home/samuel/Learning_ROS/ros_ws1/install/my_py_pkg/share/my_py_pkg/hook/ament_prefix_path.ps1'
[4.085s] INFO:colcon.colcon_core.shell:Creating environment descriptor '/home/samuel/Learning_ROS/ros_ws1/install/my_py_pkg/share/my_py_pkg/hook/ament_prefix_path.dsv'
[4.085s] INFO:colcon.colcon_core.shell:Creating environment hook '/home/samuel/Learning_ROS/ros_ws1/install/my_py_pkg/share/my_py_pkg/hook/ament_prefix_path.sh'
[4.086s] INFO:colcon.colcon_core.shell:Skip shell extension 'powershell' for command environment: Not usable outside of PowerShell
[4.086s] DEBUG:colcon.colcon_core.shell:Skip shell extension 'dsv' for command environment
[4.290s] INFO:colcon.colcon_core.task.python.build:Building Python package in '/home/samuel/Learning_ROS/ros_ws1/src/my_py_pkg'
[4.290s] INFO:colcon.colcon_core.shell:Skip shell extension 'powershell' for command environment: Not usable outside of PowerShell
[4.290s] DEBUG:colcon.colcon_core.shell:Skip shell extension 'dsv' for command environment
[4.577s] DEBUG:colcon.colcon_core.event_handler.log_command:Invoking command in '/home/samuel/Learning_ROS/ros_ws1/src/my_py_pkg': PYTHONPATH=/home/samuel/Learning_ROS/ros_ws1/build/my_py_pkg/prefix_override:/usr/lib/python3/dist-packages/colcon_core/task/python/colcon_distutils_commands:/home/samuel/Learning_ROS/ros_ws1/install/my_py_pkg/lib/python3.10/site-packages:${PYTHONPATH} /usr/bin/python3 -W ignore:setup.py install is deprecated setup.py egg_info --egg-base ../../build/my_py_pkg build --build-base /home/samuel/Learning_ROS/ros_ws1/build/my_py_pkg/build install --record /home/samuel/Learning_ROS/ros_ws1/build/my_py_pkg/install.log --single-version-externally-managed install_data
[4.812s] Level 1:colcon.colcon_core.environment:checking '/home/samuel/Learning_ROS/ros_ws1/install/my_py_pkg' for CMake module files
[4.813s] DEBUG:colcon.colcon_core.event_handler.log_command:Invoked command in '/home/samuel/Learning_ROS/ros_ws1/src/my_py_pkg' returned '0': PYTHONPATH=/home/samuel/Learning_ROS/ros_ws1/build/my_py_pkg/prefix_override:/usr/lib/python3/dist-packages/colcon_core/task/python/colcon_distutils_commands:/home/samuel/Learning_ROS/ros_ws1/install/my_py_pkg/lib/python3.10/site-packages:${PYTHONPATH} /usr/bin/python3 -W ignore:setup.py install is deprecated setup.py egg_info --egg-base ../../build/my_py_pkg build --build-base /home/samuel/Learning_ROS/ros_ws1/build/my_py_pkg/build install --record /home/samuel/Learning_ROS/ros_ws1/build/my_py_pkg/install.log --single-version-externally-managed install_data
[4.814s] Level 1:colcon.colcon_core.environment:checking '/home/samuel/Learning_ROS/ros_ws1/install/my_py_pkg' for CMake config files
[4.814s] Level 1:colcon.colcon_core.environment:checking '/home/samuel/Learning_ROS/ros_ws1/install/my_py_pkg/lib'
[4.814s] Level 1:colcon.colcon_core.environment:checking '/home/samuel/Learning_ROS/ros_ws1/install/my_py_pkg/bin'
[4.815s] Level 1:colcon.colcon_core.environment:checking '/home/samuel/Learning_ROS/ros_ws1/install/my_py_pkg/lib/pkgconfig/my_py_pkg.pc'
[4.815s] Level 1:colcon.colcon_core.environment:checking '/home/samuel/Learning_ROS/ros_ws1/install/my_py_pkg/lib/python3.10/site-packages'
[4.815s] Level 1:colcon.colcon_core.shell:create_environment_hook('my_py_pkg', 'pythonpath')
[4.815s] INFO:colcon.colcon_core.shell:Creating environment hook '/home/samuel/Learning_ROS/ros_ws1/install/my_py_pkg/share/my_py_pkg/hook/pythonpath.ps1'
[4.816s] INFO:colcon.colcon_core.shell:Creating environment descriptor '/home/samuel/Learning_ROS/ros_ws1/install/my_py_pkg/share/my_py_pkg/hook/pythonpath.dsv'
[4.816s] INFO:colcon.colcon_core.shell:Creating environment hook '/home/samuel/Learning_ROS/ros_ws1/install/my_py_pkg/share/my_py_pkg/hook/pythonpath.sh'
[4.817s] Level 1:colcon.colcon_core.environment:checking '/home/samuel/Learning_ROS/ros_ws1/install/my_py_pkg/bin'
[4.817s] Level 1:colcon.colcon_core.environment:create_environment_scripts_only(my_py_pkg)
[4.817s] INFO:colcon.colcon_core.shell:Creating package script '/home/samuel/Learning_ROS/ros_ws1/install/my_py_pkg/share/my_py_pkg/package.ps1'
[4.818s] INFO:colcon.colcon_core.shell:Creating package descriptor '/home/samuel/Learning_ROS/ros_ws1/install/my_py_pkg/share/my_py_pkg/package.dsv'
[4.818s] INFO:colcon.colcon_core.shell:Creating package script '/home/samuel/Learning_ROS/ros_ws1/install/my_py_pkg/share/my_py_pkg/package.sh'
[4.818s] INFO:colcon.colcon_core.shell:Creating package script '/home/samuel/Learning_ROS/ros_ws1/install/my_py_pkg/share/my_py_pkg/package.bash'
[4.819s] INFO:colcon.colcon_core.shell:Creating package script '/home/samuel/Learning_ROS/ros_ws1/install/my_py_pkg/share/my_py_pkg/package.zsh'
[4.819s] Level 1:colcon.colcon_core.environment:create_file_with_runtime_dependencies(/home/samuel/Learning_ROS/ros_ws1/install/my_py_pkg/share/colcon-core/packages/my_py_pkg)
[4.820s] INFO:colcon.colcon_ros.task.ament_cmake.build:Building ROS package in '/home/samuel/Learning_ROS/ros_ws1/src/my_robot_bringup' with build type 'ament_cmake'
[4.820s] INFO:colcon.colcon_cmake.task.cmake.build:Building CMake package in '/home/samuel/Learning_ROS/ros_ws1/src/my_robot_bringup'
[4.820s] INFO:colcon.colcon_core.shell:Skip shell extension 'powershell' for command environment: Not usable outside of PowerShell
[4.820s] DEBUG:colcon.colcon_core.shell:Skip shell extension 'dsv' for command environment
[4.832s] DEBUG:colcon.colcon_core.event_handler.log_command:Invoking command in '/home/samuel/Learning_ROS/ros_ws1/build/my_robot_bringup': CMAKE_PREFIX_PATH=${CMAKE_PREFIX_PATH}:/home/samuel/Learning_ROS/ros_ws1/install/my_py_pkg:/opt/ros/humble PYTHONPATH=/home/samuel/Learning_ROS/ros_ws1/install/my_py_pkg/lib/python3.10/site-packages:/home/samuel/Learning_ROS/ros_ws1/build/my_py_pkg:/home/samuel/Learning_ROS/ros_ws1/install/my_robot_interfaces/local/lib/python3.10/dist-packages:/opt/ros/humble/lib/python3.10/site-packages:/opt/ros/humble/local/lib/python3.10/dist-packages /usr/bin/cmake /home/samuel/Learning_ROS/ros_ws1/src/my_robot_bringup -DCMAKE_INSTALL_PREFIX=/home/samuel/Learning_ROS/ros_ws1/install/my_robot_bringup
[5.408s] DEBUG:colcon.colcon_core.event_handler.log_command:Invoked command in '/home/samuel/Learning_ROS/ros_ws1/build/my_robot_bringup' returned '0': CMAKE_PREFIX_PATH=${CMAKE_PREFIX_PATH}:/home/samuel/Learning_ROS/ros_ws1/install/my_py_pkg:/opt/ros/humble PYTHONPATH=/home/samuel/Learning_ROS/ros_ws1/install/my_py_pkg/lib/python3.10/site-packages:/home/samuel/Learning_ROS/ros_ws1/build/my_py_pkg:/home/samuel/Learning_ROS/ros_ws1/install/my_robot_interfaces/local/lib/python3.10/dist-packages:/opt/ros/humble/lib/python3.10/site-packages:/opt/ros/humble/local/lib/python3.10/dist-packages /usr/bin/cmake /home/samuel/Learning_ROS/ros_ws1/src/my_robot_bringup -DCMAKE_INSTALL_PREFIX=/home/samuel/Learning_ROS/ros_ws1/install/my_robot_bringup
[5.410s] DEBUG:colcon.colcon_core.event_handler.log_command:Invoking command in '/home/samuel/Learning_ROS/ros_ws1/build/my_robot_bringup': CMAKE_PREFIX_PATH=${CMAKE_PREFIX_PATH}:/home/samuel/Learning_ROS/ros_ws1/install/my_py_pkg:/opt/ros/humble PYTHONPATH=/home/samuel/Learning_ROS/ros_ws1/install/my_py_pkg/lib/python3.10/site-packages:/home/samuel/Learning_ROS/ros_ws1/build/my_py_pkg:/home/samuel/Learning_ROS/ros_ws1/install/my_robot_interfaces/local/lib/python3.10/dist-packages:/opt/ros/humble/lib/python3.10/site-packages:/opt/ros/humble/local/lib/python3.10/dist-packages /usr/bin/cmake --build /home/samuel/Learning_ROS/ros_ws1/build/my_robot_bringup -- -j12 -l12
[5.443s] DEBUG:colcon.colcon_core.event_handler.log_command:Invoked command in '/home/samuel/Learning_ROS/ros_ws1/build/my_robot_bringup' returned '0': CMAKE_PREFIX_PATH=${CMAKE_PREFIX_PATH}:/home/samuel/Learning_ROS/ros_ws1/install/my_py_pkg:/opt/ros/humble PYTHONPATH=/home/samuel/Learning_ROS/ros_ws1/install/my_py_pkg/lib/python3.10/site-packages:/home/samuel/Learning_ROS/ros_ws1/build/my_py_pkg:/home/samuel/Learning_ROS/ros_ws1/install/my_robot_interfaces/local/lib/python3.10/dist-packages:/opt/ros/humble/lib/python3.10/site-packages:/opt/ros/humble/local/lib/python3.10/dist-packages /usr/bin/cmake --build /home/samuel/Learning_ROS/ros_ws1/build/my_robot_bringup -- -j12 -l12
[5.466s] DEBUG:colcon.colcon_core.event_handler.log_command:Invoking command in '/home/samuel/Learning_ROS/ros_ws1/build/my_robot_bringup': CMAKE_PREFIX_PATH=${CMAKE_PREFIX_PATH}:/home/samuel/Learning_ROS/ros_ws1/install/my_py_pkg:/opt/ros/humble PYTHONPATH=/home/samuel/Learning_ROS/ros_ws1/install/my_py_pkg/lib/python3.10/site-packages:/home/samuel/Learning_ROS/ros_ws1/build/my_py_pkg:/home/samuel/Learning_ROS/ros_ws1/install/my_robot_interfaces/local/lib/python3.10/dist-packages:/opt/ros/humble/lib/python3.10/site-packages:/opt/ros/humble/local/lib/python3.10/dist-packages /usr/bin/cmake --install /home/samuel/Learning_ROS/ros_ws1/build/my_robot_bringup
[5.476s] Level 1:colcon.colcon_core.environment:create_environment_scripts_only(my_robot_bringup)
[5.476s] DEBUG:colcon.colcon_core.event_handler.log_command:Invoked command in '/home/samuel/Learning_ROS/ros_ws1/build/my_robot_bringup' returned '0': CMAKE_PREFIX_PATH=${CMAKE_PREFIX_PATH}:/home/samuel/Learning_ROS/ros_ws1/install/my_py_pkg:/opt/ros/humble PYTHONPATH=/home/samuel/Learning_ROS/ros_ws1/install/my_py_pkg/lib/python3.10/site-packages:/home/samuel/Learning_ROS/ros_ws1/build/my_py_pkg:/home/samuel/Learning_ROS/ros_ws1/install/my_robot_interfaces/local/lib/python3.10/dist-packages:/opt/ros/humble/lib/python3.10/site-packages:/opt/ros/humble/local/lib/python3.10/dist-packages /usr/bin/cmake --install /home/samuel/Learning_ROS/ros_ws1/build/my_robot_bringup
[5.477s] Level 1:colcon.colcon_core.environment:checking '/home/samuel/Learning_ROS/ros_ws1/install/my_robot_bringup' for CMake module files
[5.477s] Level 1:colcon.colcon_core.environment:checking '/home/samuel/Learning_ROS/ros_ws1/install/my_robot_bringup' for CMake config files
[5.477s] Level 1:colcon.colcon_core.shell:create_environment_hook('my_robot_bringup', 'cmake_prefix_path')
[5.478s] INFO:colcon.colcon_core.shell:Creating environment hook '/home/samuel/Learning_ROS/ros_ws1/install/my_robot_bringup/share/my_robot_bringup/hook/cmake_prefix_path.ps1'
[5.478s] INFO:colcon.colcon_core.shell:Creating environment descriptor '/home/samuel/Learning_ROS/ros_ws1/install/my_robot_bringup/share/my_robot_bringup/hook/cmake_prefix_path.dsv'
[5.478s] INFO:colcon.colcon_core.shell:Creating environment hook '/home/samuel/Learning_ROS/ros_ws1/install/my_robot_bringup/share/my_robot_bringup/hook/cmake_prefix_path.sh'
[5.479s] Level 1:colcon.colcon_core.environment:checking '/home/samuel/Learning_ROS/ros_ws1/install/my_robot_bringup/bin'
[5.479s] Level 1:colcon.colcon_core.environment:checking '/home/samuel/Learning_ROS/ros_ws1/install/my_robot_bringup/lib/pkgconfig/my_robot_bringup.pc'
[5.479s] Level 1:colcon.colcon_core.environment:checking '/home/samuel/Learning_ROS/ros_ws1/install/my_robot_bringup/lib/python3.10/site-packages'
[5.479s] Level 1:colcon.colcon_core.environment:checking '/home/samuel/Learning_ROS/ros_ws1/install/my_robot_bringup/bin'
[5.480s] INFO:colcon.colcon_core.shell:Creating package script '/home/samuel/Learning_ROS/ros_ws1/install/my_robot_bringup/share/my_robot_bringup/package.ps1'
[5.480s] INFO:colcon.colcon_core.shell:Creating package descriptor '/home/samuel/Learning_ROS/ros_ws1/install/my_robot_bringup/share/my_robot_bringup/package.dsv'
[5.480s] INFO:colcon.colcon_core.shell:Creating package script '/home/samuel/Learning_ROS/ros_ws1/install/my_robot_bringup/share/my_robot_bringup/package.sh'
[5.481s] INFO:colcon.colcon_core.shell:Creating package script '/home/samuel/Learning_ROS/ros_ws1/install/my_robot_bringup/share/my_robot_bringup/package.bash'
[5.481s] INFO:colcon.colcon_core.shell:Creating package script '/home/samuel/Learning_ROS/ros_ws1/install/my_robot_bringup/share/my_robot_bringup/package.zsh'
[5.481s] Level 1:colcon.colcon_core.environment:create_file_with_runtime_dependencies(/home/samuel/Learning_ROS/ros_ws1/install/my_robot_bringup/share/colcon-core/packages/my_robot_bringup)
[5.501s] Level 1:colcon.colcon_core.environment:create_environment_scripts_only(my_robot_bringup)
[5.501s] Level 1:colcon.colcon_core.environment:checking '/home/samuel/Learning_ROS/ros_ws1/install/my_robot_bringup' for CMake module files
[5.502s] Level 1:colcon.colcon_core.environment:checking '/home/samuel/Learning_ROS/ros_ws1/install/my_robot_bringup' for CMake config files
[5.502s] Level 1:colcon.colcon_core.shell:create_environment_hook('my_robot_bringup', 'cmake_prefix_path')
[5.502s] INFO:colcon.colcon_core.shell:Creating environment hook '/home/samuel/Learning_ROS/ros_ws1/install/my_robot_bringup/share/my_robot_bringup/hook/cmake_prefix_path.ps1'
[5.503s] INFO:colcon.colcon_core.shell:Creating environment descriptor '/home/samuel/Learning_ROS/ros_ws1/install/my_robot_bringup/share/my_robot_bringup/hook/cmake_prefix_path.dsv'
[5.503s] INFO:colcon.colcon_core.shell:Creating environment hook '/home/samuel/Learning_ROS/ros_ws1/install/my_robot_bringup/share/my_robot_bringup/hook/cmake_prefix_path.sh'
[5.504s] Level 1:colcon.colcon_core.environment:checking '/home/samuel/Learning_ROS/ros_ws1/install/my_robot_bringup/bin'
[5.504s] Level 1:colcon.colcon_core.environment:checking '/home/samuel/Learning_ROS/ros_ws1/install/my_robot_bringup/lib/pkgconfig/my_robot_bringup.pc'
[5.504s] Level 1:colcon.colcon_core.environment:checking '/home/samuel/Learning_ROS/ros_ws1/install/my_robot_bringup/lib/python3.10/site-packages'
[5.504s] Level 1:colcon.colcon_core.environment:checking '/home/samuel/Learning_ROS/ros_ws1/install/my_robot_bringup/bin'
[5.505s] INFO:colcon.colcon_core.shell:Creating package script '/home/samuel/Learning_ROS/ros_ws1/install/my_robot_bringup/share/my_robot_bringup/package.ps1'
[5.505s] INFO:colcon.colcon_core.shell:Creating package descriptor '/home/samuel/Learning_ROS/ros_ws1/install/my_robot_bringup/share/my_robot_bringup/package.dsv'
[5.506s] INFO:colcon.colcon_core.shell:Creating package script '/home/samuel/Learning_ROS/ros_ws1/install/my_robot_bringup/share/my_robot_bringup/package.sh'
[5.506s] INFO:colcon.colcon_core.shell:Creating package script '/home/samuel/Learning_ROS/ros_ws1/install/my_robot_bringup/share/my_robot_bringup/package.bash'
[5.507s] INFO:colcon.colcon_core.shell:Creating package script '/home/samuel/Learning_ROS/ros_ws1/install/my_robot_bringup/share/my_robot_bringup/package.zsh'
[5.509s] Level 1:colcon.colcon_core.environment:create_file_with_runtime_dependencies(/home/samuel/Learning_ROS/ros_ws1/install/my_robot_bringup/share/colcon-core/packages/my_robot_bringup)
[5.509s] DEBUG:colcon.colcon_parallel_executor.executor.parallel:closing loop
[5.510s] DEBUG:colcon.colcon_parallel_executor.executor.parallel:loop closed
[5.510s] DEBUG:colcon.colcon_parallel_executor.executor.parallel:run_until_complete finished with '0'
[5.510s] DEBUG:colcon.colcon_core.event_reactor:joining thread
[5.514s] INFO:colcon.colcon_core.plugin_system:Skipping extension 'colcon_notification.desktop_notification.terminal_notifier': Not used on non-Darwin systems
[5.514s] INFO:colcon.colcon_core.plugin_system:Skipping extension 'colcon_notification.desktop_notification.win32': Not used on non-Windows systems
[5.514s] INFO:colcon.colcon_notification.desktop_notification:Sending desktop notification using 'notify2'
[5.526s] DEBUG:colcon.colcon_core.event_reactor:joined thread
[5.527s] INFO:colcon.colcon_core.shell:Creating prefix script '/home/samuel/Learning_ROS/ros_ws1/install/local_setup.ps1'
[5.528s] INFO:colcon.colcon_core.shell:Creating prefix util module '/home/samuel/Learning_ROS/ros_ws1/install/_local_setup_util_ps1.py'
[5.529s] INFO:colcon.colcon_core.shell:Creating prefix chain script '/home/samuel/Learning_ROS/ros_ws1/install/setup.ps1'
[5.531s] INFO:colcon.colcon_core.shell:Creating prefix script '/home/samuel/Learning_ROS/ros_ws1/install/local_setup.sh'
[5.531s] INFO:colcon.colcon_core.shell:Creating prefix util module '/home/samuel/Learning_ROS/ros_ws1/install/_local_setup_util_sh.py'
[5.532s] INFO:colcon.colcon_core.shell:Creating prefix chain script '/home/samuel/Learning_ROS/ros_ws1/install/setup.sh'
[5.533s] INFO:colcon.colcon_core.shell:Creating prefix script '/home/samuel/Learning_ROS/ros_ws1/install/local_setup.bash'
[5.534s] INFO:colcon.colcon_core.shell:Creating prefix chain script '/home/samuel/Learning_ROS/ros_ws1/install/setup.bash'
[5.535s] INFO:colcon.colcon_core.shell:Creating prefix script '/home/samuel/Learning_ROS/ros_ws1/install/local_setup.zsh'
[5.536s] INFO:colcon.colcon_core.shell:Creating prefix chain script '/home/samuel/Learning_ROS/ros_ws1/install/setup.zsh'
