[0.551s] Invoking command in '/home/samuel/Learning_ROS/final_project_ros2_ws/build/turtle_sim_catch_them_all': AMENT_PREFIX_PATH=/home/samuel/Learning_ROS/final_project_ros2_ws/install/turtlesim_project_interfaces:${AMENT_PREFIX_PATH} CMAKE_PREFIX_PATH=/home/samuel/Learning_ROS/final_project_ros2_ws/install/turtlesim_project_interfaces:${CMAKE_PREFIX_PATH} LD_LIBRARY_PATH=/home/samuel/Learning_ROS/final_project_ros2_ws/install/turtlesim_project_interfaces/lib:${LD_LIBRARY_PATH} PYTHONPATH=/home/samuel/Learning_ROS/final_project_ros2_ws/build/turtle_sim_catch_them_all/prefix_override:/usr/lib/python3/dist-packages/colcon_core/task/python/colcon_distutils_commands:/home/samuel/Learning_ROS/final_project_ros2_ws/install/turtle_sim_catch_them_all/lib/python3.10/site-packages:/home/samuel/Learning_ROS/final_project_ros2_ws/install/turtlesim_project_interfaces/local/lib/python3.10/dist-packages:${PYTHONPATH} /usr/bin/python3 -W ignore:setup.py install is deprecated setup.py develop --uninstall --editable --build-directory /home/samuel/Learning_ROS/final_project_ros2_ws/build/turtle_sim_catch_them_all/build
[0.757s] running develop
[0.881s] Removing /home/samuel/Learning_ROS/final_project_ros2_ws/install/turtle_sim_catch_them_all/lib/python3.10/site-packages/turtle-sim-catch-them-all.egg-link (link to .)
[0.899s] Invoked command in '/home/samuel/Learning_ROS/final_project_ros2_ws/build/turtle_sim_catch_them_all' returned '0': AMENT_PREFIX_PATH=/home/samuel/Learning_ROS/final_project_ros2_ws/install/turtlesim_project_interfaces:${AMENT_PREFIX_PATH} CMAKE_PREFIX_PATH=/home/samuel/Learning_ROS/final_project_ros2_ws/install/turtlesim_project_interfaces:${CMAKE_PREFIX_PATH} LD_LIBRARY_PATH=/home/samuel/Learning_ROS/final_project_ros2_ws/install/turtlesim_project_interfaces/lib:${LD_LIBRARY_PATH} PYTHONPATH=/home/samuel/Learning_ROS/final_project_ros2_ws/build/turtle_sim_catch_them_all/prefix_override:/usr/lib/python3/dist-packages/colcon_core/task/python/colcon_distutils_commands:/home/samuel/Learning_ROS/final_project_ros2_ws/install/turtle_sim_catch_them_all/lib/python3.10/site-packages:/home/samuel/Learning_ROS/final_project_ros2_ws/install/turtlesim_project_interfaces/local/lib/python3.10/dist-packages:${PYTHONPATH} /usr/bin/python3 -W ignore:setup.py install is deprecated setup.py develop --uninstall --editable --build-directory /home/samuel/Learning_ROS/final_project_ros2_ws/build/turtle_sim_catch_them_all/build
[0.901s] Invoking command in '/home/samuel/Learning_ROS/final_project_ros2_ws/src/turtle_sim_catch_them_all': AMENT_PREFIX_PATH=/home/samuel/Learning_ROS/final_project_ros2_ws/install/turtlesim_project_interfaces:${AMENT_PREFIX_PATH} CMAKE_PREFIX_PATH=/home/samuel/Learning_ROS/final_project_ros2_ws/install/turtlesim_project_interfaces:${CMAKE_PREFIX_PATH} LD_LIBRARY_PATH=/home/samuel/Learning_ROS/final_project_ros2_ws/install/turtlesim_project_interfaces/lib:${LD_LIBRARY_PATH} PYTHONPATH=/home/samuel/Learning_ROS/final_project_ros2_ws/build/turtle_sim_catch_them_all/prefix_override:/usr/lib/python3/dist-packages/colcon_core/task/python/colcon_distutils_commands:/home/samuel/Learning_ROS/final_project_ros2_ws/install/turtle_sim_catch_them_all/lib/python3.10/site-packages:/home/samuel/Learning_ROS/final_project_ros2_ws/install/turtlesim_project_interfaces/local/lib/python3.10/dist-packages:${PYTHONPATH} /usr/bin/python3 -W ignore:setup.py install is deprecated setup.py egg_info --egg-base ../../build/turtle_sim_catch_them_all build --build-base /home/samuel/Learning_ROS/final_project_ros2_ws/build/turtle_sim_catch_them_all/build install --record /home/samuel/Learning_ROS/final_project_ros2_ws/build/turtle_sim_catch_them_all/install.log --single-version-externally-managed install_data --force
[1.091s] running egg_info
[1.092s] writing ../../build/turtle_sim_catch_them_all/turtle_sim_catch_them_all.egg-info/PKG-INFO
[1.092s] writing dependency_links to ../../build/turtle_sim_catch_them_all/turtle_sim_catch_them_all.egg-info/dependency_links.txt
[1.092s] writing entry points to ../../build/turtle_sim_catch_them_all/turtle_sim_catch_them_all.egg-info/entry_points.txt
[1.092s] writing requirements to ../../build/turtle_sim_catch_them_all/turtle_sim_catch_them_all.egg-info/requires.txt
[1.092s] writing top-level names to ../../build/turtle_sim_catch_them_all/turtle_sim_catch_them_all.egg-info/top_level.txt
[1.093s] reading manifest file '../../build/turtle_sim_catch_them_all/turtle_sim_catch_them_all.egg-info/SOURCES.txt'
[1.094s] writing manifest file '../../build/turtle_sim_catch_them_all/turtle_sim_catch_them_all.egg-info/SOURCES.txt'
[1.094s] running build
[1.094s] running build_py
[1.094s] copying turtle_sim_catch_them_all/turtle_controller.py -> /home/samuel/Learning_ROS/final_project_ros2_ws/build/turtle_sim_catch_them_all/build/lib/turtle_sim_catch_them_all
[1.095s] copying turtle_sim_catch_them_all/turtle_spawner.py -> /home/samuel/Learning_ROS/final_project_ros2_ws/build/turtle_sim_catch_them_all/build/lib/turtle_sim_catch_them_all
[1.095s] running install
[1.095s] running install_lib
[1.095s] creating /home/samuel/Learning_ROS/final_project_ros2_ws/install/turtle_sim_catch_them_all/lib/python3.10/site-packages/turtle_sim_catch_them_all
[1.095s] copying /home/samuel/Learning_ROS/final_project_ros2_ws/build/turtle_sim_catch_them_all/build/lib/turtle_sim_catch_them_all/turtle_controller.py -> /home/samuel/Learning_ROS/final_project_ros2_ws/install/turtle_sim_catch_them_all/lib/python3.10/site-packages/turtle_sim_catch_them_all
[1.096s] copying /home/samuel/Learning_ROS/final_project_ros2_ws/build/turtle_sim_catch_them_all/build/lib/turtle_sim_catch_them_all/__init__.py -> /home/samuel/Learning_ROS/final_project_ros2_ws/install/turtle_sim_catch_them_all/lib/python3.10/site-packages/turtle_sim_catch_them_all
[1.096s] copying /home/samuel/Learning_ROS/final_project_ros2_ws/build/turtle_sim_catch_them_all/build/lib/turtle_sim_catch_them_all/turtle_spawner.py -> /home/samuel/Learning_ROS/final_project_ros2_ws/install/turtle_sim_catch_them_all/lib/python3.10/site-packages/turtle_sim_catch_them_all
[1.096s] byte-compiling /home/samuel/Learning_ROS/final_project_ros2_ws/install/turtle_sim_catch_them_all/lib/python3.10/site-packages/turtle_sim_catch_them_all/turtle_controller.py to turtle_controller.cpython-310.pyc
[1.096s] byte-compiling /home/samuel/Learning_ROS/final_project_ros2_ws/install/turtle_sim_catch_them_all/lib/python3.10/site-packages/turtle_sim_catch_them_all/__init__.py to __init__.cpython-310.pyc
[1.097s] byte-compiling /home/samuel/Learning_ROS/final_project_ros2_ws/install/turtle_sim_catch_them_all/lib/python3.10/site-packages/turtle_sim_catch_them_all/turtle_spawner.py to turtle_spawner.cpython-310.pyc
[1.097s] running install_data
[1.097s] copying resource/turtle_sim_catch_them_all -> /home/samuel/Learning_ROS/final_project_ros2_ws/install/turtle_sim_catch_them_all/share/ament_index/resource_index/packages
[1.097s] copying package.xml -> /home/samuel/Learning_ROS/final_project_ros2_ws/install/turtle_sim_catch_them_all/share/turtle_sim_catch_them_all
[1.097s] running install_egg_info
[1.098s] Copying ../../build/turtle_sim_catch_them_all/turtle_sim_catch_them_all.egg-info to /home/samuel/Learning_ROS/final_project_ros2_ws/install/turtle_sim_catch_them_all/lib/python3.10/site-packages/turtle_sim_catch_them_all-0.0.0-py3.10.egg-info
[1.099s] running install_scripts
[1.113s] Installing turtle_controller script to /home/samuel/Learning_ROS/final_project_ros2_ws/install/turtle_sim_catch_them_all/lib/turtle_sim_catch_them_all
[1.113s] Installing turtle_spawner script to /home/samuel/Learning_ROS/final_project_ros2_ws/install/turtle_sim_catch_them_all/lib/turtle_sim_catch_them_all
[1.114s] writing list of installed files to '/home/samuel/Learning_ROS/final_project_ros2_ws/build/turtle_sim_catch_them_all/install.log'
[1.130s] Invoked command in '/home/samuel/Learning_ROS/final_project_ros2_ws/src/turtle_sim_catch_them_all' returned '0': AMENT_PREFIX_PATH=/home/samuel/Learning_ROS/final_project_ros2_ws/install/turtlesim_project_interfaces:${AMENT_PREFIX_PATH} CMAKE_PREFIX_PATH=/home/samuel/Learning_ROS/final_project_ros2_ws/install/turtlesim_project_interfaces:${CMAKE_PREFIX_PATH} LD_LIBRARY_PATH=/home/samuel/Learning_ROS/final_project_ros2_ws/install/turtlesim_project_interfaces/lib:${LD_LIBRARY_PATH} PYTHONPATH=/home/samuel/Learning_ROS/final_project_ros2_ws/build/turtle_sim_catch_them_all/prefix_override:/usr/lib/python3/dist-packages/colcon_core/task/python/colcon_distutils_commands:/home/samuel/Learning_ROS/final_project_ros2_ws/install/turtle_sim_catch_them_all/lib/python3.10/site-packages:/home/samuel/Learning_ROS/final_project_ros2_ws/install/turtlesim_project_interfaces/local/lib/python3.10/dist-packages:${PYTHONPATH} /usr/bin/python3 -W ignore:setup.py install is deprecated setup.py egg_info --egg-base ../../build/turtle_sim_catch_them_all build --build-base /home/samuel/Learning_ROS/final_project_ros2_ws/build/turtle_sim_catch_them_all/build install --record /home/samuel/Learning_ROS/final_project_ros2_ws/build/turtle_sim_catch_them_all/install.log --single-version-externally-managed install_data --force
