[0.508s] Invoking command in '/home/samuel/Learning_ROS/final_project_ros2_ws/src/turtle_sim_catch_them_all': AMENT_PREFIX_PATH=/home/samuel/Learning_ROS/final_project_ros2_ws/install/turtlesim_project_interfaces:${AMENT_PREFIX_PATH} CMAKE_PREFIX_PATH=/home/samuel/Learning_ROS/final_project_ros2_ws/install/turtlesim_project_interfaces:${CMAKE_PREFIX_PATH} LD_LIBRARY_PATH=/home/samuel/Learning_ROS/final_project_ros2_ws/install/turtlesim_project_interfaces/lib:${LD_LIBRARY_PATH} PYTHONPATH=/home/samuel/Learning_ROS/final_project_ros2_ws/build/turtle_sim_catch_them_all/prefix_override:/usr/lib/python3/dist-packages/colcon_core/task/python/colcon_distutils_commands:/home/samuel/Learning_ROS/final_project_ros2_ws/install/turtle_sim_catch_them_all/lib/python3.10/site-packages:/home/samuel/Learning_ROS/final_project_ros2_ws/install/turtlesim_project_interfaces/local/lib/python3.10/dist-packages:${PYTHONPATH} /usr/bin/python3 -W ignore:setup.py install is deprecated setup.py egg_info --egg-base ../../build/turtle_sim_catch_them_all build --build-base /home/samuel/Learning_ROS/final_project_ros2_ws/build/turtle_sim_catch_them_all/build install --record /home/samuel/Learning_ROS/final_project_ros2_ws/build/turtle_sim_catch_them_all/install.log --single-version-externally-managed install_data
[0.699s] running egg_info
[0.700s] writing ../../build/turtle_sim_catch_them_all/turtle_sim_catch_them_all.egg-info/PKG-INFO
[0.700s] writing dependency_links to ../../build/turtle_sim_catch_them_all/turtle_sim_catch_them_all.egg-info/dependency_links.txt
[0.700s] writing entry points to ../../build/turtle_sim_catch_them_all/turtle_sim_catch_them_all.egg-info/entry_points.txt
[0.700s] writing requirements to ../../build/turtle_sim_catch_them_all/turtle_sim_catch_them_all.egg-info/requires.txt
[0.701s] writing top-level names to ../../build/turtle_sim_catch_them_all/turtle_sim_catch_them_all.egg-info/top_level.txt
[0.702s] reading manifest file '../../build/turtle_sim_catch_them_all/turtle_sim_catch_them_all.egg-info/SOURCES.txt'
[0.702s] writing manifest file '../../build/turtle_sim_catch_them_all/turtle_sim_catch_them_all.egg-info/SOURCES.txt'
[0.702s] running build
[0.703s] running build_py
[0.703s] copying turtle_sim_catch_them_all/turtle_controller.py -> /home/samuel/Learning_ROS/final_project_ros2_ws/build/turtle_sim_catch_them_all/build/lib/turtle_sim_catch_them_all
[0.703s] copying turtle_sim_catch_them_all/turtle_spawner.py -> /home/samuel/Learning_ROS/final_project_ros2_ws/build/turtle_sim_catch_them_all/build/lib/turtle_sim_catch_them_all
[0.703s] running install
[0.703s] running install_lib
[0.703s] copying /home/samuel/Learning_ROS/final_project_ros2_ws/build/turtle_sim_catch_them_all/build/lib/turtle_sim_catch_them_all/turtle_controller.py -> /home/samuel/Learning_ROS/final_project_ros2_ws/install/turtle_sim_catch_them_all/lib/python3.10/site-packages/turtle_sim_catch_them_all
[0.704s] copying /home/samuel/Learning_ROS/final_project_ros2_ws/build/turtle_sim_catch_them_all/build/lib/turtle_sim_catch_them_all/turtle_spawner.py -> /home/samuel/Learning_ROS/final_project_ros2_ws/install/turtle_sim_catch_them_all/lib/python3.10/site-packages/turtle_sim_catch_them_all
[0.704s] byte-compiling /home/samuel/Learning_ROS/final_project_ros2_ws/install/turtle_sim_catch_them_all/lib/python3.10/site-packages/turtle_sim_catch_them_all/turtle_controller.py to turtle_controller.cpython-310.pyc
[0.705s] byte-compiling /home/samuel/Learning_ROS/final_project_ros2_ws/install/turtle_sim_catch_them_all/lib/python3.10/site-packages/turtle_sim_catch_them_all/turtle_spawner.py to turtle_spawner.cpython-310.pyc
[0.705s] running install_data
[0.705s] running install_egg_info
[0.706s] removing '/home/samuel/Learning_ROS/final_project_ros2_ws/install/turtle_sim_catch_them_all/lib/python3.10/site-packages/turtle_sim_catch_them_all-0.0.0-py3.10.egg-info' (and everything under it)
[0.707s] Copying ../../build/turtle_sim_catch_them_all/turtle_sim_catch_them_all.egg-info to /home/samuel/Learning_ROS/final_project_ros2_ws/install/turtle_sim_catch_them_all/lib/python3.10/site-packages/turtle_sim_catch_them_all-0.0.0-py3.10.egg-info
[0.707s] running install_scripts
[0.721s] Installing turtle_controller script to /home/samuel/Learning_ROS/final_project_ros2_ws/install/turtle_sim_catch_them_all/lib/turtle_sim_catch_them_all
[0.721s] Installing turtle_spawner script to /home/samuel/Learning_ROS/final_project_ros2_ws/install/turtle_sim_catch_them_all/lib/turtle_sim_catch_them_all
[0.722s] writing list of installed files to '/home/samuel/Learning_ROS/final_project_ros2_ws/build/turtle_sim_catch_them_all/install.log'
[0.738s] Invoked command in '/home/samuel/Learning_ROS/final_project_ros2_ws/src/turtle_sim_catch_them_all' returned '0': AMENT_PREFIX_PATH=/home/samuel/Learning_ROS/final_project_ros2_ws/install/turtlesim_project_interfaces:${AMENT_PREFIX_PATH} CMAKE_PREFIX_PATH=/home/samuel/Learning_ROS/final_project_ros2_ws/install/turtlesim_project_interfaces:${CMAKE_PREFIX_PATH} LD_LIBRARY_PATH=/home/samuel/Learning_ROS/final_project_ros2_ws/install/turtlesim_project_interfaces/lib:${LD_LIBRARY_PATH} PYTHONPATH=/home/samuel/Learning_ROS/final_project_ros2_ws/build/turtle_sim_catch_them_all/prefix_override:/usr/lib/python3/dist-packages/colcon_core/task/python/colcon_distutils_commands:/home/samuel/Learning_ROS/final_project_ros2_ws/install/turtle_sim_catch_them_all/lib/python3.10/site-packages:/home/samuel/Learning_ROS/final_project_ros2_ws/install/turtlesim_project_interfaces/local/lib/python3.10/dist-packages:${PYTHONPATH} /usr/bin/python3 -W ignore:setup.py install is deprecated setup.py egg_info --egg-base ../../build/turtle_sim_catch_them_all build --build-base /home/samuel/Learning_ROS/final_project_ros2_ws/build/turtle_sim_catch_them_all/build install --record /home/samuel/Learning_ROS/final_project_ros2_ws/build/turtle_sim_catch_them_all/install.log --single-version-externally-managed install_data
