[0.011s] Invoking command in '/home/samuel/Learning_ROS/ros_ws1/build/my_cpp_pkg': CMAKE_PREFIX_PATH=${CMAKE_PREFIX_PATH}:/home/samuel/Learning_ROS/ros_ws1/install/my_py_pkg:/opt/ros/humble /usr/bin/cmake --build /home/samuel/Learning_ROS/ros_ws1/build/my_cpp_pkg -- -j12 -l12
[0.032s] -- Found ament_cmake: 1.3.10 (/opt/ros/humble/share/ament_cmake/cmake)
[0.137s] -- Found rclcpp: 16.0.10 (/opt/ros/humble/share/rclcpp/cmake)
[0.177s] -- Found rosidl_generator_c: 3.1.5 (/opt/ros/humble/share/rosidl_generator_c/cmake)
[0.179s] -- Found rosidl_adapter: 3.1.5 (/opt/ros/humble/share/rosidl_adapter/cmake)
[0.184s] -- Found rosidl_generator_cpp: 3.1.5 (/opt/ros/humble/share/rosidl_generator_cpp/cmake)
[0.192s] -- Using all available rosidl_typesupport_c: rosidl_typesupport_fastrtps_c;rosidl_typesupport_introspection_c
[0.202s] -- Using all available rosidl_typesupport_cpp: rosidl_typesupport_fastrtps_cpp;rosidl_typesupport_introspection_cpp
[0.227s] -- Found rmw_implementation_cmake: 6.1.2 (/opt/ros/humble/share/rmw_implementation_cmake/cmake)
[0.229s] -- Found rmw_fastrtps_cpp: 6.2.7 (/opt/ros/humble/share/rmw_fastrtps_cpp/cmake)
[0.326s] -- Using RMW implementation 'rmw_fastrtps_cpp' as default
[0.426s] -- Configuring done
[0.434s] -- Generating done
[0.435s] -- Build files have been written to: /home/samuel/Learning_ROS/ros_ws1/build/my_cpp_pkg
[0.469s] [ 50%] [32mBuilding CXX object CMakeFiles/cpp_node.dir/src/my_first_node.cpp.o[0m
[2.529s] [100%] [32m[1mLinking CXX executable cpp_node[0m
[2.635s] [100%] Built target cpp_node
[2.646s] Invoked command in '/home/samuel/Learning_ROS/ros_ws1/build/my_cpp_pkg' returned '0': CMAKE_PREFIX_PATH=${CMAKE_PREFIX_PATH}:/home/samuel/Learning_ROS/ros_ws1/install/my_py_pkg:/opt/ros/humble /usr/bin/cmake --build /home/samuel/Learning_ROS/ros_ws1/build/my_cpp_pkg -- -j12 -l12
[2.679s] Invoking command in '/home/samuel/Learning_ROS/ros_ws1/build/my_cpp_pkg': CMAKE_PREFIX_PATH=${CMAKE_PREFIX_PATH}:/home/samuel/Learning_ROS/ros_ws1/install/my_py_pkg:/opt/ros/humble /usr/bin/cmake --install /home/samuel/Learning_ROS/ros_ws1/build/my_cpp_pkg
[2.685s] -- Install configuration: ""
[2.685s] -- Installing: /home/samuel/Learning_ROS/ros_ws1/install/my_cpp_pkg/lib/my_cpp_pkg/cpp_node
[2.686s] -- Set runtime path of "/home/samuel/Learning_ROS/ros_ws1/install/my_cpp_pkg/lib/my_cpp_pkg/cpp_node" to ""
[2.686s] -- Up-to-date: /home/samuel/Learning_ROS/ros_ws1/install/my_cpp_pkg/share/ament_index/resource_index/package_run_dependencies/my_cpp_pkg
[2.686s] -- Up-to-date: /home/samuel/Learning_ROS/ros_ws1/install/my_cpp_pkg/share/ament_index/resource_index/parent_prefix_path/my_cpp_pkg
[2.686s] -- Up-to-date: /home/samuel/Learning_ROS/ros_ws1/install/my_cpp_pkg/share/my_cpp_pkg/environment/ament_prefix_path.sh
[2.686s] -- Installing: /home/samuel/Learning_ROS/ros_ws1/install/my_cpp_pkg/share/my_cpp_pkg/environment/ament_prefix_path.dsv
[2.686s] -- Up-to-date: /home/samuel/Learning_ROS/ros_ws1/install/my_cpp_pkg/share/my_cpp_pkg/environment/path.sh
[2.686s] -- Installing: /home/samuel/Learning_ROS/ros_ws1/install/my_cpp_pkg/share/my_cpp_pkg/environment/path.dsv
[2.686s] -- Up-to-date: /home/samuel/Learning_ROS/ros_ws1/install/my_cpp_pkg/share/my_cpp_pkg/local_setup.bash
[2.686s] -- Up-to-date: /home/samuel/Learning_ROS/ros_ws1/install/my_cpp_pkg/share/my_cpp_pkg/local_setup.sh
[2.686s] -- Up-to-date: /home/samuel/Learning_ROS/ros_ws1/install/my_cpp_pkg/share/my_cpp_pkg/local_setup.zsh
[2.686s] -- Installing: /home/samuel/Learning_ROS/ros_ws1/install/my_cpp_pkg/share/my_cpp_pkg/local_setup.dsv
[2.686s] -- Installing: /home/samuel/Learning_ROS/ros_ws1/install/my_cpp_pkg/share/my_cpp_pkg/package.dsv
[2.687s] -- Up-to-date: /home/samuel/Learning_ROS/ros_ws1/install/my_cpp_pkg/share/ament_index/resource_index/packages/my_cpp_pkg
[2.687s] -- Up-to-date: /home/samuel/Learning_ROS/ros_ws1/install/my_cpp_pkg/share/my_cpp_pkg/cmake/my_cpp_pkgConfig.cmake
[2.687s] -- Up-to-date: /home/samuel/Learning_ROS/ros_ws1/install/my_cpp_pkg/share/my_cpp_pkg/cmake/my_cpp_pkgConfig-version.cmake
[2.687s] -- Up-to-date: /home/samuel/Learning_ROS/ros_ws1/install/my_cpp_pkg/share/my_cpp_pkg/package.xml
[2.689s] Invoked command in '/home/samuel/Learning_ROS/ros_ws1/build/my_cpp_pkg' returned '0': CMAKE_PREFIX_PATH=${CMAKE_PREFIX_PATH}:/home/samuel/Learning_ROS/ros_ws1/install/my_py_pkg:/opt/ros/humble /usr/bin/cmake --install /home/samuel/Learning_ROS/ros_ws1/build/my_cpp_pkg
