[0.010s] Invoking command in '/home/samuel/Learning_ROS/ros_ws1/build/my_cpp_pkg': CMAKE_PREFIX_PATH=${CMAKE_PREFIX_PATH}:/home/samuel/Learning_ROS/ros_ws1/install/my_py_pkg:/opt/ros/humble /usr/bin/cmake --build /home/samuel/Learning_ROS/ros_ws1/build/my_cpp_pkg -- -j12 -l12
[0.032s] -- Found ament_cmake: 1.3.10 (/opt/ros/humble/share/ament_cmake/cmake)
[0.138s] -- Found rclcpp: 16.0.10 (/opt/ros/humble/share/rclcpp/cmake)
[0.181s] -- Found rosidl_generator_c: 3.1.5 (/opt/ros/humble/share/rosidl_generator_c/cmake)
[0.183s] -- Found rosidl_adapter: 3.1.5 (/opt/ros/humble/share/rosidl_adapter/cmake)
[0.188s] -- Found rosidl_generator_cpp: 3.1.5 (/opt/ros/humble/share/rosidl_generator_cpp/cmake)
[0.196s] -- Using all available rosidl_typesupport_c: rosidl_typesupport_fastrtps_c;rosidl_typesupport_introspection_c
[0.206s] -- Using all available rosidl_typesupport_cpp: rosidl_typesupport_fastrtps_cpp;rosidl_typesupport_introspection_cpp
[0.232s] -- Found rmw_implementation_cmake: 6.1.2 (/opt/ros/humble/share/rmw_implementation_cmake/cmake)
[0.233s] -- Found rmw_fastrtps_cpp: 6.2.7 (/opt/ros/humble/share/rmw_fastrtps_cpp/cmake)
[0.330s] -- Using RMW implementation 'rmw_fastrtps_cpp' as default
[0.369s] -- Found example_interfaces: 0.9.3 (/opt/ros/humble/share/example_interfaces/cmake)
[0.452s] -- Configuring done
[0.465s] -- Generating done
[0.467s] -- Build files have been written to: /home/samuel/Learning_ROS/ros_ws1/build/my_cpp_pkg
[0.492s] [35m[1mConsolidate compiler generated dependencies of target cpp_node[0m
[0.493s] [35m[1mConsolidate compiler generated dependencies of target robot_news_station[0m
[0.502s] [ 16%] [32mBuilding CXX object CMakeFiles/smartphone.dir/src/smartphone.cpp.o[0m
[0.509s] [ 50%] Built target cpp_node
[0.511s] [ 83%] Built target robot_news_station
[6.288s] [100%] [32m[1mLinking CXX executable smartphone[0m
[6.591s] [100%] Built target smartphone
[6.602s] Invoked command in '/home/samuel/Learning_ROS/ros_ws1/build/my_cpp_pkg' returned '0': CMAKE_PREFIX_PATH=${CMAKE_PREFIX_PATH}:/home/samuel/Learning_ROS/ros_ws1/install/my_py_pkg:/opt/ros/humble /usr/bin/cmake --build /home/samuel/Learning_ROS/ros_ws1/build/my_cpp_pkg -- -j12 -l12
[6.640s] Invoking command in '/home/samuel/Learning_ROS/ros_ws1/build/my_cpp_pkg': CMAKE_PREFIX_PATH=${CMAKE_PREFIX_PATH}:/home/samuel/Learning_ROS/ros_ws1/install/my_py_pkg:/opt/ros/humble /usr/bin/cmake --install /home/samuel/Learning_ROS/ros_ws1/build/my_cpp_pkg
[6.649s] -- Install configuration: ""
[6.649s] -- Up-to-date: /home/samuel/Learning_ROS/ros_ws1/install/my_cpp_pkg/lib/my_cpp_pkg/cpp_node
[6.649s] -- Up-to-date: /home/samuel/Learning_ROS/ros_ws1/install/my_cpp_pkg/lib/my_cpp_pkg/robot_news_station
[6.649s] -- Installing: /home/samuel/Learning_ROS/ros_ws1/install/my_cpp_pkg/lib/my_cpp_pkg/smartphone
[6.654s] -- Set runtime path of "/home/samuel/Learning_ROS/ros_ws1/install/my_cpp_pkg/lib/my_cpp_pkg/smartphone" to ""
[6.654s] -- Up-to-date: /home/samuel/Learning_ROS/ros_ws1/install/my_cpp_pkg/share/ament_index/resource_index/package_run_dependencies/my_cpp_pkg
[6.655s] -- Up-to-date: /home/samuel/Learning_ROS/ros_ws1/install/my_cpp_pkg/share/ament_index/resource_index/parent_prefix_path/my_cpp_pkg
[6.655s] -- Up-to-date: /home/samuel/Learning_ROS/ros_ws1/install/my_cpp_pkg/share/my_cpp_pkg/environment/ament_prefix_path.sh
[6.655s] -- Installing: /home/samuel/Learning_ROS/ros_ws1/install/my_cpp_pkg/share/my_cpp_pkg/environment/ament_prefix_path.dsv
[6.655s] -- Up-to-date: /home/samuel/Learning_ROS/ros_ws1/install/my_cpp_pkg/share/my_cpp_pkg/environment/path.sh
[6.655s] -- Installing: /home/samuel/Learning_ROS/ros_ws1/install/my_cpp_pkg/share/my_cpp_pkg/environment/path.dsv
[6.655s] -- Up-to-date: /home/samuel/Learning_ROS/ros_ws1/install/my_cpp_pkg/share/my_cpp_pkg/local_setup.bash
[6.655s] -- Up-to-date: /home/samuel/Learning_ROS/ros_ws1/install/my_cpp_pkg/share/my_cpp_pkg/local_setup.sh
[6.655s] -- Up-to-date: /home/samuel/Learning_ROS/ros_ws1/install/my_cpp_pkg/share/my_cpp_pkg/local_setup.zsh
[6.655s] -- Installing: /home/samuel/Learning_ROS/ros_ws1/install/my_cpp_pkg/share/my_cpp_pkg/local_setup.dsv
[6.655s] -- Installing: /home/samuel/Learning_ROS/ros_ws1/install/my_cpp_pkg/share/my_cpp_pkg/package.dsv
[6.656s] -- Up-to-date: /home/samuel/Learning_ROS/ros_ws1/install/my_cpp_pkg/share/ament_index/resource_index/packages/my_cpp_pkg
[6.656s] -- Up-to-date: /home/samuel/Learning_ROS/ros_ws1/install/my_cpp_pkg/share/my_cpp_pkg/cmake/my_cpp_pkgConfig.cmake
[6.656s] -- Up-to-date: /home/samuel/Learning_ROS/ros_ws1/install/my_cpp_pkg/share/my_cpp_pkg/cmake/my_cpp_pkgConfig-version.cmake
[6.656s] -- Up-to-date: /home/samuel/Learning_ROS/ros_ws1/install/my_cpp_pkg/share/my_cpp_pkg/package.xml
[6.658s] Invoked command in '/home/samuel/Learning_ROS/ros_ws1/build/my_cpp_pkg' returned '0': CMAKE_PREFIX_PATH=${CMAKE_PREFIX_PATH}:/home/samuel/Learning_ROS/ros_ws1/install/my_py_pkg:/opt/ros/humble /usr/bin/cmake --install /home/samuel/Learning_ROS/ros_ws1/build/my_cpp_pkg
