[1.990s] Invoking command in '/root/ros2_ws/build/my_py_pkg': PYTHONPATH=/root/ros2_ws/build/my_py_pkg/prefix_override:/usr/lib/python3/dist-packages/colcon_core/task/python/colcon_distutils_commands:/root/ros2_ws/install/my_py_pkg/lib/python3.10/site-packages:${PYTHONPATH} /usr/bin/python3 -W ignore:setup.py install is deprecated setup.py develop --editable --build-directory /root/ros2_ws/build/my_py_pkg/build --no-deps symlink_data
[2.733s] running develop
[3.194s] running egg_info
[3.195s] writing my_py_pkg.egg-info/PKG-INFO
[3.197s] writing dependency_links to my_py_pkg.egg-info/dependency_links.txt
[3.200s] writing entry points to my_py_pkg.egg-info/entry_points.txt
[3.202s] writing requirements to my_py_pkg.egg-info/requires.txt
[3.205s] writing top-level names to my_py_pkg.egg-info/top_level.txt
[3.234s] reading manifest file 'my_py_pkg.egg-info/SOURCES.txt'
[3.252s] writing manifest file 'my_py_pkg.egg-info/SOURCES.txt'
[3.258s] running build_ext
[3.260s] Creating /root/ros2_ws/install/my_py_pkg/lib/python3.10/site-packages/my-py-pkg.egg-link (link to .)
[3.271s] Installing add_two_ints_client script to /root/ros2_ws/install/my_py_pkg/lib/my_py_pkg
[3.279s] Installing add_two_ints_client_no_oop script to /root/ros2_ws/install/my_py_pkg/lib/my_py_pkg
[3.290s] Installing add_two_ints_server script to /root/ros2_ws/install/my_py_pkg/lib/my_py_pkg
[3.297s] Installing battery_node script to /root/ros2_ws/install/my_py_pkg/lib/my_py_pkg
[3.302s] Installing hw_status_publisher script to /root/ros2_ws/install/my_py_pkg/lib/my_py_pkg
[3.312s] Installing led_panel_node script to /root/ros2_ws/install/my_py_pkg/lib/my_py_pkg
[3.318s] Installing number_counter script to /root/ros2_ws/install/my_py_pkg/lib/my_py_pkg
[3.323s] Installing number_publisher script to /root/ros2_ws/install/my_py_pkg/lib/my_py_pkg
[3.331s] Installing py_node script to /root/ros2_ws/install/my_py_pkg/lib/my_py_pkg
[3.336s] Installing reset_counter_client_node script to /root/ros2_ws/install/my_py_pkg/lib/my_py_pkg
[3.345s] Installing robot_news_station script to /root/ros2_ws/install/my_py_pkg/lib/my_py_pkg
[3.353s] Installing smartphone script to /root/ros2_ws/install/my_py_pkg/lib/my_py_pkg
[3.362s] 
[3.365s] Installed /root/ros2_ws/build/my_py_pkg
[3.367s] running symlink_data
[3.444s] Invoked command in '/root/ros2_ws/build/my_py_pkg' returned '0': PYTHONPATH=/root/ros2_ws/build/my_py_pkg/prefix_override:/usr/lib/python3/dist-packages/colcon_core/task/python/colcon_distutils_commands:/root/ros2_ws/install/my_py_pkg/lib/python3.10/site-packages:${PYTHONPATH} /usr/bin/python3 -W ignore:setup.py install is deprecated setup.py develop --editable --build-directory /root/ros2_ws/build/my_py_pkg/build --no-deps symlink_data
